../drivers/fastboot/fb_common.c:42:6:fastboot_response	24	static
../drivers/fastboot/fb_common.c:63:6:fastboot_fail	0	static
../drivers/fastboot/fb_common.c:74:6:fastboot_okay	0	static
../drivers/fastboot/fb_common.c:92:12:fastboot_set_reboot_flag	0	static
../drivers/fastboot/fb_common.c:116:8:fastboot_get_progress_callback	0	static
../drivers/fastboot/fb_common.c:131:6:fastboot_boot	8	static
../drivers/fastboot/fb_common.c:166:6:fastboot_handle_boot	8	static
../drivers/fastboot/fb_common.c:200:6:fastboot_set_progress_callback	0	static
../drivers/fastboot/fb_common.c:211:6:fastboot_init	0	static
