../drivers/phy/phy-uclass.c:49:27:phy_get_counts	16	static
../drivers/phy/phy-uclass.c:89:12:phy_uclass_pre_probe	8	static
../drivers/phy/phy-uclass.c:98:12:phy_uclass_pre_remove	16	static
../drivers/phy/phy-uclass.c:127:5:generic_phy_get_by_index_nodev	112	static
../drivers/phy/phy-uclass.c:203:5:generic_phy_get_by_index	0	static
../drivers/phy/phy-uclass.c:209:5:generic_phy_get_by_name	16	static
../drivers/phy/phy-uclass.c:228:5:generic_phy_init	40	static
../drivers/phy/phy-uclass.c:256:5:generic_phy_reset	40	static
../drivers/phy/phy-uclass.c:274:5:generic_phy_exit	40	static
../drivers/phy/phy-uclass.c:304:5:generic_phy_power_on	40	static
../drivers/phy/phy-uclass.c:340:5:generic_phy_power_off	48	static
../drivers/phy/phy-uclass.c:375:5:generic_phy_configure	0	static
../drivers/phy/phy-uclass.c:386:5:generic_phy_set_mode	0	static
../drivers/phy/phy-uclass.c:397:5:generic_phy_set_speed	0	static
../drivers/phy/phy-uclass.c:408:5:generic_phy_get_bulk	48	static
../drivers/phy/phy-uclass.c:446:5:generic_phy_init_bulk	40	static
../drivers/phy/phy-uclass.c:468:5:generic_phy_exit_bulk	24	static
../drivers/phy/phy-uclass.c:479:5:generic_phy_power_on_bulk	40	static
../drivers/phy/phy-uclass.c:501:5:generic_phy_power_off_bulk	24	static
../drivers/phy/phy-uclass.c:512:5:generic_setup_phy	16	static
../drivers/phy/phy-uclass.c:531:5:generic_shutdown_phy	8	static
