../arch/arm/lib/cache-cp15.c:21:13:arm_init_before_mmu	0	static
../arch/arm/lib/cache-cp15.c:47:6:set_section_dcache	0	static
../arch/arm/lib/cache-cp15.c:52:13:mmu_page_table_flush	0	static
../arch/arm/lib/cache-cp15.c:57:6:mmu_set_region_dcache_behaviour_phys	16	static
../arch/arm/lib/cache-cp15.c:96:13:dram_bank_mmu_setup	8	static
../arch/arm/lib/cache-cp15.c:277:6:icache_enable	0	static
../arch/arm/lib/cache-cp15.c:282:6:icache_disable	0	static
../arch/arm/lib/cache-cp15.c:287:5:icache_status	0	static
../arch/arm/lib/cache-cp15.c:315:6:dcache_enable	8	static
../arch/arm/lib/cache-cp15.c:320:6:dcache_disable	8	static
../arch/arm/lib/cache-cp15.c:325:5:dcache_status	0	static
../arch/arm/lib/cache-cp15.c:330:6:mmu_set_region_dcache_behaviour	0	static
