../lib/fdtdec.c:660:20:get_prop_check_min_len	16	static
../lib/fdtdec.c:604:12:fdtdec_prepare_fdt	8	static
../lib/fdtdec.c:92:13:fdtdec_get_srcname	0	static
../lib/fdtdec.c:97:13:fdtdec_get_compatible	0	static
../lib/fdtdec.c:211:5:fdtdec_get_pci_vendev	40	static
../lib/fdtdec.c:247:5:fdtdec_get_pci_bar32	8	static
../lib/fdtdec.c:264:5:fdtdec_get_pci_bus_range	16	static
../lib/fdtdec.c:280:10:fdtdec_get_uint64	24	static
../lib/fdtdec.c:293:5:fdtdec_get_is_enabled	8	static
../lib/fdtdec.c:310:20:fdtdec_lookup	24	static
../lib/fdtdec.c:322:5:fdtdec_next_compatible	0	static
../lib/fdtdec.c:327:5:fdtdec_next_compatible_subnode	24	static
../lib/fdtdec.c:342:5:fdtdec_next_alias	72	static
../lib/fdtdec.c:374:5:fdtdec_add_aliases_for_id	56	dynamic
../lib/fdtdec.c:364:5:fdtdec_find_aliases_for_id	24	static
../lib/fdtdec.c:489:5:fdtdec_get_alias_seq	56	static
../lib/fdtdec.c:542:5:fdtdec_get_alias_highest_id	32	static
../lib/fdtdec.c:575:13:fdtdec_get_chosen_prop	16	static
../lib/fdtdec.c:585:5:fdtdec_get_chosen_node	8	static
../lib/fdtdec.c:623:5:fdtdec_check_fdt	8	static
../lib/fdtdec.c:635:5:fdtdec_lookup_phandle	8	static
../lib/fdtdec.c:678:5:fdtdec_get_int_array	32	static
../lib/fdtdec.c:947:12:decode_timing_property	40	static
../lib/fdtdec.c:696:5:fdtdec_get_int_array_count	16	static
../lib/fdtdec.c:716:12:fdtdec_locate_array	24	static
../lib/fdtdec.c:727:5:fdtdec_get_bool	16	static
../lib/fdtdec.c:737:5:fdtdec_parse_phandle_with_args	48	static
../lib/fdtdec.c:861:5:fdtdec_get_byte_array	32	static
../lib/fdtdec.c:873:11:fdtdec_locate_byte_array	24	static
../lib/fdtdec.c:885:5:fdtdec_get_number	8	static
../lib/fdtdec.c:104:12:fdtdec_get_addr_size_fixed	40	static
../lib/fdtdec.c:150:12:fdtdec_get_addr_size_auto_parent	40	static
../lib/fdtdec.c:177:12:fdtdec_get_addr_size_auto_noparent	40	static
../lib/fdtdec.c:196:12:fdtdec_get_addr_size	24	static
../lib/fdtdec.c:206:12:fdtdec_get_addr	0	static
../lib/fdtdec.c:895:5:fdt_get_resource	40	static
../lib/fdtdec.c:934:5:fdt_get_named_resource	24	static
../lib/fdtdec.c:971:5:fdtdec_decode_display_timing	24	static
../lib/fdtdec.c:1039:5:fdtdec_setup_mem_size_base	40	static
../lib/fdtdec.c:1065:8:get_next_memory_node	16	static
../lib/fdtdec.c:1074:5:fdtdec_setup_memory_banksize	40	static
../lib/fdtdec.c:1115:5:fdtdec_setup_mem_size_base_lowest	40	static
../lib/fdtdec.c:1267:5:fdtdec_set_ethernet_mac_address	32	static
../lib/fdtdec.c:1328:5:fdtdec_add_reserved_memory	144	static
../lib/fdtdec.c:1466:5:fdtdec_get_carveout	48	static
../lib/fdtdec.c:1567:5:fdtdec_set_carveout	56	static
../lib/fdtdec.c:1624:12:fdtdec_board_setup	0	static
../lib/fdtdec.c:1664:5:fdtdec_setup	8	static
../lib/fdtdec.c:1707:5:fdtdec_resetup	0	static
../lib/fdtdec.c:1743:5:fdtdec_decode_ram_size	56	static
