../lib/string.c:32:5:strncasecmp	16	static
../lib/string.c:62:5:strcasecmp	0	static
../lib/string.c:75:8:strcpy	0	static
../lib/string.c:96:8:strncpy	8	static
../lib/string.c:140:8:strcat	8	static
../lib/string.c:163:8:strncat	12	static
../lib/string.c:209:5:strcmp	8	static
../lib/string.c:233:5:strncmp	8	static
../lib/string.c:256:8:strchr	0	static
../lib/string.c:265:13:strchrnul	0	static
../lib/string.c:295:8:strlen	0	static
../lib/string.c:121:8:strlcpy	24	static
../lib/string.c:279:8:strrchr	16	static
../lib/string.c:311:8:strnlen	8	static
../lib/string.c:195:8:strlcat	24	static
../lib/string.c:328:8:strcspn	12	static
../lib/string.c:346:8:strdup	16	static
../lib/string.c:359:8:strndup	16	static
../lib/string.c:390:8:strspn	12	static
../lib/string.c:416:8:strpbrk	12	static
../lib/string.c:438:8:strtok	16	static
../lib/string.c:471:8:strsep	16	static
../lib/string.c:495:7:strswab	0	static
../lib/string.c:597:15:memmove	8	static
../lib/string.c:633:12:memcmp	8	static
../lib/string.c:655:8:memscan	8	static
../lib/string.c:669:7:memdup	16	static
../lib/string.c:688:8:strstr	24	static
../lib/string.c:716:7:memchr	8	static
../lib/string.c:748:7:memchr_inv	20	static
