../drivers/reset/reset-uclass.c:38:12:reset_get_by_index_tail.part.0.constprop	32	static
../drivers/reset/reset-uclass.c:80:5:reset_get_by_index	96	static
../drivers/reset/reset-uclass.c:93:5:reset_get_by_index_nodev	96	static
../drivers/reset/reset-uclass.c:147:5:reset_get_by_name	16	static
../drivers/reset/reset-uclass.c:167:5:reset_request	0	static
../drivers/reset/reset-uclass.c:176:5:reset_free	0	static
../drivers/reset/reset-uclass.c:185:5:reset_assert	0	static
../drivers/reset/reset-uclass.c:194:5:reset_assert_bulk	16	static
../drivers/reset/reset-uclass.c:207:5:reset_deassert	0	static
../drivers/reset/reset-uclass.c:216:5:reset_deassert_bulk	16	static
../drivers/reset/reset-uclass.c:229:5:reset_status	0	static
../drivers/reset/reset-uclass.c:238:5:reset_release_all	16	static
../drivers/reset/reset-uclass.c:106:12:__reset_get_bulk.constprop	24	static
../drivers/reset/reset-uclass.c:142:5:reset_get_bulk	0	static
../drivers/reset/reset-uclass.c:266:19:devm_reset_control_get_by_index	16	static
../drivers/reset/reset-uclass.c:285:19:devm_reset_control_get	16	static
../drivers/reset/reset-uclass.c:303:19:devm_reset_control_get_optional	8	static
../drivers/reset/reset-uclass.c:321:24:devm_reset_bulk_get_by_node	16	static
../drivers/reset/reset-uclass.c:343:24:devm_reset_bulk_get_optional_by_node	8	static
../drivers/reset/reset-uclass.c:356:24:devm_reset_bulk_get	0	static
../drivers/reset/reset-uclass.c:361:24:devm_reset_bulk_get_optional	0	static
