../drivers/i2c/i2c-uclass.c:59:12:i2c_setup_offset	20	static
../drivers/i2c/i2c-uclass.c:268:12:i2c_probe_chip	40	static
../drivers/i2c/i2c-uclass.c:725:12:i2c_pre_probe	24	static
../drivers/i2c/i2c-uclass.c:775:12:i2c_post_bind	0	static
../drivers/i2c/i2c-uclass.c:34:6:i2c_dump_msgs	32	static
../drivers/i2c/i2c-uclass.c:134:5:dm_i2c_read	72	static
../drivers/i2c/i2c-uclass.c:164:5:dm_i2c_write	128	static
../drivers/i2c/i2c-uclass.c:214:5:dm_i2c_xfer	16	static
../drivers/i2c/i2c-uclass.c:225:5:dm_i2c_reg_read	16	static
../drivers/i2c/i2c-uclass.c:237:5:dm_i2c_reg_write	16	static
../drivers/i2c/i2c-uclass.c:244:5:dm_i2c_reg_clrset	32	static
../drivers/i2c/i2c-uclass.c:333:5:i2c_get_chip	64	static
../drivers/i2c/i2c-uclass.c:359:5:i2c_get_chip_for_busnum	24	static
../drivers/i2c/i2c-uclass.c:412:5:i2c_get_chip_by_phandle	40	static
../drivers/i2c/i2c-uclass.c:466:5:dm_i2c_probe	16	static
../drivers/i2c/i2c-uclass.c:487:5:dm_i2c_set_bus_speed	24	static
../drivers/i2c/i2c-uclass.c:748:12:i2c_post_probe	16	static
../drivers/i2c/i2c-uclass.c:508:5:dm_i2c_get_bus_speed	16	static
../drivers/i2c/i2c-uclass.c:519:5:i2c_set_chip_flags	24	static
../drivers/i2c/i2c-uclass.c:536:5:i2c_get_chip_flags	8	static
../drivers/i2c/i2c-uclass.c:545:5:i2c_set_chip_offset_len	8	static
../drivers/i2c/i2c-uclass.c:556:5:i2c_get_chip_offset_len	8	static
../drivers/i2c/i2c-uclass.c:563:5:i2c_set_chip_addr_offset_mask	8	static
../drivers/i2c/i2c-uclass.c:572:6:i2c_get_chip_addr_offset_mask	8	static
../drivers/i2c/i2c-uclass.c:595:5:i2c_deblock_gpio_loop	32	static
../drivers/i2c/i2c-uclass.c:695:5:i2c_deblock	48	static
../drivers/i2c/i2c-uclass.c:706:5:i2c_chip_of_to_plat	16	static
../drivers/i2c/i2c-uclass.c:762:12:i2c_child_post_bind	8	static
