../drivers/spi/spi-uclass.c:26:12:spi_set_speed_mode	48	static
../drivers/spi/spi-uclass.c:203:12:spi_child_pre_probe	16	static
../drivers/spi/spi-uclass.c:192:12:spi_post_probe	16	static
../drivers/spi/spi-uclass.c:53:5:dm_spi_claim_bus	32	static
../drivers/spi/spi-uclass.c:86:6:dm_spi_release_bus	0	static
../drivers/spi/spi-uclass.c:95:5:dm_spi_xfer	8	static
../drivers/spi/spi-uclass.c:109:5:dm_spi_get_mmap	8	static
../drivers/spi/spi-uclass.c:123:5:spi_claim_bus	0	static
../drivers/spi/spi-uclass.c:128:6:spi_release_bus	0	static
../drivers/spi/spi-uclass.c:133:5:spi_set_speed	40	static
../drivers/spi/spi-uclass.c:148:5:spi_xfer	0	static
../drivers/spi/spi-uclass.c:154:5:spi_write_then_read	32	static
../drivers/spi/spi-uclass.c:224:5:spi_chip_select	8	static
../drivers/spi/spi-uclass.c:231:5:spi_find_chip_select	56	static
../drivers/spi/spi-uclass.c:290:5:spi_cs_info	16	static
../drivers/spi/spi-uclass.c:275:5:spi_cs_is_valid	16	static
../drivers/spi/spi-uclass.c:304:5:spi_find_bus_and_cs	24	static
../drivers/spi/spi-uclass.c:326:5:spi_get_bus_and_cs	64	static
../drivers/spi/spi-uclass.c:382:5:_spi_get_bus_and_cs	72	static
../drivers/spi/spi-uclass.c:488:19:spi_setup_slave	32	static
../drivers/spi/spi-uclass.c:503:6:spi_free_slave	0	static
../drivers/spi/spi-uclass.c:508:5:spi_slave_of_to_plat	16	static
../drivers/spi/spi-uclass.c:181:12:spi_child_post_bind	8	static
