../drivers/spi/stm32_qspi.c:172:13:_stm32_qspi_write_fifo	0	static
../drivers/spi/stm32_qspi.c:416:12:stm32_qspi_release_bus	8	static
../drivers/spi/stm32_qspi.c:127:12:_stm32_qspi_wait_for_not_busy	32	static
../drivers/spi/stm32_qspi.c:464:12:stm32_qspi_set_mode	16	static
../drivers/spi/stm32_qspi.c:425:12:stm32_qspi_set_speed	24	static
../drivers/spi/stm32_qspi.c:166:13:_stm32_qspi_read_fifo	0	static
../drivers/spi/stm32_qspi.c:394:12:stm32_qspi_claim_bus	16	static
../drivers/spi/stm32_qspi.c:322:12:stm32_qspi_probe	128	static
../drivers/spi/stm32_qspi.c:239:12:stm32_qspi_exec_op	64	static
