../drivers/spi/stm32_spi.c:290:12:stm32_spi_set_mode	16	static
../drivers/spi/stm32_spi.c:122:13:stm32_spi_write_txfifo	16	static
../drivers/spi/stm32_spi.c:155:13:stm32_spi_read_rxfifo	24	static
../drivers/spi/stm32_spi.c:349:12:stm32_spi_set_speed	24	static
../drivers/spi/stm32_spi.c:228:12:stm32_spi_release_bus	8	static
../drivers/spi/stm32_spi.c:216:12:stm32_spi_claim_bus	8	static
../drivers/spi/stm32_spi.c:240:13:stm32_spi_stopxfer	40	static
../drivers/spi/stm32_spi.c:512:12:stm32_spi_of_to_plat	48	static
../drivers/spi/stm32_spi.c:618:12:stm32_spi_remove	24	static
../drivers/spi/stm32_spi.c:547:12:stm32_spi_probe	24	static
../drivers/spi/stm32_spi.c:271:12:stm32_spi_set_cs.isra	24	static
../drivers/spi/stm32_spi.c:385:12:stm32_spi_xfer	56	static
