../drivers/power/regulator/regulator-uclass.c:349:13:regulator_show	16	static
../drivers/power/regulator/regulator-uclass.c:457:12:regulator_pre_probe	16	static
../drivers/power/regulator/regulator-uclass.c:431:12:regulator_post_bind	32	static
../drivers/power/regulator/regulator-uclass.c:18:5:regulator_mode	8	static
../drivers/power/regulator/regulator-uclass.c:32:5:regulator_get_value	8	static
../drivers/power/regulator/regulator-uclass.c:84:5:regulator_set_suspend_value	16	static
../drivers/power/regulator/regulator-uclass.c:101:5:regulator_get_suspend_value	8	static
../drivers/power/regulator/regulator-uclass.c:115:5:regulator_set_value_force	16	static
../drivers/power/regulator/regulator-uclass.c:125:5:regulator_get_current	8	static
../drivers/power/regulator/regulator-uclass.c:135:5:regulator_set_current	16	static
../drivers/power/regulator/regulator-uclass.c:152:5:regulator_get_enable	8	static
../drivers/power/regulator/regulator-uclass.c:53:5:regulator_set_value	32	static
../drivers/power/regulator/regulator-uclass.c:162:5:regulator_set_enable	24	static
../drivers/power/regulator/regulator-uclass.c:193:5:regulator_set_enable_if_allowed	8	static
../drivers/power/regulator/regulator-uclass.c:210:5:regulator_set_suspend_enable	16	static
../drivers/power/regulator/regulator-uclass.c:220:5:regulator_get_suspend_enable	8	static
../drivers/power/regulator/regulator-uclass.c:230:5:regulator_get_mode	8	static
../drivers/power/regulator/regulator-uclass.c:240:5:regulator_set_mode	16	static
../drivers/power/regulator/regulator-uclass.c:250:5:regulator_get_by_platname	24	static
../drivers/power/regulator/regulator-uclass.c:277:5:regulator_get_by_devname	0	static
../drivers/power/regulator/regulator-uclass.c:282:5:device_get_supply_regulator	0	static
../drivers/power/regulator/regulator-uclass.c:289:5:regulator_autoset	16	static
../drivers/power/regulator/regulator-uclass.c:338:5:regulator_unset	8	static
../drivers/power/regulator/regulator-uclass.c:366:5:regulator_autoset_by_name	16	static
../drivers/power/regulator/regulator-uclass.c:382:5:regulator_list_autoset	40	static
../drivers/power/regulator/regulator-uclass.c:508:5:regulators_enable_boot_on	24	static
../drivers/power/regulator/regulator-uclass.c:534:5:regulators_enable_boot_off	24	static
