../cmd/eficonfig.c:136:13:eficonfig_menu_adjust	0	static
../cmd/eficonfig.c:304:14:eficonfig_process_quit	0	static
../cmd/eficonfig.c:487:21:eficonfig_volume_selected	0	static
../cmd/eficonfig.c:1017:14:eficonfig_process_clear_file_selection	0	static
../cmd/eficonfig.c:1575:21:eficonfig_process_boot_selected	0	static
../cmd/eficonfig.c:184:6:eficonfig_print_entry	16	static
../cmd/eficonfig.c:1798:13:eficonfig_print_change_boot_order_entry	16	static
../cmd/eficonfig.c:209:6:eficonfig_display_statusline	40	static
../cmd/eficonfig.c:231:7:eficonfig_choice_entry	40	static
../cmd/eficonfig.c:1831:7:eficonfig_choice_change_boot_order	40	static
../cmd/eficonfig.c:734:12:sort_file	0	static
../cmd/eficonfig.c:1941:21:eficonfig_process_save_boot_order	48	static
../cmd/eficonfig.c:923:21:handle_user_input	32	static
../cmd/eficonfig.c:975:21:eficonfig_boot_add_optional_data	0	static
../cmd/eficonfig.c:959:21:eficonfig_boot_add_enter_description	0	static
../cmd/eficonfig.c:1345:13:fill_file_info.constprop	24	static
../cmd/eficonfig.c:165:6:eficonfig_print_msg	8	static
../cmd/eficonfig.c:546:21:eficonfig_file_selected	24	static
../cmd/eficonfig.c:991:21:eficonfig_boot_edit_save	16	static
../cmd/eficonfig.c:280:6:eficonfig_destroy	24	static
../cmd/eficonfig.c:318:14:eficonfig_append_menu_entry	24	static
../cmd/eficonfig.c:1593:21:eficonfig_add_boot_selection_entry	96	static
../cmd/eficonfig.c:2004:21:eficonfig_add_change_boot_order_entry	80	static
../cmd/eficonfig.c:1187:21:create_boot_option_entry	32	static
../cmd/eficonfig.c:1217:21:prepare_file_selection_entry	48	static
../cmd/eficonfig.c:348:14:eficonfig_append_quit_entry	16	static
../cmd/eficonfig.c:371:7:eficonfig_create_fixed_menu	24	static
../cmd/eficonfig.c:417:14:eficonfig_process_common	48	static
../cmd/eficonfig.c:1041:14:eficonfig_process_show_file_option	24	static
../cmd/eficonfig.c:1072:14:eficonfig_process_select_file	112	static
../cmd/eficonfig.c:2299:12:do_eficonfig	56	static
../cmd/eficonfig.c:1661:21:eficonfig_show_boot_selection	80	static
../cmd/eficonfig.c:2214:21:eficonfig_process_delete_boot_option	16	static
../cmd/eficonfig.c:2153:21:eficonfig_process_change_boot_order	80	static
../cmd/eficonfig.c:507:25:eficonfig_create_device_path	24	static
../cmd/eficonfig.c:1383:21:eficonfig_edit_boot_option	120	static
../cmd/eficonfig.c:1748:21:eficonfig_process_edit_boot_option	64	static
../cmd/eficonfig.c:1538:21:eficonfig_process_add_boot_option	48	static
