../cmd/i2c.c:1952:12:do_i2c	24	static
../cmd/i2c.c:151:12:i2c_get_cur_bus	8	static
../cmd/i2c.c:1819:12:do_i2c_bus_speed	32	static
../cmd/i2c.c:1894:12:do_i2c_reset	16	static
../cmd/i2c.c:172:12:i2c_get_cur_bus_chip	24	static
../cmd/i2c.c:909:12:do_i2c_probe	32	static
../cmd/i2c.c:1768:12:do_i2c_bus_num	16	static
../cmd/i2c.c:1652:13:show_bus	24	static
../cmd/i2c.c:421:12:do_i2c_olen	24	static
../cmd/i2c.c:391:12:do_i2c_flags	24	static
../cmd/i2c.c:1682:12:do_i2c_show_bus	24	static
../cmd/i2c.c:203:13:get_alen.constprop	0	static
../cmd/i2c.c:675:12:do_i2c_crc	40	static
../cmd/i2c.c:760:12:mod_i2c_mem.part.0	56	static
../cmd/i2c.c:1879:12:do_i2c_nm	16	static
../cmd/i2c.c:467:12:do_i2c_md	64	static
../cmd/i2c.c:245:12:do_i2c_read	32	static
../cmd/i2c.c:588:12:do_i2c_mw	32	static
../cmd/i2c.c:299:12:do_i2c_write	40	static
../cmd/i2c.c:985:12:do_i2c_loop	48	static
../cmd/i2c.c:1863:12:do_i2c_mm	16	static
../cmd/i2c.c:194:6:i2c_init_board	0	static
