../cmd/usb.c:34:14:usb_get_class_desc	0	static
../cmd/usb.c:60:13:usb_display_class_sub	16	static
../cmd/usb.c:152:13:usb_display_desc	32	static
../cmd/usb.c:336:13:usb_show_tree_graph	48	static
../cmd/usb.c:445:13:usb_show_subtree	40	static
../cmd/usb.c:456:13:usb_for_each_root_dev	16	static
../cmd/usb.c:142:13:usb_display_string	328	static
../cmd/usb.c:246:13:usb_display_config	40	static
../cmd/usb.c:599:13:usb_show_info	16	static
../cmd/usb.c:271:27:usb_find_device	24	static
../cmd/usb.c:561:12:do_usbboot	0	static
../cmd/usb.c:579:13:do_usb_start	8	static
../cmd/usb.c:478:6:usb_show_tree	0	static
../cmd/usb.c:623:12:do_usb	48	static
