../boot/image.c:234:5:image_check_hcrc	72	static
../boot/image.c:249:5:image_check_dcrc	8	static
../boot/image.c:271:7:image_multi_count	0	static
../boot/image.c:304:6:image_multi_getimg	24	static
../boot/image.c:429:5:image_decomp_type	16	static
../boot/image.c:537:22:get_table_entry	0	static
../boot/image.c:675:20:genimg_get_short_name	8	static
../boot/image.c:568:13:genimg_get_cat_name	16	static
../boot/image.c:588:13:genimg_get_cat_short_name	16	static
../boot/image.c:598:5:genimg_get_cat_count	0	static
../boot/image.c:603:13:genimg_get_cat_desc	0	static
../boot/image.c:618:6:genimg_cat_has_id	8	static
../boot/image.c:640:7:get_table_entry_name	8	static
../boot/image.c:648:13:genimg_get_os_name	0	static
../boot/image.c:653:13:genimg_get_arch_name	0	static
../boot/image.c:659:13:genimg_get_type_name	0	static
../boot/image.c:444:5:image_decomp	24	static
../boot/image.c:664:13:genimg_get_comp_name	0	static
../boot/image.c:364:6:image_print_contents	40	static
../boot/image.c:670:13:genimg_get_phase_name	0	static
../boot/image.c:683:13:genimg_get_type_short_name	0	static
../boot/image.c:688:13:genimg_get_comp_short_name	0	static
../boot/image.c:693:13:genimg_get_os_short_name	0	static
../boot/image.c:698:13:genimg_get_arch_short_name	0	static
../boot/image.c:717:5:get_table_entry_id	16	static
../boot/image.c:731:5:genimg_get_os_id	0	static
../boot/image.c:736:5:genimg_get_arch_id	0	static
../boot/image.c:741:5:genimg_get_type_id	0	static
../boot/image.c:746:5:genimg_get_comp_id	0	static
../boot/image.c:751:5:genimg_get_phase_id	0	static
