../drivers/net/dwc_eth_qos.c:1623:5:eqos_null_ops	0	static
../drivers/net/dwc_eth_qos.c:94:6:eqos_inval_desc_generic	0	static
../drivers/net/dwc_eth_qos.c:120:6:eqos_inval_buffer_generic	0	static
../drivers/net/dwc_eth_qos.c:103:6:eqos_flush_desc_generic	0	static
../drivers/net/dwc_eth_qos.c:134:6:eqos_flush_buffer_generic	0	static
../drivers/net/dwc_eth_qos.c:710:12:eqos_read_rom_hwaddr	16	static
../drivers/net/dwc_eth_qos.c:666:12:eqos_write_hwaddr	16	static
../drivers/net/dwc_eth_qos.c:1215:12:eqos_free_pkt	40	static
../drivers/net/dwc_eth_qos.c:1192:12:eqos_recv	16	static
../drivers/net/dwc_eth_qos.c:1097:13:eqos_stop	16	static
../drivers/net/dwc_eth_qos.c:1150:12:eqos_send	16	static
../drivers/net/dwc_eth_qos.c:741:12:eqos_start	120	static
../drivers/net/dwc_eth_qos.c:496:14:eqos_get_tick_clk_rate_stm32	8	static
../drivers/net/dwc_eth_qos.c:298:12:eqos_start_clks_stm32	48	static
../drivers/net/dwc_eth_qos.c:368:12:eqos_stop_clks_stm32	8	static
../drivers/net/dwc_eth_qos.c:1506:12:eqos_remove_resources_stm32	8	static
../drivers/net/dwc_eth_qos.c:1426:12:eqos_probe_resources_stm32	40	static
../drivers/net/dwc_eth_qos.c:1340:12:eqos_remove_resources_core.isra	8	static
../drivers/net/dwc_eth_qos.c:1606:12:eqos_remove	16	static
../drivers/net/dwc_eth_qos.c:143:12:eqos_mdio_wait_idle.isra	16	static
../drivers/net/dwc_eth_qos.c:150:12:eqos_mdio_read	32	static
../drivers/net/dwc_eth_qos.c:194:12:eqos_mdio_write	32	static
../drivers/net/dwc_eth_qos.c:1524:12:eqos_probe	40	static
