../disk/part_efi.c:66:14:print_efiname	16	static
../disk/part_efi.c:315:12:part_test_efi	16	dynamic
../disk/part_efi.c:175:13:prepare_backup_gpt_header	24	static
../disk/part_efi.c:93:12:validate_gpt_header	40	static
../disk/part_efi.c:1019:12:is_gpt_valid	56	dynamic
../disk/part_efi.c:724:12:write_one_gpt_table	24	static
../disk/part_efi.c:535:17:partition_entries_offset	16	static
../disk/part_efi.c:1167:12:is_pte_valid.part.0	24	static
../disk/part_efi.c:1086:12:find_valid_gpt.constprop	24	static
../disk/part_efi.c:262:5:part_get_info_efi	40	dynamic
../disk/part_efi.c:220:6:part_print_efi	72	dynamic
../disk/part_efi.c:202:5:get_disk_guid	32	dynamic
../disk/part_efi.c:368:5:write_gpt_table	40	dynamic
../disk/part_efi.c:415:5:gpt_fill_pte	56	static
../disk/part_efi.c:581:5:gpt_fill_header	24	static
../disk/part_efi.c:605:5:gpt_restore	40	static
../disk/part_efi.c:672:5:gpt_verify_headers	32	static
../disk/part_efi.c:748:5:gpt_repair_headers	48	dynamic
../disk/part_efi.c:792:5:gpt_verify_partitions	112	static
../disk/part_efi.c:870:5:is_valid_gpt_buf	24	static
../disk/part_efi.c:890:5:write_mbr_and_gpt_partitions	40	static
