../common/spl/spl.c:428:12:spl_common_init.constprop	8	static
../common/spl/spl.c:121:13:spl_perform_fixups	0	static
../common/spl/spl.c:125:6:spl_fixup_fdt	8	static
../common/spl/spl.c:154:7:spl_get_image_pos	0	static
../common/spl/spl.c:168:7:spl_get_image_size	0	static
../common/spl/spl.c:182:7:spl_get_image_text_base	0	static
../common/spl/spl.c:197:13:spl_board_prepare_for_linux	0	static
../common/spl/spl.c:202:13:spl_board_prepare_for_optee	0	static
../common/spl/spl.c:206:20:spl_board_loader_name	0	static
../common/spl/spl.c:219:13:spl_board_prepare_for_boot	0	static
../common/spl/spl.c:224:31:spl_get_load_buffer	0	static
../common/spl/spl.c:230:6:spl_set_header_raw_uboot	8	static
../common/spl/spl.c:259:12:spl_parse_board_header	0	static
../common/spl/spl.c:266:12:spl_parse_legacy_header	0	static
../common/spl/spl.c:274:5:spl_parse_image_header	16	static
../common/spl/spl.c:355:24:jump_to_image_no_args	8	static
../common/spl/spl.c:483:6:spl_set_bd	0	static
../common/spl/spl.c:493:5:spl_early_init	8	static
../common/spl/spl.c:507:5:spl_init	8	static
../common/spl/spl.c:529:13:board_boot_order	8	static
../common/spl/spl.c:534:12:spl_check_board_image	0	static
../common/spl/spl.c:637:6:board_init_r	88	static
../common/spl/spl.c:798:6:preloader_console_init	8	static
../common/spl/spl.c:821:13:spl_relocate_stack_check	0	static
../common/spl/spl.c:857:7:spl_relocate_stack_gd	0	static
