../net/eth-uclass.c:59:32:eth_get_uclass_priv	16	static
../net/eth-uclass.c:612:12:eth_pre_remove	16	static
../net/eth-uclass.c:496:12:eth_post_bind	16	static
../net/eth-uclass.c:226:12:eth_write_hwaddr.isra	8	static
../net/eth-uclass.c:552:12:eth_post_probe	32	static
../net/eth-uclass.c:258:12:on_ethaddr	24	static
../net/eth-uclass.c:53:12:board_interface_eth_init	0	static
../net/eth-uclass.c:72:6:eth_set_enable_bootdevs	8	static
../net/eth-uclass.c:80:6:eth_set_current_to_next	8	static
../net/eth-uclass.c:100:17:eth_get_dev	16	static
../net/eth-uclass.c:125:6:eth_set_dev	8	static
../net/eth-uclass.c:519:12:eth_pre_unbind	8	static
../net/eth-uclass.c:140:17:eth_get_dev_by_name	32	static
../net/eth-uclass.c:177:16:eth_get_ethaddr	8	static
../net/eth-uclass.c:190:5:eth_init_state_only	8	static
../net/eth-uclass.c:206:6:eth_halt_state_only	8	static
../net/eth-uclass.c:219:5:eth_get_dev_index	8	static
../net/eth-uclass.c:286:5:eth_init	32	static
../net/eth-uclass.c:350:6:eth_halt	16	static
../net/eth-uclass.c:368:5:eth_is_active	8	static
../net/eth-uclass.c:379:5:eth_send	16	static
../net/eth-uclass.c:403:5:eth_rx	24	static
../net/eth-uclass.c:439:5:eth_initialize	40	static
