../net/net.c:384:13:net_clear_handlers	0	static
../net/net.c:768:13:start_again_timeout_handler	0	static
../net/net.c:832:13:dummy_handler	0	static
../net/net.c:218:12:on_ipaddr	8	static
../net/net.c:230:12:on_gatewayip	8	static
../net/net.c:242:12:on_netmask	8	static
../net/net.c:254:12:on_serverip	8	static
../net/net.c:352:12:net_init_loop	8	static
../net/net.c:396:5:net_init	8	static
../net/net.c:773:5:net_start_again	16	static
../net/net.c:838:11:net_get_udp_handler	0	static
../net/net.c:843:6:net_set_udp_handler	0	static
../net/net.c:852:11:net_get_arp_handler	0	static
../net/net.c:857:6:net_set_arp_handler	0	static
../net/net.c:873:6:net_set_timeout_handler	8	static
../net/net.c:888:8:net_get_async_tx_pkt_buf	8	static
../net/net.c:1191:6:net_process_received_packet	40	static
../net/net.c:1582:1:net_eth_hdr_size	0	static
../net/net.c:1594:5:net_set_ether	24	static
../net/net.c:1619:5:net_update_ether	16	static
../net/net.c:1642:6:net_set_ip_header	16	static
../net/net.c:1667:6:net_set_udp_header	32	static
../net/net.c:913:5:net_send_ip_packet	40	static
../net/net.c:896:5:net_send_udp_packet	32	static
../net/net.c:1689:6:copy_filename	0	static
../net/net.c:1701:5:is_serverip_in_cmd	8	static
../net/net.c:1470:12:net_check_prereq	8	static
../net/net.c:308:6:net_auto_load	8	static
../net/net.c:430:5:net_loop	40	static
../net/net.c:1706:5:net_parse_bootfile	24	static
../net/net.c:1731:6:ip_to_string	16	static
../net/net.c:1742:6:vlan_to_string	0	static
../net/net.c:1755:8:string_to_vlan	8	static
../net/net.c:266:12:on_nvlan	8	static
../net/net.c:278:12:on_vlan	8	static
../net/net.c:1770:8:env_get_vlan	8	static
