../fs/fat/fat.c:33:13:downcase	8	static
../fs/fat/fat.c:774:13:fat_itr_child	12	static
../fs/fat/fat.c:48:12:disk_read	16	static
../fs/fat/fat_write.c:195:12:disk_write	16	static
../fs/fat/fat_write.c:218:12:flush_dirty_fat_buffer	24	static
../fs/fat/fat.c:164:14:get_fatent	48	static
../fs/fat/fat.c:249:1:get_cluster	40	dynamic
../fs/fat/fat.c:490:1:read_bootsectandvi	24	static
../fs/fat/fat.c:740:12:fat_itr_root	144	static
../fs/fat/fat_write.c:579:1:set_sectors	40	dynamic
../fs/fat/fat_write.c:655:12:flush_dir	24	static
../fs/fat/fat_write.c:1488:12:delete_single_dentry	16	static
../fs/fat/fat.c:1194:28:fat2rtc	8	static
../fs/fat/fat_write.c:1290:12:normalize_longname	40	static
../fs/fat/fat_write.c:50:12:str2fat	32	static
../fs/fat/fat_write.c:1208:12:split_filename.isra	32	static
../fs/fat/fat_write.c:441:12:set_fatent_value.isra	32	static
../fs/fat/fat_write.c:865:12:clear_fatent.isra	24	static
../fs/fat/fat_write.c:548:14:determine_fatent	16	static
../fs/fat/fat_write.c:929:1:set_contents	112	static
../fs/fat/fat.c:63:5:fat_set_blk_dev	24	dynamic
../fs/fat/fat.c:92:5:fat_register_device	192	static
../fs/fat/fat.c:808:7:fat_next_cluster	24	static
../fs/fat/fat.c:875:19:next_dent	16	static
../fs/fat/fat.c:960:12:fat_itr_next	56	static
../fs/fat/fat.c:1057:12:fat_itr_resolve	32	static
../fs/fat/fat_write.c:1184:19:find_directory_entry	16	static
../fs/fat/fat_write.c:396:1:fill_dir_slot	672	static
../fs/fat/fat_write.c:78:12:fat_move_to_cluster	24	static
../fs/fat/fat_write.c:105:12:set_name	80	static
../fs/fat/fat_write.c:263:12:fat_find_empty_dentries	56	static
../fs/fat/fat.c:1135:5:file_fat_detectfs	120	static
../fs/fat/fat.c:1167:5:fat_exists	64	static
../fs/fat/fat.c:1209:5:fat_size	72	static
../fs/fat/fat.c:1246:5:fat_read_file	112	static
../fs/fat/fat.c:1278:5:file_fat_read	32	static
../fs/fat/fat.c:1297:5:fat_opendir	24	static
../fs/fat/fat.c:1325:5:fat_readdir	16	static
../fs/fat/fat.c:1356:6:fat_closedir	8	static
../fs/fat/fat.c:1363:6:fat_close	0	static
../fs/fat/fat.c:1367:5:fat_uuid	120	static
../fs/fat/fat_write.c:1312:5:file_fat_write_at	392	static
../fs/fat/fat_write.c:1439:5:file_fat_write	40	static
../fs/fat/fat_write.c:1566:5:fat_unlink	152	static
../fs/fat/fat_write.c:1631:5:fat_mkdir	392	static
