../drivers/adc/adc-uclass.c:52:12:adc_supply_enable	32	static
../drivers/adc/adc-uclass.c:271:12:adc_vdd_plat_update	8	static
../drivers/adc/adc-uclass.c:294:12:adc_vss_plat_update	8	static
../drivers/adc/adc-uclass.c:420:12:adc_pre_probe	32	static
../drivers/adc/adc-uclass.c:32:12:check_channel	24	static
../drivers/adc/adc-uclass.c:72:5:adc_data_mask	8	static
../drivers/adc/adc-uclass.c:83:5:adc_channel_mask	8	static
../drivers/adc/adc-uclass.c:95:5:adc_stop	8	static
../drivers/adc/adc-uclass.c:105:5:adc_start_channel	16	static
../drivers/adc/adc-uclass.c:124:5:adc_start_channels	16	static
../drivers/adc/adc-uclass.c:143:5:adc_channel_data	32	static
../drivers/adc/adc-uclass.c:169:5:adc_channels_data	32	static
../drivers/adc/adc-uclass.c:196:5:adc_channel_single_shot	24	static
../drivers/adc/adc-uclass.c:244:5:adc_channels_single_shot	32	static
../drivers/adc/adc-uclass.c:311:5:adc_vdd_value	24	static
../drivers/adc/adc-uclass.c:329:5:adc_vss_value	24	static
../drivers/adc/adc-uclass.c:347:5:adc_raw_to_uV	40	static
