../lib/efi_loader/efi_var_mem.c:32:1:efi_var_mem_compare	20	static
../lib/efi_loader/efi_var_mem.c:242:1:efi_var_mem_notify_virtual_address_map	8	static
../lib/efi_loader/efi_var_mem.c:66:2:efi_var_mem_find	40	static
../lib/efi_loader/efi_var_mem.c:318:1:efi_get_next_variable_name_mem	32	static
../lib/efi_loader/efi_var_mem.c:281:1:efi_get_variable_mem	24	static
../lib/efi_loader/efi_var_mem.c:111:20:efi_var_mem_del	24	static
../lib/efi_loader/efi_var_mem.c:225:1:efi_var_mem_notify_exit_boot_services	16	static
../lib/efi_loader/efi_var_mem.c:138:28:efi_var_mem_ins	48	static
../lib/efi_loader/efi_var_mem.c:178:19:efi_var_mem_free	0	static
../lib/efi_loader/efi_var_mem.c:248:14:efi_var_mem_init	40	static
../lib/efi_loader/efi_var_mem.c:354:6:efi_var_buf_update	0	static
