../lib/efi_loader/efi_file.c:1059:28:efi_file_flush_ex	16	static
../lib/efi_loader/efi_file.c:766:28:efi_file_getpos	16	static
../lib/efi_loader/efi_file.c:491:13:rtc2efi	16	static
../lib/efi_loader/efi_file.c:56:12:set_blk_dev.isra	0	static
../lib/efi_loader/efi_file.c:175:32:file_open	72	static
../lib/efi_loader/efi_file.c:387:28:efi_file_delete	16	static
../lib/efi_loader/efi_file.c:408:21:efi_get_file_size	16	static
../lib/efi_loader/efi_file.c:936:28:efi_file_setinfo	40	static
../lib/efi_loader/efi_file.c:656:21:efi_file_write_int	40	static
../lib/efi_loader/efi_file.c:733:28:efi_file_write_ex	16	static
../lib/efi_loader/efi_file.c:708:28:efi_file_write	16	static
../lib/efi_loader/efi_file.c:1036:28:efi_file_flush	8	static
../lib/efi_loader/efi_file.c:381:28:efi_file_close	8	static
../lib/efi_loader/efi_file.c:835:28:efi_file_getinfo	200	static
../lib/efi_loader/efi_file.c:251:14:efi_file_open_int	40	static
../lib/efi_loader/efi_file.c:339:28:efi_file_open_ex	40	static
../lib/efi_loader/efi_file.c:310:28:efi_file_open	32	static
../lib/efi_loader/efi_file.c:374:14:efi_file_close_int	8	static
../lib/efi_loader/efi_file.c:428:14:efi_file_size	32	static
../lib/efi_loader/efi_file.c:573:14:efi_file_read_int	72	static
../lib/efi_loader/efi_file.c:633:28:efi_file_read_ex	16	static
../lib/efi_loader/efi_file.c:609:28:efi_file_read	16	static
../lib/efi_loader/efi_file.c:784:14:efi_file_setpos_int	24	static
../lib/efi_loader/efi_file.c:823:28:efi_file_setpos	16	static
../lib/efi_loader/efi_file.c:1115:25:efi_file_from_path	56	static
../lib/efi_loader/efi_file.c:1178:14:efi_open_volume_int	24	static
../lib/efi_loader/efi_file.c:1189:1:efi_open_volume	16	static
../lib/efi_loader/efi_file.c:1198:1:efi_create_simple_file_system	24	static
