../lib/efi_loader/efi_console.c:950:13:efi_cin_empty_buffer	8	static
../lib/efi_loader/efi_console.c:474:13:efi_clear_screen	8	static
../lib/efi_loader/efi_console.c:88:12:term_get_char	16	static
../lib/efi_loader/efi_console.c:631:28:efi_cout_enable_cursor	8	static
../lib/efi_loader/efi_console.c:589:28:efi_cout_set_cursor_position	24	static
../lib/efi_loader/efi_console.c:506:28:efi_cout_clear_screen	8	static
../lib/efi_loader/efi_console.c:452:28:efi_cout_set_attribute	8	static
../lib/efi_loader/efi_console.c:533:28:efi_cout_set_mode	8	static
../lib/efi_loader/efi_console.c:250:28:efi_cout_test_string	8	static
../lib/efi_loader/efi_console.c:562:28:efi_cout_reset	8	static
../lib/efi_loader/efi_console.c:1069:28:efi_cin_set_state	8	static
../lib/efi_loader/efi_console.c:971:28:efi_cin_reset_ex	8	static
../lib/efi_loader/efi_console.c:1194:28:efi_cin_reset	0	static
../lib/efi_loader/efi_console.c:161:28:efi_cout_output_string	32	static
../lib/efi_loader/efi_console.c:1150:28:efi_cin_unregister_key_notify	16	static
../lib/efi_loader/efi_console.c:1099:28:efi_cin_register_key_notify	24	static
../lib/efi_loader/efi_console.c:406:28:efi_cout_query_mode	16	static
../lib/efi_loader/efi_console.c:680:13:set_shift_mask.constprop	0	static
../lib/efi_loader/efi_console.c:704:12:analyze_modifiers.constprop	24	static
../lib/efi_loader/efi_console.c:923:13:efi_cin_check	32	static
../lib/efi_loader/efi_console.c:1226:28:efi_cin_read_key_stroke	16	static
../lib/efi_loader/efi_console.c:1280:20:efi_console_timer_notify	8	static
../lib/efi_loader/efi_console.c:1003:28:efi_cin_read_key_stroke_ex	16	static
../lib/efi_loader/efi_console.c:1294:20:efi_key_notify	8	static
../lib/efi_loader/efi_console.c:359:6:efi_setup_console_size	40	static
../lib/efi_loader/efi_console.c:1308:14:efi_console_register	40	static
../lib/efi_loader/efi_console.c:1374:14:efi_console_get_u16_string	48	static
