../lib/efi_loader/efi_boottime.c:681:21:efi_is_event	0	static
../lib/efi_loader/efi_boottime.c:175:20:indent_string	16	static
../lib/efi_loader/efi_boottime.c:216:21:efi_purge_handle.part.0	32	static
../lib/efi_loader/efi_boottime.c:111:5:__efi_entry_check	8	static
../lib/efi_loader/efi_boottime.c:123:5:__efi_exit_check	8	static
../lib/efi_loader/efi_boottime.c:243:13:efi_process_event_queue	32	static
../lib/efi_loader/efi_boottime.c:275:13:efi_queue_event	12	static
../lib/efi_loader/efi_boottime.c:1476:21:efi_register_protocol_notify	24	static
../lib/efi_loader/efi_boottime.c:2986:20:efi_set_mem	16	static
../lib/efi_loader/efi_boottime.c:2967:20:efi_copy_mem	16	static
../lib/efi_loader/efi_boottime.c:2940:28:efi_calculate_crc32	16	static
../lib/efi_loader/efi_boottime.c:2334:28:efi_set_watchdog_timer	8	static
../lib/efi_loader/efi_boottime.c:2280:28:efi_get_next_monotonic_count	16	static
../lib/efi_loader/efi_boottime.c:1038:28:efi_close_event	40	static
../lib/efi_loader/efi_boottime.c:526:28:efi_free_pool_ext	8	static
../lib/efi_loader/efi_boottime.c:504:28:efi_allocate_pool_ext	16	static
../lib/efi_loader/efi_boottime.c:475:28:efi_get_memory_map_ext	24	static
../lib/efi_loader/efi_boottime.c:449:28:efi_free_pages_ext	16	static
../lib/efi_loader/efi_boottime.c:426:28:efi_allocate_pages_ext	16	static
../lib/efi_loader/efi_boottime.c:369:29:efi_raise_tpl	16	static
../lib/efi_loader/efi_boottime.c:141:6:efi_save_gd	0	static
../lib/efi_loader/efi_boottime.c:155:6:efi_restore_gd	8	static
../lib/efi_loader/efi_boottime.c:184:13:__efi_nesting	0	static
../lib/efi_loader/efi_boottime.c:189:13:__efi_nesting_inc	0	static
../lib/efi_loader/efi_boottime.c:194:13:__efi_nesting_dec	0	static
../lib/efi_loader/efi_boottime.c:329:6:efi_signal_event	24	static
../lib/efi_loader/efi_boottime.c:2173:28:efi_exit_boot_services	16	static
../lib/efi_loader/efi_boottime.c:1018:28:efi_signal_event_ext	16	static
../lib/efi_loader/efi_boottime.c:543:6:efi_add_handle	0	static
../lib/efi_loader/efi_boottime.c:557:14:efi_create_handle	8	static
../lib/efi_loader/efi_boottime.c:711:14:efi_create_event	40	static
../lib/efi_loader/efi_boottime.c:788:21:efi_create_event_ex	24	static
../lib/efi_loader/efi_boottime.c:833:28:efi_create_event_ext	24	static
../lib/efi_loader/efi_boottime.c:855:6:efi_timer_check	24	static
../lib/efi_loader/efi_boottime.c:2307:28:efi_stall	16	static
../lib/efi_loader/efi_boottime.c:1085:28:efi_check_event	16	static
../lib/efi_loader/efi_boottime.c:959:28:efi_wait_for_event	32	static
../lib/efi_loader/efi_boottime.c:394:20:efi_restore_tpl	8	static
../lib/efi_loader/efi_boottime.c:893:14:efi_set_timer	24	static
../lib/efi_loader/efi_boottime.c:938:28:efi_set_timer_ext	16	static
../lib/efi_loader/efi_boottime.c:1107:20:efi_search_obj	0	static
../lib/efi_loader/efi_boottime.c:579:14:efi_search_protocol	24	static
../lib/efi_loader/efi_boottime.c:2617:28:efi_locate_protocol	32	static
../lib/efi_loader/efi_boottime.c:2432:28:efi_open_protocol_information	40	static
../lib/efi_loader/efi_boottime.c:1570:21:efi_locate_handle	32	static
../lib/efi_loader/efi_boottime.c:1661:28:efi_locate_handle_ext	24	static
../lib/efi_loader/efi_boottime.c:2495:28:efi_protocols_per_handle	24	static
../lib/efi_loader/efi_boottime.c:1164:14:efi_add_protocol	32	static
../lib/efi_loader/efi_boottime.c:1225:28:efi_install_protocol_interface	24	static
../lib/efi_loader/efi_boottime.c:1700:14:efi_install_configuration_table	32	static
../lib/efi_loader/efi_boottime.c:1761:8:efi_install_configuration_table_ext	8	static
../lib/efi_loader/efi_boottime.c:2359:14:efi_close_protocol	32	static
../lib/efi_loader/efi_boottime.c:2402:1:efi_close_protocol_ext	16	static
../lib/efi_loader/efi_boottime.c:2544:14:efi_locate_handle_buffer_int	40	static
../lib/efi_loader/efi_boottime.c:2588:21:efi_locate_handle_buffer	24	static
../lib/efi_loader/efi_boottime.c:1864:21:efi_locate_device_path	72	static
../lib/efi_loader/efi_boottime.c:3003:14:efi_protocol_open	32	static
../lib/efi_loader/efi_boottime.c:3121:28:efi_open_protocol	48	static
../lib/efi_loader/efi_boottime.c:3850:28:efi_disconnect_controller	56	static
../lib/efi_loader/efi_boottime.c:1337:21:efi_disconnect_all_drivers	32	static
../lib/efi_loader/efi_boottime.c:3553:21:efi_bind_controller	40	static
../lib/efi_loader/efi_boottime.c:3671:28:efi_connect_controller	56	static
../lib/efi_loader/efi_boottime.c:1379:21:efi_uninstall_protocol	48	static
../lib/efi_loader/efi_boottime.c:662:14:efi_delete_handle	40	static
../lib/efi_loader/efi_boottime.c:1783:14:efi_setup_loaded_image	32	static
../lib/efi_loader/efi_boottime.c:2079:21:efi_load_image	80	static
../lib/efi_loader/efi_boottime.c:3290:21:efi_delete_image.isra	32	static
../lib/efi_loader/efi_boottime.c:1447:28:efi_uninstall_protocol_interface	16	static
../lib/efi_loader/efi_boottime.c:2687:1:efi_install_multiple_protocol_interfaces_int	48	static
../lib/efi_loader/efi_boottime.c:2759:1:efi_install_multiple_protocol_interfaces	16	static
../lib/efi_loader/efi_boottime.c:2785:1:efi_install_multiple_protocol_interfaces_ext	16	static
../lib/efi_loader/efi_boottime.c:2810:1:efi_uninstall_multiple_protocol_interfaces_int	40	static
../lib/efi_loader/efi_boottime.c:2889:1:efi_uninstall_multiple_protocol_interfaces	16	static
../lib/efi_loader/efi_boottime.c:2915:1:efi_uninstall_multiple_protocol_interfaces_ext	16	static
../lib/efi_loader/efi_boottime.c:3739:28:efi_reinstall_protocol_interface	24	static
../lib/efi_loader/efi_boottime.c:3193:21:efi_start_image	88	static
../lib/efi_loader/efi_boottime.c:3342:21:efi_unload_image	32	static
../lib/efi_loader/efi_boottime.c:3537:21:efi_handle_protocol	16	static
../lib/efi_loader/efi_boottime.c:3436:28:efi_exit	40	static
../lib/efi_loader/efi_boottime.c:4012:14:efi_initialize_system_table	24	static
