../lib/efi_loader/efi_net.c:744:28:efi_pxe_base_code_start	0	static
../lib/efi_loader/efi_net.c:751:28:efi_pxe_base_code_stop	0	static
../lib/efi_loader/efi_net.c:764:28:efi_pxe_base_code_discover	0	static
../lib/efi_loader/efi_net.c:772:28:efi_pxe_base_code_mtftp	0	static
../lib/efi_loader/efi_net.c:783:28:efi_pxe_base_code_udp_write	0	static
../lib/efi_loader/efi_net.c:795:28:efi_pxe_base_code_udp_read	0	static
../lib/efi_loader/efi_net.c:806:28:efi_pxe_base_code_set_ip_filter	0	static
../lib/efi_loader/efi_net.c:813:28:efi_pxe_base_code_arp	0	static
../lib/efi_loader/efi_net.c:821:28:efi_pxe_base_code_set_parameters	0	static
../lib/efi_loader/efi_net.c:838:28:efi_pxe_base_code_set_packets	0	static
../lib/efi_loader/efi_net.c:684:13:efi_net_push	16	static
../lib/efi_loader/efi_net.c:716:20:efi_network_timer_notify	24	static
../lib/efi_loader/efi_net.c:417:28:efi_net_nvdata	8	static
../lib/efi_loader/efi_net.c:354:28:efi_net_mcastiptomac	24	static
../lib/efi_loader/efi_net.c:332:28:efi_net_statistics	8	static
../lib/efi_loader/efi_net.c:310:28:efi_net_station_address	8	static
../lib/efi_loader/efi_net.c:287:28:efi_net_receive_filters	8	static
../lib/efi_loader/efi_net.c:72:28:efi_net_start	16	static
../lib/efi_loader/efi_net.c:437:28:efi_net_get_status	16	static
../lib/efi_loader/efi_net.c:579:28:efi_net_receive	40	static
../lib/efi_loader/efi_net.c:490:28:efi_net_transmit	32	static
../lib/efi_loader/efi_net.c:240:28:efi_net_shutdown	16	static
../lib/efi_loader/efi_net.c:105:28:efi_net_stop	16	static
../lib/efi_loader/efi_net.c:142:28:efi_net_initialize	16	static
../lib/efi_loader/efi_net.c:200:28:efi_net_reset	8	static
../lib/efi_loader/efi_net.c:830:28:efi_pxe_base_code_set_station_ip	0	static
../lib/efi_loader/efi_net.c:757:28:efi_pxe_base_code_dhcp	0	static
../lib/efi_loader/efi_net.c:660:6:efi_net_set_dhcp_ack	16	static
../lib/efi_loader/efi_net.c:861:14:efi_net_register	40	static
