../lib/efi_loader/efi_device_path.c:478:36:dp_size	16	static
../lib/efi_loader/efi_device_path.c:758:14:dp_part_node	216	static
../lib/efi_loader/efi_device_path.c:549:29:dp_fill	16	static
../lib/efi_loader/efi_device_path.c:54:25:efi_dp_next	0	static
../lib/efi_loader/efi_device_path.c:72:5:efi_dp_match	16	static
../lib/efi_loader/efi_device_path.c:108:25:efi_dp_shorten	8	static
../lib/efi_loader/efi_device_path.c:215:31:efi_dp_last_node	8	static
../lib/efi_loader/efi_device_path.c:229:13:efi_dp_instance_size	8	static
../lib/efi_loader/efi_device_path.c:133:21:find_handle	48	static
../lib/efi_loader/efi_device_path.c:194:14:efi_dp_find_obj	16	static
../lib/efi_loader/efi_device_path.c:244:13:efi_dp_size	0	static
../lib/efi_loader/efi_device_path.c:258:25:efi_dp_dup	16	static
../lib/efi_loader/efi_device_path.c:290:18:efi_dp_append_or_concatenate	32	static
../lib/efi_loader/efi_device_path.c:340:25:efi_dp_append	0	static
../lib/efi_loader/efi_device_path.c:356:25:efi_dp_concat	0	static
../lib/efi_loader/efi_device_path.c:362:25:efi_dp_append_node	24	static
../lib/efi_loader/efi_device_path.c:394:25:efi_dp_create_device_node	16	static
../lib/efi_loader/efi_device_path.c:412:25:efi_dp_append_instance	24	static
../lib/efi_loader/efi_device_path.c:439:25:efi_dp_get_next_instance	24	static
../lib/efi_loader/efi_device_path.c:464:6:efi_dp_is_multi_instance	0	static
../lib/efi_loader/efi_device_path.c:847:25:efi_dp_from_part	16	static
../lib/efi_loader/efi_device_path.c:869:25:efi_dp_part_node	16	static
../lib/efi_loader/efi_device_path.c:925:25:efi_dp_from_file	32	static
../lib/efi_loader/efi_device_path.c:960:25:efi_dp_from_uart	8	static
../lib/efi_loader/efi_device_path.c:980:40:efi_dp_from_eth	8	static
../lib/efi_loader/efi_device_path.c:1001:25:efi_dp_from_mem	32	static
../lib/efi_loader/efi_device_path.c:1038:14:efi_dp_split_file_path	24	static
../lib/efi_loader/efi_device_path.c:1078:14:efi_dp_from_name	200	static
../lib/efi_loader/efi_device_path.c:1135:9:efi_dp_check_length	8	static
../lib/efi_loader/efi_device_path.c:1172:18:efi_dp_from_lo	16	static
../lib/efi_loader/efi_device_path.c:1203:25:search_gpt_dp_node	8	static
