../lib/efi_loader/efi_disk.c:303:28:efi_disk_flush_blocks	8	static
../lib/efi_loader/efi_disk.c:67:28:efi_disk_reset	8	static
../lib/efi_loader/efi_disk.c:393:21:efi_disk_add_dev.part.0	64	static
../lib/efi_loader/efi_disk.c:171:28:efi_disk_read_blocks	24	static
../lib/efi_loader/efi_disk.c:237:28:efi_disk_write_blocks	24	static
../lib/efi_loader/efi_disk.c:83:6:efi_disk_is_removable	16	static
../lib/efi_loader/efi_disk.c:329:1:efi_fs_from_path	24	static
../lib/efi_loader/efi_disk.c:659:5:efi_disk_probe	72	static
../lib/efi_loader/efi_disk.c:707:5:efi_disk_remove	24	static
../lib/efi_loader/efi_disk.c:755:14:efi_disk_get_device_name	40	static
../lib/efi_loader/efi_disk.c:805:14:efi_disks_register	16	static
