../lib/efi_loader/efi_helper.c:69:25:efi_get_dp_from_boot	104	static
../lib/efi_loader/efi_helper.c:132:13:guid_to_sha_str	16	static
../lib/efi_loader/efi_helper.c:150:5:algo_to_len	16	static
../lib/efi_loader/efi_helper.c:169:5:efi_link_dev	0	static
../lib/efi_loader/efi_helper.c:182:5:efi_unlink_dev	8	static
../lib/efi_loader/efi_helper.c:205:6:efi_varname_is_load_option	24	static
../lib/efi_loader/efi_helper.c:239:14:efi_next_variable_name	24	static
../lib/efi_loader/efi_helper.c:270:6:efi_search_bootorder	12	static
