../drivers/mtd/nand/spi/core.c:897:13:spinand_manufacturer_cleanup	0	static
../drivers/mtd/nand/spi/core.c:1036:12:spinand_noecc_ooblayout_ecc	0	static
../drivers/mtd/nand/spi/core.c:1042:12:spinand_noecc_ooblayout_free	0	static
../drivers/mtd/nand/spi/core.c:69:12:spinand_write_reg_op	64	static
../drivers/mtd/nand/spi/core.c:55:12:spinand_read_reg_op	64	static
../drivers/mtd/nand/spi/core.c:905:1:spinand_select_op_variant	80	static
../drivers/mtd/nand/spi/core.c:778:12:spinand_mtd_erase	0	static
../drivers/mtd/nand/spi/core.c:797:12:spinand_mtd_block_isreserved	40	static
../drivers/mtd/nand/spi/core.c:733:12:spinand_mtd_block_markbad	40	static
../drivers/mtd/nand/spi/core.c:689:12:spinand_mtd_block_isbad	40	static
../drivers/mtd/nand/spi/core.c:463:12:spinand_read_id_op	72	static
../drivers/mtd/nand/spi/core.c:228:12:spinand_write_enable_op.isra	56	static
../drivers/mtd/nand/spi/core.c:431:12:spinand_wait	32	static
../drivers/mtd/nand/spi/core.c:549:12:spinand_write_page	96	static
../drivers/mtd/nand/spi/core.c:524:12:spinand_read_page	96	static
../drivers/mtd/nand/spi/core.c:125:5:spinand_upd_cfg	16	static
../drivers/mtd/nand/spi/core.c:149:5:spinand_select_target	16	static
../drivers/mtd/nand/spi/core.c:628:12:spinand_mtd_write	96	static
../drivers/mtd/nand/spi/core.c:574:12:spinand_mtd_read	112	static
../drivers/mtd/nand/spi/core.c:669:13:spinand_isbad	80	static
../drivers/mtd/nand/spi/core.c:709:12:spinand_markbad	80	static
../drivers/mtd/nand/spi/core.c:753:12:spinand_erase	72	static
../drivers/mtd/nand/spi/core.c:953:5:spinand_match_and_init	32	static
../drivers/mtd/nand/spi/core.c:833:12:spinand_manufacturer_match	24	static
../drivers/mtd/nand/spi/core.c:1174:12:spinand_probe	120	static
