../drivers/net/phy/phy.c:449:5:genphy_shutdown	0	static
../drivers/net/phy/phy.c:466:5:phy_set_supported	0	static
../drivers/net/phy/phy.c:531:20:phy_device_create	24	static
../drivers/net/phy/phy.c:584:12:get_phy_id	24	static
../drivers/net/phy/phy.c:655:27:get_phy_device_by_mask	72	static
../drivers/net/phy/phy.c:771:20:phy_find_by_mask	16	static
../drivers/net/phy/phy.c:910:5:phy_startup	0	static
../drivers/net/phy/phy.c:918:12:board_phy_config	0	static
../drivers/net/phy/phy.c:925:5:phy_config	0	static
../drivers/net/phy/phy.c:931:5:phy_shutdown	8	static
../drivers/net/phy/phy.c:966:5:phy_read	8	static
../drivers/net/phy/phy.c:225:5:genphy_update_link	24	static
../drivers/net/phy/phy.c:294:5:genphy_parse_link	16	static
../drivers/net/phy/phy.c:438:5:genphy_startup	8	static
../drivers/net/phy/phy.c:986:5:phy_write	24	static
../drivers/net/phy/phy.c:154:5:genphy_restart_aneg	8	static
../drivers/net/phy/phy.c:181:5:genphy_config_aneg	16	static
../drivers/net/phy/phy.c:387:5:genphy_config	16	static
../drivers/net/phy/phy.c:710:5:phy_reset	16	static
../drivers/net/phy/phy.c:761:5:miiphy_reset	8	static
../drivers/net/phy/phy.c:871:20:phy_connect	32	static
../drivers/net/phy/phy.c:947:5:phy_modify	32	static
../drivers/net/phy/phy.c:1005:6:phy_mmd_start_indirect	16	static
../drivers/net/phy/phy.c:1026:5:phy_read_mmd	24	static
../drivers/net/phy/phy.c:1058:5:phy_write_mmd	24	static
../drivers/net/phy/phy.c:1090:5:phy_set_bits_mmd	24	static
../drivers/net/phy/phy.c:1116:5:phy_clear_bits_mmd	24	static
../drivers/net/phy/phy.c:1147:5:phy_modify_mmd_changed	24	static
../drivers/net/phy/phy.c:1177:5:phy_modify_mmd	16	static
../drivers/net/phy/phy.c:1187:6:phy_interface_is_ncsi	0	static
