../drivers/usb/host/ehci-hcd.c:122:12:ehci_get_port_speed	0	static
../drivers/usb/host/ehci-hcd.c:127:13:ehci_set_usbmode	0	static
../drivers/usb/host/ehci-hcd.c:149:18:ehci_get_portsc_register	0	static
../drivers/usb/host/ehci-hcd.c:1677:12:ehci_get_max_xfer_size	0	static
../drivers/usb/host/ehci-hcd.c:143:13:ehci_powerup_fixup	0	static
../drivers/usb/host/ehci-hcd.c:163:12:handshake	24	static
../drivers/usb/host/ehci-hcd.c:1445:14:_ehci_poll_int_queue	24	static
../drivers/usb/host/ehci-hcd.c:1663:14:ehci_poll_int_queue	0	static
../drivers/usb/host/ehci-hcd.c:285:13:ehci_update_endpt2_dev_n_port	16	static
../drivers/usb/host/ehci-hcd.c:321:12:ehci_disable_async.part.0	8	static
../drivers/usb/host/ehci-hcd.c:241:12:ehci_td_buffer.constprop	24	static
../drivers/usb/host/ehci-hcd.c:1265:1:disable_periodic.isra	8	static
../drivers/usb/host/ehci-hcd.c:1244:1:enable_periodic.isra	8	static
../drivers/usb/host/ehci-hcd.c:207:12:ehci_shutdown.isra	16	static
../drivers/usb/host/ehci-hcd.c:113:26:ehci_get_ctrl.isra	8	static
../drivers/usb/host/ehci-hcd.c:1486:12:_ehci_destroy_int_queue.isra	32	static
../drivers/usb/host/ehci-hcd.c:1670:12:ehci_destroy_int_queue	0	static
../drivers/usb/host/ehci-hcd.c:1284:26:_ehci_create_int_queue.constprop	80	static
../drivers/usb/host/ehci-hcd.c:1654:26:ehci_create_int_queue	4	static
../drivers/usb/host/ehci-hcd.c:1645:12:ehci_submit_int_msg	32	static
../drivers/usb/host/ehci-hcd.c:368:1:ehci_submit_async	296	static
../drivers/usb/host/ehci-hcd.c:1638:12:ehci_submit_bulk_msg	4	static
../drivers/usb/host/ehci-hcd.c:1628:12:ehci_submit_control_msg	48	static
../drivers/usb/host/ehci-hcd.c:1688:12:ehci_lock_async	8	static
../drivers/usb/host/ehci-hcd.c:1695:5:ehci_register	32	static
../drivers/usb/host/ehci-hcd.c:1741:5:ehci_deregister	8	static
