../drivers/usb/host/usb-uclass.c:779:12:usb_child_post_bind	16	static
../drivers/usb/host/usb-uclass.c:246:13:remove_inactive_children.constprop	24	static
../drivers/usb/host/usb-uclass.c:511:12:usb_match_one_id	20	static
../drivers/usb/host/usb-uclass.c:28:5:usb_lock_async	0	static
../drivers/usb/host/usb-uclass.c:39:5:usb_disable_asynch	0	static
../drivers/usb/host/usb-uclass.c:47:5:submit_int_msg	32	static
../drivers/usb/host/usb-uclass.c:60:5:submit_control_msg	48	static
../drivers/usb/host/usb-uclass.c:83:5:submit_bulk_msg	24	static
../drivers/usb/host/usb-uclass.c:95:19:create_int_queue	32	static
../drivers/usb/host/usb-uclass.c:109:7:poll_int_queue	4	static
../drivers/usb/host/usb-uclass.c:120:5:destroy_int_queue	4	static
../drivers/usb/host/usb-uclass.c:131:5:usb_alloc_device	0	static
../drivers/usb/host/usb-uclass.c:143:5:usb_reset_root_port	0	static
../drivers/usb/host/usb-uclass.c:154:5:usb_update_hub_device	0	static
../drivers/usb/host/usb-uclass.c:165:5:usb_get_max_xfer_size	0	static
../drivers/usb/host/usb-uclass.c:176:5:usb_stop	24	static
../drivers/usb/host/usb-uclass.c:396:5:usb_setup_ehci_gadget	24	static
../drivers/usb/host/usb-uclass.c:420:5:usb_remove_ehci_gadget	16	static
../drivers/usb/host/usb-uclass.c:739:5:usb_detect_change	32	static
../drivers/usb/host/usb-uclass.c:802:17:usb_get_bus	8	static
../drivers/usb/host/usb-uclass.c:649:5:usb_scan_device	2536	static
../drivers/usb/host/usb-uclass.c:225:13:usb_scan_bus.constprop	24	static
../drivers/usb/host/usb-uclass.c:291:5:usb_init	32	static
../drivers/usb/host/usb-uclass.c:817:5:usb_child_pre_probe	16	static
