../drivers/sysreset/sysreset-uclass.c:26:5:sysreset_request	0	static
../drivers/sysreset/sysreset-uclass.c:36:5:sysreset_get_status	0	static
../drivers/sysreset/sysreset-uclass.c:46:5:sysreset_get_last	0	static
../drivers/sysreset/sysreset-uclass.c:56:5:sysreset_walk	24	static
../drivers/sysreset/sysreset-uclass.c:75:5:sysreset_get_last_walk	16	static
../drivers/sysreset/sysreset-uclass.c:95:6:sysreset_walk_halt	16	static
../drivers/sysreset/sysreset-uclass.c:116:6:reset_cpu	8	static
../drivers/sysreset/sysreset-uclass.c:123:5:do_reset	8	static
../drivers/sysreset/sysreset-uclass.c:144:5:do_poweroff	8	static
