../drivers/serial/serial-uclass.c:234:13:_serial_flush	16	static
../drivers/serial/serial-uclass.c:244:13:_serial_putc	16	static
../drivers/serial/serial-uclass.c:463:13:serial_stub_putc	0	static
../drivers/serial/serial-uclass.c:468:13:serial_stub_puts	16	static
../drivers/serial/serial-uclass.c:474:13:serial_stub_flush	0	static
../drivers/serial/serial-uclass.c:595:12:serial_pre_remove	0	static
../drivers/serial/serial-uclass.c:303:12:__serial_getc	16	static
../drivers/serial/serial-uclass.c:341:12:_serial_getc	8	static
../drivers/serial/serial-uclass.c:480:12:serial_stub_getc	0	static
../drivers/serial/serial-uclass.c:328:12:_serial_tstc	16	static
../drivers/serial/serial-uclass.c:485:12:serial_stub_tstc	0	static
../drivers/serial/serial-uclass.c:555:12:serial_post_probe	96	static
../drivers/serial/serial-uclass.c:176:5:fetch_baud_from_dtb	8	static
../drivers/serial/serial-uclass.c:368:6:serial_putc	0	static
../drivers/serial/serial-uclass.c:374:6:serial_puts	16	static
../drivers/serial/serial-uclass.c:381:6:serial_flush	0	static
../drivers/serial/serial-uclass.c:390:5:serial_getc	0	static
../drivers/serial/serial-uclass.c:398:5:serial_tstc	0	static
../drivers/serial/serial-uclass.c:406:6:serial_setbrg	0	static
../drivers/serial/serial-uclass.c:189:5:serial_init	32	static
../drivers/serial/serial-uclass.c:220:5:serial_initialize	0	static
../drivers/serial/serial-uclass.c:497:12:on_baudrate	16	static
../drivers/serial/serial-uclass.c:418:5:serial_getconfig	0	static
../drivers/serial/serial-uclass.c:429:5:serial_setconfig	0	static
../drivers/serial/serial-uclass.c:440:5:serial_getinfo	4	static
../drivers/serial/serial-uclass.c:456:6:serial_stdio_init	0	static
