../arch/arm/mach-stm32mp/stm32mp15x.c:217:12:read_idc	8	static
../arch/arm/mach-stm32mp/stm32mp15x.c:147:6:dbgmcu_init	8	static
../arch/arm/mach-stm32mp/stm32mp15x.c:160:6:spl_board_init	32	static
../arch/arm/mach-stm32mp/stm32mp15x.c:200:6:stm32mp_cpu_init	0	static
../arch/arm/mach-stm32mp/stm32mp15x.c:229:5:get_cpu_dev	8	static
../arch/arm/mach-stm32mp/stm32mp15x.c:234:5:get_cpu_rev	8	static
../arch/arm/mach-stm32mp/stm32mp15x.c:245:5:get_cpu_type	8	static
../arch/arm/mach-stm32mp/stm32mp15x.c:250:5:get_eth_nb	0	static
../arch/arm/mach-stm32mp/stm32mp15x.c:256:5:get_cpu_package	0	static
../arch/arm/mach-stm32mp/stm32mp15x.c:271:13:get_cpu_string_offsets	16	static
../arch/arm/mach-stm32mp/stm32mp15x.c:319:6:get_soc_name	32	static
../arch/arm/mach-stm32mp/stm32mp15x.c:341:6:stm32mp_misc_init	24	static
