../drivers/clk/clk-uclass.c:569:13:clk_clean_rate_cache	16	static
../drivers/clk/clk-uclass.c:33:13:dev_get_clk_ptr	0	static
../drivers/clk/clk-uclass.c:447:5:clk_request	0	static
../drivers/clk/clk-uclass.c:74:12:clk_get_by_index_tail.part.0.constprop	24	static
../drivers/clk/clk-uclass.c:115:12:clk_get_by_indexed_prop	96	static
../drivers/clk/clk-uclass.c:144:5:clk_get_by_index_nodev	96	static
../drivers/clk/clk-uclass.c:139:5:clk_get_by_index	0	static
../drivers/clk/clk-uclass.c:406:5:clk_get_by_name_nodev	16	static
../drivers/clk/clk-uclass.c:400:5:clk_get_by_name	0	static
../drivers/clk/clk-uclass.c:464:6:clk_free	0	static
../drivers/clk/clk-uclass.c:478:7:clk_get_rate	0	static
../drivers/clk/clk-uclass.c:498:13:clk_get_parent	8	static
../drivers/clk/clk-uclass.c:517:7:clk_get_parent_rate	8	static
../drivers/clk/clk-uclass.c:541:7:clk_round_rate	0	static
../drivers/clk/clk-uclass.c:585:7:clk_set_rate	16	static
../drivers/clk/clk-uclass.c:606:5:clk_set_parent	0	static
../drivers/clk/clk-uclass.c:371:5:clk_set_defaults	128	static
../drivers/clk/clk-uclass.c:832:5:clk_uclass_post_probe	8	static
../drivers/clk/clk-uclass.c:629:5:clk_enable	0	static
../drivers/clk/clk-uclass.c:677:5:clk_enable_bulk	16	static
../drivers/clk/clk-uclass.c:690:5:clk_disable	0	static
../drivers/clk/clk-uclass.c:425:5:clk_release_all	16	static
../drivers/clk/clk-uclass.c:156:5:clk_get_bulk	24	static
../drivers/clk/clk-uclass.c:742:5:clk_disable_bulk	16	static
../drivers/clk/clk-uclass.c:755:5:clk_get_by_id	32	static
../drivers/clk/clk-uclass.c:777:6:clk_is_match	0	static
../drivers/clk/clk-uclass.c:804:13:devm_clk_get	16	static
../drivers/clk/clk-uclass.c:821:6:devm_clk_put	0	static
