../drivers/memory/stm32-fmc2-ebi.c:176:12:stm32_fmc2_ebi_check_mux	0	static
../drivers/memory/stm32-fmc2-ebi.c:188:12:stm32_fmc2_ebi_check_waitcfg	0	static
../drivers/memory/stm32-fmc2-ebi.c:201:12:stm32_fmc2_ebi_check_sync_trans	0	static
../drivers/memory/stm32-fmc2-ebi.c:213:12:stm32_fmc2_ebi_check_async_trans	0	static
../drivers/memory/stm32-fmc2-ebi.c:225:12:stm32_fmc2_ebi_check_cpsize	0	static
../drivers/memory/stm32-fmc2-ebi.c:238:12:stm32_fmc2_ebi_check_address_hold	8	static
../drivers/memory/stm32-fmc2-ebi.c:255:12:stm32_fmc2_ebi_check_clk_period	0	static
../drivers/memory/stm32-fmc2-ebi.c:268:12:stm32_fmc2_ebi_check_cclk	0	static
../drivers/memory/stm32-fmc2-ebi.c:300:12:stm32_fmc2_ebi_get_reg	0	static
../drivers/memory/stm32-fmc2-ebi.c:322:12:stm32_fmc2_ebi_set_bit_field	24	static
../drivers/memory/stm32-fmc2-ebi.c:339:12:stm32_fmc2_ebi_set_trans_type	16	static
../drivers/memory/stm32-fmc2-ebi.c:472:12:stm32_fmc2_ebi_set_buswidth	0	static
../drivers/memory/stm32-fmc2-ebi.c:495:12:stm32_fmc2_ebi_set_cpsize	0	static
../drivers/memory/stm32-fmc2-ebi.c:527:12:stm32_fmc2_ebi_set_bl_setup	0	static
../drivers/memory/stm32-fmc2-ebi.c:540:12:stm32_fmc2_ebi_set_address_setup	32	static
../drivers/memory/stm32-fmc2-ebi.c:565:12:stm32_fmc2_ebi_set_address_hold	24	static
../drivers/memory/stm32-fmc2-ebi.c:583:12:stm32_fmc2_ebi_set_data_setup	24	static
../drivers/memory/stm32-fmc2-ebi.c:601:12:stm32_fmc2_ebi_set_bus_turnaround	24	static
../drivers/memory/stm32-fmc2-ebi.c:619:12:stm32_fmc2_ebi_set_data_hold	24	static
../drivers/memory/stm32-fmc2-ebi.c:640:12:stm32_fmc2_ebi_set_clk_period	0	static
../drivers/memory/stm32-fmc2-ebi.c:653:12:stm32_fmc2_ebi_set_data_latency	0	static
../drivers/memory/stm32-fmc2-ebi.c:278:12:stm32_fmc2_ebi_ns_to_clock_cycles	8	static
../drivers/memory/stm32-fmc2-ebi.c:287:12:stm32_fmc2_ebi_ns_to_clk_period	16	static
../drivers/memory/stm32-fmc2-ebi.c:666:12:stm32_fmc2_ebi_set_max_low_pulse	16	static
../drivers/memory/stm32-fmc2-ebi.c:1018:12:stm32_fmc2_ebi_probe	96	static
