../fs/fs.c:47:19:fs_probe_unsupported	0	static
../fs/fs.c:54:19:fs_ls_unsupported	0	static
../fs/fs.c:91:19:fs_exists_unsupported	0	static
../fs/fs.c:101:19:fs_read_unsupported	0	static
../fs/fs.c:120:20:fs_close_unsupported	0	static
../fs/fs.c:129:19:fs_opendir_unsupported	0	static
../fs/fs.c:381:28:fs_get_info	8	static
../fs/fs.c:108:19:fs_write_unsupported	0	static
../fs/fs.c:140:19:fs_mkdir_unsupported	0	static
../fs/fs.c:96:19:fs_size_unsupported	0	static
../fs/fs.c:115:19:fs_ln_unsupported	0	static
../fs/fs.c:124:19:fs_uuid_unsupported	0	static
../fs/fs.c:135:19:fs_unlink_unsupported	0	static
../fs/fs.c:42:6:fs_set_type	0	static
../fs/fs.c:403:5:fs_get_type	0	static
../fs/fs.c:416:13:fs_get_type_name	8	static
../fs/fs.c:421:5:fs_set_blk_dev	40	static
../fs/fs.c:450:5:fs_set_blk_dev_with_part	24	static
../fs/fs.c:474:6:fs_close	8	static
../fs/fs.c:564:12:_fs_read	304	static
../fs/fs.c:483:5:fs_uuid	8	static
../fs/fs.c:490:5:fs_ls	8	static
../fs/fs.c:503:5:fs_exists	8	static
../fs/fs.c:516:5:fs_size	16	static
../fs/fs.c:595:5:fs_read	32	static
../fs/fs.c:601:5:fs_write	56	static
../fs/fs.c:621:23:fs_opendir	24	static
../fs/fs.c:640:19:fs_readdir	16	static
../fs/fs.c:659:6:fs_closedir	8	static
../fs/fs.c:61:12:fs_ls_generic	40	static
../fs/fs.c:673:5:fs_unlink	8	static
../fs/fs.c:686:5:fs_mkdir	8	static
../fs/fs.c:699:5:fs_ln	32	static
../fs/fs.c:715:5:do_size	24	static
../fs/fs.c:734:5:do_load	80	static
../fs/fs.c:813:5:do_ls	16	static
../fs/fs.c:830:5:file_exists	8	static
../fs/fs.c:839:5:do_save	64	static
../fs/fs.c:881:5:do_fs_uuid	56	static
../fs/fs.c:906:5:do_fs_type	16	static
../fs/fs.c:928:5:do_rm	8	static
../fs/fs.c:943:5:do_mkdir	24	static
../fs/fs.c:963:5:do_ln	8	static
../fs/fs.c:978:5:do_fs_types	24	static
../fs/fs.c:998:5:fs_read_alloc	48	static
../fs/fs.c:1024:5:fs_load_alloc	40	static
