../drivers/video/dw_mipi_dsi.c:442:13:dw_mipi_dsi_video_mode_config	0	static
../drivers/video/dw_mipi_dsi.c:847:12:dw_mipi_dsi_probe	0	static
../drivers/video/dw_mipi_dsi.c:832:12:dw_mipi_dsi_enable	16	static
../drivers/video/dw_mipi_dsi.c:275:12:dw_mipi_dsi_host_attach	32	static
../drivers/video/dw_mipi_dsi.c:600:12:dw_mipi_dsi_get_hcomponent_lbcc.isra	8	static
../drivers/video/dw_mipi_dsi.c:406:16:dw_mipi_dsi_host_transfer	80	static
../drivers/video/dw_mipi_dsi.c:781:12:dw_mipi_dsi_init	96	static
