../drivers/video/vidconsole-uclass.c:137:13:set_cursor_position	0	static
../drivers/video/vidconsole-uclass.c:711:12:vidconsole_pre_probe	16	static
../drivers/video/vidconsole-uclass.c:114:14:parsenum	16	static
../drivers/video/vidconsole-uclass.c:723:12:vidconsole_post_probe	16	static
../drivers/video/vidconsole-uclass.c:23:5:vidconsole_putc_xy	4	static
../drivers/video/vidconsole-uclass.c:32:5:vidconsole_move_rows	4	static
../drivers/video/vidconsole-uclass.c:42:5:vidconsole_set_row	0	static
../drivers/video/vidconsole-uclass.c:85:13:vidconsole_newline	24	static
../drivers/video/vidconsole-uclass.c:51:5:vidconsole_entry_start	0	static
../drivers/video/vidconsole-uclass.c:121:6:vidconsole_set_cursor_pos	16	static
../drivers/video/vidconsole-uclass.c:455:5:vidconsole_put_char	32	static
../drivers/video/vidconsole-uclass.c:515:13:vidconsole_putc	8	static
../drivers/video/vidconsole-uclass.c:501:5:vidconsole_put_string	16	static
../drivers/video/vidconsole-uclass.c:534:13:vidconsole_puts	8	static
../drivers/video/vidconsole-uclass.c:568:5:vidconsole_get_font	0	static
../drivers/video/vidconsole-uclass.c:556:6:vidconsole_list_fonts	32	static
../drivers/video/vidconsole-uclass.c:579:5:vidconsole_get_font_size	8	static
../drivers/video/vidconsole-uclass.c:590:5:vidconsole_select_font	0	static
../drivers/video/vidconsole-uclass.c:600:5:vidconsole_measure	40	static
../drivers/video/vidconsole-uclass.c:622:5:vidconsole_nominal	40	static
../drivers/video/vidconsole-uclass.c:644:5:vidconsole_entry_save	8	static
../drivers/video/vidconsole-uclass.c:661:5:vidconsole_entry_restore	8	static
../drivers/video/vidconsole-uclass.c:675:5:vidconsole_set_cursor_visible	24	static
../drivers/video/vidconsole-uclass.c:690:6:vidconsole_push_colour	24	static
../drivers/video/vidconsole-uclass.c:702:6:vidconsole_pop_colour	8	static
../drivers/video/vidconsole-uclass.c:782:6:vidconsole_position_cursor	24	static
../drivers/video/vidconsole-uclass.c:770:5:vidconsole_clear_and_reset	16	static
