../drivers/video/video-uclass.c:96:14:alloc_fb.isra	8	static
../drivers/video/video-uclass.c:610:12:video_post_bind	24	static
../drivers/video/video-uclass.c:76:6:video_set_flush_dcache	8	static
../drivers/video/video-uclass.c:121:5:video_reserve	16	static
../drivers/video/video-uclass.c:157:5:video_fill_part	24	static
../drivers/video/video-uclass.c:209:5:video_reserve_from_bloblist	0	static
../drivers/video/video-uclass.c:286:5:video_index_to_colour	8	static
../drivers/video/video-uclass.c:328:6:video_set_default_colors	16	static
../drivers/video/video-uclass.c:355:5:video_sync	8	static
../drivers/video/video-uclass.c:220:5:video_fill	16	static
../drivers/video/video-uclass.c:255:5:video_clear	8	static
../drivers/video/video-uclass.c:533:12:video_post_probe	80	static
../drivers/video/video-uclass.c:391:6:video_sync_all	16	static
../drivers/video/video-uclass.c:407:6:video_is_active	16	static
../drivers/video/video-uclass.c:421:5:video_get_xsize	8	static
../drivers/video/video-uclass.c:428:5:video_get_ysize	8	static
../drivers/video/video-uclass.c:506:7:video_get_u_boot_logo	0	static
../drivers/video/video-uclass.c:521:5:video_default_font_height	8	static
