../drivers/pinctrl/pinctrl_stm32.c:256:12:stm32_pinctrl_probe	8	static
../drivers/pinctrl/pinctrl_stm32.c:414:12:stm32_pinctrl_bind	40	static
../drivers/pinctrl/pinctrl_stm32.c:367:12:stm32_pinctrl_config	376	static
../drivers/pinctrl/pinctrl_stm32.c:447:12:stm32_pinctrl_set_state	0	static
../drivers/pinctrl/pinctrl_stm32.c:86:12:stm32_populate_gpio_dev_list.isra	48	static
../drivers/pinctrl/pinctrl_stm32.c:119:12:stm32_pinctrl_get_pins_count	16	static
../drivers/pinctrl/pinctrl_stm32.c:147:24:stm32_pinctrl_get_gpio_dev	24	static
../drivers/pinctrl/pinctrl_stm32.c:200:12:stm32_pinctrl_get_pin_muxing	64	static
../drivers/pinctrl/pinctrl_stm32.c:178:20:stm32_pinctrl_get_pin_name	24	static
