../drivers/pinctrl/pinctrl-stmfx.c:94:12:stmfx_write_reg	24	static
../drivers/pinctrl/pinctrl-stmfx.c:155:12:stmfx_gpio_direction_input	0	static
../drivers/pinctrl/pinctrl-stmfx.c:340:12:stmfx_pinctrl_get_pins_count	8	static
../drivers/pinctrl/pinctrl-stmfx.c:423:12:stmfx_pinctrl_probe	8	static
../drivers/pinctrl/pinctrl-stmfx.c:411:12:stmfx_pinctrl_bind	24	static
../drivers/pinctrl/pinctrl-stmfx.c:510:12:stmfx_probe	64	static
../drivers/pinctrl/pinctrl-stmfx.c:355:20:stmfx_pinctrl_get_pin_name	8	static
../drivers/pinctrl/pinctrl-stmfx.c:81:12:stmfx_read_reg	16	static
../drivers/pinctrl/pinctrl-stmfx.c:144:12:stmfx_gpio_get_function	8	static
../drivers/pinctrl/pinctrl-stmfx.c:131:12:stmfx_gpio_get	0	static
../drivers/pinctrl/pinctrl-stmfx.c:393:12:stmfx_pinctrl_get_pin_muxing	24	static
../drivers/pinctrl/pinctrl-stmfx.c:207:12:stmfx_gpio_get_flags	24	static
../drivers/pinctrl/pinctrl-stmfx.c:246:12:stmfx_gpio_probe	96	static
../drivers/pinctrl/pinctrl-stmfx.c:136:12:stmfx_gpio_set	16	static
../drivers/pinctrl/pinctrl-stmfx.c:160:12:stmfx_gpio_direction_output	16	static
../drivers/pinctrl/pinctrl-stmfx.c:170:12:stmfx_gpio_set_flags	16	static
../drivers/pinctrl/pinctrl-stmfx.c:297:12:stmfx_pinctrl_conf_set	24	static
