../drivers/mtd/spi/spi-nor-core.c:532:12:read_cr	16	static
../drivers/mtd/spi/spi-nor-core.c:551:12:write_sr	4	static
../drivers/mtd/spi/spi-nor-core.c:561:12:write_enable	4	static
../drivers/mtd/spi/spi-nor-core.c:569:12:write_disable	4	static
../drivers/mtd/spi/spi-nor-core.c:1126:13:stm_get_locked_range	20	static
../drivers/mtd/spi/spi-nor-core.c:1418:12:spi_nor_read	40	static
../drivers/mtd/spi/spi-nor-core.c:2857:12:spi_nor_hwcaps2cmd	0	static
../drivers/mtd/spi/spi-nor-core.c:3399:13:s25_default_init	0	static
../drivers/mtd/spi/spi-nor-core.c:3821:13:macronix_octal_default_init	0	static
../drivers/mtd/spi/spi-nor-core.c:3826:13:macronix_octal_post_sfdp_fixup	0	static
../drivers/mtd/spi/spi-nor-core.c:3462:13:s25_post_sfdp_fixup	0	static
../drivers/mtd/spi/spi-nor-core.c:2918:12:spi_nor_check_op	16	static
../drivers/mtd/spi/spi-nor-core.c:661:12:set_4byte.constprop	16	static
../drivers/mtd/spi/spi-nor-core.c:330:12:spansion_read_any_reg	72	static
../drivers/mtd/spi/spi-nor-core.c:3404:12:s25_post_bfpt_fixup	32	static
../drivers/mtd/spi/spi-nor-core.c:3333:12:s25_quad_enable	80	static
../drivers/mtd/spi/spi-nor-core.c:3319:12:s25_mdp_ready	32	static
../drivers/mtd/spi/spi-nor-core.c:1171:12:stm_is_locked_sr	40	static
../drivers/mtd/spi/spi-nor-core.c:1177:12:stm_is_unlocked_sr	40	static
../drivers/mtd/spi/spi-nor-core.c:251:6:spi_nor_setup_op	8	static
../drivers/mtd/spi/spi-nor-core.c:445:12:read_sr	80	static
../drivers/mtd/spi/spi-nor-core.c:1380:12:stm_is_unlocked	32	static
../drivers/mtd/spi/spi-nor-core.c:829:12:spi_nor_wait_till_ready	112	static
../drivers/mtd/spi/spi-nor-core.c:3774:12:spi_nor_macronix_octal_dtr_enable	104	static
../drivers/mtd/spi/spi-nor-core.c:1743:12:spi_nor_write	56	static
../drivers/mtd/spi/spi-nor-core.c:1941:12:spansion_read_cr_quad_enable	24	static
../drivers/mtd/spi/spi-nor-core.c:1815:12:macronix_quad_enable	32	static
../drivers/mtd/spi/spi-nor-core.c:1106:12:write_sr_and_check.constprop	16	static
../drivers/mtd/spi/spi-nor-core.c:1215:12:stm_lock	64	static
../drivers/mtd/spi/spi-nor-core.c:1295:12:stm_unlock	64	static
../drivers/mtd/spi/spi-nor-core.c:3179:12:spi_nor_default_setup	88	static
../drivers/mtd/spi/spi-nor-core.c:3354:12:s25_setup	24	static
../drivers/mtd/spi/spi-nor-core.c:965:12:spi_nor_erase	80	static
../drivers/mtd/spi/spi-nor-core.c:314:12:spi_nor_write_reg	72	static
../drivers/mtd/spi/spi-nor-core.c:297:12:spi_nor_read_reg	72	static
../drivers/mtd/spi/spi-nor-core.c:406:16:spi_nor_write_data	72	static
../drivers/mtd/spi/spi-nor-core.c:354:16:spi_nor_read_data	72	static
../drivers/mtd/spi/spi-nor-core.c:3347:12:s25_erase_non_uniform	64	static
../drivers/mtd/spi/spi-nor-core.c:3981:5:spi_nor_remove	0	static
../drivers/mtd/spi/spi-nor-core.c:3992:6:spi_nor_set_fixups	0	static
../drivers/mtd/spi/spi-nor-core.c:4033:5:spi_nor_scan	488	static
../drivers/mtd/spi/spi-nor-core.c:4224:5:spi_flash_cmd_get_sw_write_prot	8	static
