../fs/ubifs/debug.c:237:6:ubifs_dump_inode	0	static
../fs/ubifs/debug.c:307:6:ubifs_dump_node	0	static
../fs/ubifs/debug.c:556:6:ubifs_dump_budget_req	0	static
../fs/ubifs/debug.c:575:6:ubifs_dump_lstats	0	static
../fs/ubifs/debug.c:658:6:ubifs_dump_budg	0	static
../fs/ubifs/debug.c:663:6:ubifs_dump_lprop	0	static
../fs/ubifs/debug.c:756:6:ubifs_dump_lprops	144	static
../fs/ubifs/debug.c:778:6:ubifs_dump_lpt_info	0	static
../fs/ubifs/debug.c:818:6:ubifs_dump_sleb	0	static
../fs/ubifs/debug.c:836:6:ubifs_dump_leb	0	static
../fs/ubifs/debug.c:876:6:ubifs_dump_znode	0	static
../fs/ubifs/debug.c:917:6:ubifs_dump_heap	0	static
../fs/ubifs/debug.c:935:6:ubifs_dump_pnode	0	static
../fs/ubifs/debug.c:955:6:ubifs_dump_tnc	0	static
../fs/ubifs/debug.c:994:6:ubifs_dump_index	0	static
../fs/ubifs/debug.c:1501:5:dbg_check_dir	0	static
../fs/ubifs/debug.c:1506:6:dbg_debugfs_exit_fs	0	static
../fs/ubifs/debug.c:1511:5:ubifs_debugging_init	0	static
../fs/ubifs/debug.c:1515:6:ubifs_debugging_exit	0	static
../fs/ubifs/debug.c:1518:5:dbg_check_filesystem	0	static
../fs/ubifs/debug.c:1522:5:dbg_debugfs_init_fs	0	static
../fs/ubifs/debug.c:1616:5:dbg_check_tnc	0	static
../fs/ubifs/debug.c:1637:5:dbg_walk_index	80	static
../fs/ubifs/debug.c:1789:5:dbg_check_idx_size	0	static
