../fs/ubifs/log.c:595:12:add_node	32	static
../fs/ubifs/log.c:577:13:destroy_done_tree	16	static
../fs/ubifs/log.c:35:19:ubifs_search_bud	0	static
../fs/ubifs/log.c:64:20:ubifs_get_wbuf	0	static
../fs/ubifs/log.c:117:6:ubifs_add_bud	16	static
../fs/ubifs/log.c:169:5:ubifs_add_bud_to_log	56	static
../fs/ubifs/log.c:352:5:ubifs_log_start_commit	40	static
../fs/ubifs/log.c:451:5:ubifs_log_end_commit	8	static
../fs/ubifs/log.c:500:5:ubifs_log_post_commit	48	static
../fs/ubifs/log.c:626:5:ubifs_consolidate_log	88	static
