../fs/ubifs/super.c:570:13:ubifs_dirty_inode	0	static
../fs/ubifs/super.c:2348:12:sb_test	0	static
../fs/ubifs/super.c:2356:12:sb_set	0	static
../fs/ubifs/super.c:2530:13:kill_ubifs_super	0	static
../fs/ubifs/super.c:1036:13:free_orphans	48	static
../fs/ubifs/super.c:444:22:ubifs_alloc_inode	8	static
../fs/ubifs/super.c:824:12:bud_wbuf_callback	16	static
../fs/ubifs/super.c:1018:13:free_wbufs.part.0	16	static
../fs/ubifs/super.c:58:5:set_anon_super	0	static
../fs/ubifs/super.c:63:15:iget_locked	16	static
../fs/ubifs/super.c:79:6:iget_failed	0	static
../fs/ubifs/super.c:83:5:ubifs_iput	8	static
../fs/ubifs/super.c:94:6:iput	24	static
../fs/ubifs/super.c:133:6:clear_nlink	0	static
../fs/ubifs/super.c:150:6:set_nlink	4	static
../fs/ubifs/super.c:175:6:unlock_new_inode	0	static
../fs/ubifs/super.c:243:15:ubifs_iget	72	static
../fs/ubifs/super.c:1730:6:ubifs_umount	8	static
../fs/ubifs/super.c:2391:21:sget	24	static
../fs/ubifs/super.c:2457:23:ubifs_mount	72	static
../fs/ubifs/super.c:2559:5:ubifs_init	8	static
../fs/ubifs/super.c:2694:5:uboot_ubifs_mount	8	static
