../fs/ubifs/ubifs.c:38:12:gzip_decompress	16	static
../fs/ubifs/ubifs.c:200:19:compr_init	32	static
../fs/ubifs/ubifs.c:462:22:ubifs_findfile	512	static
../fs/ubifs/ubifs.c:156:5:ubifs_decompress	80	static
../fs/ubifs/ubifs.c:669:12:read_block	80	static
../fs/ubifs/ubifs.c:223:12:ubifs_compressors_init	8	static
../fs/ubifs/ubifs.c:549:5:ubifs_set_blk_dev	8	static
../fs/ubifs/ubifs.c:568:5:ubifs_ls	152	static
../fs/ubifs/ubifs.c:616:5:ubifs_exists	16	static
../fs/ubifs/ubifs.c:628:5:ubifs_size	24	static
../fs/ubifs/ubifs.c:829:5:ubifs_read	104	static
../fs/ubifs/ubifs.c:917:6:ubifs_close	0	static
../fs/ubifs/ubifs.c:922:5:ubifs_load	40	static
../fs/ubifs/ubifs.c:938:6:uboot_ubifs_umount	8	static
