../drivers/gpio/gpio-uclass.c:584:12:_gpio_get_value	8	static
../drivers/gpio/gpio-uclass.c:60:12:gpio_to_device	24	static
../drivers/gpio/gpio-uclass.c:298:12:gpio_hog_of_to_plat	16	static
../drivers/gpio/gpio-uclass.c:1344:12:gpio_renumber	32	static
../drivers/gpio/gpio-uclass.c:1400:12:gpio_pre_remove	16	static
../drivers/gpio/gpio-uclass.c:1381:12:gpio_post_probe	8	static
../drivers/gpio/gpio-uclass.c:1499:12:gpio_post_bind	40	static
../drivers/gpio/gpio-uclass.c:89:13:gpio_is_claimed.isra	0	static
../drivers/gpio/gpio-uclass.c:520:12:check_reserved	24	static
../drivers/gpio/gpio-uclass.c:861:12:get_function	24	static
../drivers/gpio/gpio-uclass.c:157:5:dm_gpio_lookup_name	32	static
../drivers/gpio/gpio-uclass.c:202:5:gpio_lookup_name	40	static
../drivers/gpio/gpio-uclass.c:227:15:gpio_flags_xlate	0	static
../drivers/gpio/gpio-uclass.c:255:5:gpio_xlate_offs_flags	16	static
../drivers/gpio/gpio-uclass.c:356:5:gpio_hog_lookup_name	24	static
../drivers/gpio/gpio-uclass.c:386:5:dm_gpio_request	32	static
../drivers/gpio/gpio-uclass.c:414:12:dm_gpio_requestf	60	static
../drivers/gpio/gpio-uclass.c:441:5:gpio_request	24	static
../drivers/gpio/gpio-uclass.c:463:5:gpio_requestf	60	static
../drivers/gpio/gpio-uclass.c:478:5:_dm_gpio_free	24	static
../drivers/gpio/gpio-uclass.c:508:5:gpio_free	24	static
../drivers/gpio/gpio-uclass.c:594:5:dm_gpio_get_value	8	static
../drivers/gpio/gpio-uclass.c:605:5:dm_gpio_set_value	16	static
../drivers/gpio/gpio-uclass.c:721:5:dm_gpio_clrset_flags	24	static
../drivers/gpio/gpio-uclass.c:547:5:gpio_direction_input	24	static
../drivers/gpio/gpio-uclass.c:568:5:gpio_direction_output	24	static
../drivers/gpio/gpio-uclass.c:742:5:dm_gpio_set_dir_flags	0	static
../drivers/gpio/gpio-uclass.c:1132:12:gpio_request_tail	40	static
../drivers/gpio/gpio-uclass.c:1179:12:_gpio_request_by_name_nodev	128	static
../drivers/gpio/gpio-uclass.c:748:5:dm_gpios_clrset_flags	32	static
../drivers/gpio/gpio-uclass.c:763:5:dm_gpio_get_flags	32	static
../drivers/gpio/gpio-uclass.c:809:5:gpio_get_value	24	static
../drivers/gpio/gpio-uclass.c:830:5:gpio_set_value	24	static
../drivers/gpio/gpio-uclass.c:841:13:gpio_get_bank_info	8	static
../drivers/gpio/gpio-uclass.c:890:5:gpio_get_function	0	static
../drivers/gpio/gpio-uclass.c:895:5:gpio_get_raw_function	0	static
../drivers/gpio/gpio-uclass.c:900:5:gpio_get_status	64	static
../drivers/gpio/gpio-uclass.c:966:5:gpio_claim_vector	24	static
../drivers/gpio/gpio-uclass.c:997:5:gpio_get_values_as_int	24	static
../drivers/gpio/gpio-uclass.c:1017:5:dm_gpio_get_values_as_int	32	static
../drivers/gpio/gpio-uclass.c:1035:5:dm_gpio_get_values_as_int_base3	16	static
../drivers/gpio/gpio-uclass.c:1193:5:gpio_request_by_name_nodev	16	static
../drivers/gpio/gpio-uclass.c:1200:5:gpio_request_by_name	128	static
../drivers/gpio/gpio-uclass.c:1214:5:gpio_request_by_line_name	24	static
../drivers/gpio/gpio-uclass.c:1285:5:gpio_get_list_count	0	static
../drivers/gpio/gpio-uclass.c:1321:5:dm_gpio_free	0	static
../drivers/gpio/gpio-uclass.c:1327:5:gpio_free_list	24	static
../drivers/gpio/gpio-uclass.c:1338:5:gpio_free_list_nodev	0	static
../drivers/gpio/gpio-uclass.c:1247:5:gpio_request_list_by_name_nodev	48	static
../drivers/gpio/gpio-uclass.c:1272:5:gpio_request_list_by_name	0	static
../drivers/gpio/gpio-uclass.c:1369:5:gpio_get_number	8	static
../drivers/gpio/gpio-uclass.c:1415:5:gpio_dev_request_index	104	static
../drivers/gpio/gpio-uclass.c:329:12:gpio_hog_probe	32	static
../drivers/gpio/gpio-uclass.c:1440:19:devm_gpiod_get_index	32	static
../drivers/gpio/gpio-uclass.c:1478:19:devm_gpiod_get_index_optional	8	static
../drivers/gpio/gpio-uclass.c:1491:6:devm_gpiod_put	0	static
