../drivers/core/device.c:881:24:_device_find_global_by_ofnode	16	static
../drivers/core/device.c:302:14:alloc_priv	16	static
../drivers/core/device.c:40:12:device_bind_common.constprop	40	static
../drivers/core/device.c:240:5:device_bind_with_driver_data	24	static
../drivers/core/device.c:249:5:device_bind	24	static
../drivers/core/device.c:257:5:device_bind_by_name	40	static
../drivers/core/device.c:281:5:device_reparent	12	static
../drivers/core/device.c:389:5:device_of_to_plat	16	static
../drivers/core/device.c:481:5:device_probe	16	static
../drivers/core/device.c:619:7:dev_get_plat	0	static
../drivers/core/device.c:629:7:dev_get_parent_plat	0	static
../drivers/core/device.c:639:7:dev_get_uclass_plat	0	static
../drivers/core/device.c:649:7:dev_get_priv	0	static
../drivers/core/device.c:660:15:dev_get_uclass_priv	0	static
../drivers/core/device.c:670:7:dev_get_parent_priv	0	static
../drivers/core/device.c:680:7:dev_get_attach_ptr	0	static
../drivers/core/device.c:700:5:dev_get_attach_size	12	static
../drivers/core/device.c:789:5:device_get_child	16	static
../drivers/core/device.c:802:5:device_get_child_count	0	static
../drivers/core/device.c:813:5:device_get_decendent_count	16	static
../drivers/core/device.c:824:5:device_find_child_by_seq	12	static
../drivers/core/device.c:841:5:device_get_child_by_seq	24	static
../drivers/core/device.c:853:5:device_find_child_by_of_offset	12	static
../drivers/core/device.c:870:5:device_get_child_by_of_offset	24	static
../drivers/core/device.c:898:5:device_find_global_by_ofnode	8	static
../drivers/core/device.c:905:5:device_get_global_by_ofnode	16	static
../drivers/core/device.c:933:5:device_find_first_child	0	static
../drivers/core/device.c:945:5:device_find_next_child	0	static
../drivers/core/device.c:960:5:device_find_first_inactive_child	16	static
../drivers/core/device.c:978:5:device_find_first_child_by_uclass	12	static
../drivers/core/device.c:995:5:device_find_child_by_namelen	32	static
../drivers/core/device.c:1013:5:device_find_child_by_name	16	static
../drivers/core/device.c:1019:5:device_first_child_err	24	static
../drivers/core/device.c:1030:5:device_next_child_err	24	static
../drivers/core/device.c:1041:5:device_first_child_ofdata_err	24	static
../drivers/core/device.c:1059:5:device_next_child_ofdata_err	24	static
../drivers/core/device.c:1077:17:dev_get_parent	0	static
../drivers/core/device.c:1082:7:dev_get_driver_data	0	static
../drivers/core/device.c:1087:13:dev_get_driver_ops	0	static
../drivers/core/device.c:1095:16:device_get_uclass_id	0	static
../drivers/core/device.c:1100:13:dev_get_uclass_name	0	static
../drivers/core/device.c:1108:6:device_has_children	0	static
../drivers/core/device.c:1113:6:device_has_active_children	16	static
../drivers/core/device.c:1127:6:device_is_last_sibling	0	static
../drivers/core/device.c:1136:6:device_set_name_alloced	0	static
../drivers/core/device.c:1141:5:device_set_name	8	static
../drivers/core/device.c:1152:6:dev_set_priv	0	static
../drivers/core/device.c:1157:6:dev_set_parent_priv	0	static
../drivers/core/device.c:1162:6:dev_set_uclass_priv	0	static
../drivers/core/device.c:1167:6:dev_set_plat	0	static
../drivers/core/device.c:1172:6:dev_set_parent_plat	0	static
../drivers/core/device.c:1177:6:dev_set_uclass_plat	0	static
../drivers/core/device.c:1183:6:device_is_compatible	8	static
../drivers/core/device.c:1188:6:of_machine_is_compatible	8	static
../drivers/core/device.c:1193:5:dev_disable_by_path	8	static
../drivers/core/device.c:1223:5:dev_enable_by_path	8	static
