../drivers/core/fdtaddr.c:22:12:devfdt_get_addr_index	32	static
../drivers/core/fdtaddr.c:107:12:devfdt_get_addr_size_index	24	static
../drivers/core/fdtaddr.c:129:7:devfdt_get_addr_size_index_ptr	8	static
../drivers/core/fdtaddr.c:140:12:devfdt_get_addr_name	8	static
../drivers/core/fdtaddr.c:166:12:devfdt_get_addr_size_name	16	static
../drivers/core/fdtaddr.c:183:7:devfdt_get_addr_size_name_ptr	8	static
../drivers/core/fdtaddr.c:194:12:devfdt_get_addr	0	static
../drivers/core/fdtaddr.c:204:7:devfdt_remap_addr_index	8	static
../drivers/core/fdtaddr.c:199:7:devfdt_get_addr_ptr	0	static
../drivers/core/fdtaddr.c:97:7:devfdt_get_addr_index_ptr	0	static
../drivers/core/fdtaddr.c:214:7:devfdt_remap_addr_name	8	static
../drivers/core/fdtaddr.c:156:7:devfdt_get_addr_name_ptr	0	static
../drivers/core/fdtaddr.c:224:7:devfdt_remap_addr	0	static
../drivers/core/fdtaddr.c:229:7:devfdt_map_physmem	8	static
../drivers/core/fdtaddr.c:239:12:devfdt_get_addr_pci	0	static
