../drivers/core/ofnode.c:239:5:oftree_new	0	static
../drivers/core/ofnode.c:246:5:oftree_to_fdt	16	static
../drivers/core/ofnode.c:307:5:ofnode_read_u8	24	static
../drivers/core/ofnode.c:330:4:ofnode_read_u8_default	16	static
../drivers/core/ofnode.c:338:5:ofnode_read_u16	24	static
../drivers/core/ofnode.c:361:5:ofnode_read_u16_default	16	static
../drivers/core/ofnode.c:382:5:ofnode_read_u32_index	24	static
../drivers/core/ofnode.c:369:5:ofnode_read_u32	0	static
../drivers/core/ofnode.c:374:5:ofnode_read_u32_default	16	static
../drivers/core/ofnode.c:413:5:ofnode_read_u64_index	24	static
../drivers/core/ofnode.c:443:5:ofnode_read_u32_index_default	16	static
../drivers/core/ofnode.c:452:5:ofnode_read_s32_default	16	static
../drivers/core/ofnode.c:460:5:ofnode_read_u64	24	static
../drivers/core/ofnode.c:484:5:ofnode_read_u64_default	16	static
../drivers/core/ofnode.c:506:13:ofnode_read_prop	24	static
../drivers/core/ofnode.c:538:13:ofnode_read_string	16	static
../drivers/core/ofnode.c:556:5:ofnode_read_size	16	static
../drivers/core/ofnode.c:566:8:ofnode_find_subnode	8	static
../drivers/core/ofnode.c:592:5:ofnode_read_u32_array	16	static
../drivers/core/ofnode.c:1045:12:decode_timing_property	16	static
../drivers/core/ofnode.c:651:8:ofnode_get_parent	8	static
../drivers/core/ofnode.c:665:13:ofnode_get_name	0	static
../drivers/core/ofnode.c:294:6:ofnode_name_eq	16	static
../drivers/core/ofnode.c:678:5:ofnode_get_path	8	static
../drivers/core/ofnode.c:703:8:ofnode_get_by_phandle	8	static
../drivers/core/ofnode.c:716:8:oftree_get_by_phandle	8	static
../drivers/core/ofnode.c:801:5:ofnode_stringlist_search	8	static
../drivers/core/ofnode.c:822:5:ofnode_read_string_index	32	static
../drivers/core/ofnode.c:840:5:ofnode_read_string_count	0	static
../drivers/core/ofnode.c:850:5:ofnode_read_string_list	32	static
../drivers/core/ofnode.c:894:5:ofnode_parse_phandle_with_args	104	static
../drivers/core/ofnode.c:926:5:ofnode_count_phandle_with_args	32	static
../drivers/core/ofnode.c:938:8:ofnode_path	8	static
../drivers/core/ofnode.c:946:8:oftree_root	0	static
../drivers/core/ofnode.c:955:8:oftree_path	8	static
../drivers/core/ofnode.c:969:13:ofnode_read_chosen_prop	16	static
../drivers/core/ofnode.c:978:13:ofnode_read_chosen_string	0	static
../drivers/core/ofnode.c:983:8:ofnode_get_chosen_node	8	static
../drivers/core/ofnode.c:994:5:ofnode_read_baud	8	static
../drivers/core/ofnode.c:1012:13:ofnode_read_aliases_prop	16	static
../drivers/core/ofnode.c:1021:8:ofnode_get_aliases_node	8	static
../drivers/core/ofnode.c:1034:5:ofnode_get_child_count	8	static
../drivers/core/ofnode.c:1180:13:ofnode_get_property	4	static
../drivers/core/ofnode.c:1189:6:ofnode_has_property	8	static
../drivers/core/ofnode.c:492:6:ofnode_read_bool	0	static
../drivers/core/ofnode.c:1068:5:ofnode_decode_display_timing	24	static
../drivers/core/ofnode.c:1133:5:ofnode_decode_panel_timing	32	static
../drivers/core/ofnode.c:1197:5:ofnode_first_property	8	static
../drivers/core/ofnode.c:1216:5:ofnode_next_property	8	static
../drivers/core/ofnode.c:1234:13:ofprop_get_property	4	static
../drivers/core/ofnode.c:1246:12:ofnode_get_addr_size	4	static
../drivers/core/ofnode.c:1272:16:ofnode_read_u8_array_ptr	4	static
../drivers/core/ofnode.c:1290:5:ofnode_read_pci_addr	40	static
../drivers/core/ofnode.c:1349:5:ofnode_read_pci_vendev	40	static
../drivers/core/ofnode.c:1385:5:ofnode_read_eth_phy_id	40	static
../drivers/core/ofnode.c:1421:5:ofnode_read_addr_cells	8	static
../drivers/core/ofnode.c:1433:5:ofnode_read_size_cells	8	static
../drivers/core/ofnode.c:1445:5:ofnode_read_simple_addr_cells	0	static
../drivers/core/ofnode.c:1454:5:ofnode_read_simple_size_cells	0	static
../drivers/core/ofnode.c:730:19:__ofnode_get_addr_size_index	40	static
../drivers/core/ofnode.c:769:12:ofnode_get_addr_size_index	0	static
../drivers/core/ofnode.c:780:12:ofnode_get_addr_index	16	static
../drivers/core/ofnode.c:787:12:ofnode_get_addr	0	static
../drivers/core/ofnode.c:792:12:ofnode_get_size	16	static
../drivers/core/ofnode.c:774:12:ofnode_get_addr_size_index_notrans	0	static
../drivers/core/ofnode.c:1463:6:ofnode_pre_reloc	0	static
../drivers/core/ofnode.c:1501:5:ofnode_read_resource	32	static
../drivers/core/ofnode.c:1522:5:ofnode_read_resource_byname	16	static
../drivers/core/ofnode.c:1534:5:ofnode_translate_address	0	static
../drivers/core/ofnode.c:1543:5:ofnode_translate_dma_address	0	static
../drivers/core/ofnode.c:1552:5:ofnode_get_dma_range	16	static
../drivers/core/ofnode.c:1562:5:ofnode_device_is_compatible	8	static
../drivers/core/ofnode.c:1573:8:ofnode_by_compatible	8	static
../drivers/core/ofnode.c:1586:8:ofnode_by_prop_value	16	static
../drivers/core/ofnode.c:1601:5:ofnode_write_prop	4	static
../drivers/core/ofnode.c:1625:5:ofnode_write_string	24	static
../drivers/core/ofnode.c:1635:5:ofnode_write_u32	24	static
../drivers/core/ofnode.c:1650:5:ofnode_write_u64	32	static
../drivers/core/ofnode.c:1673:5:ofnode_delete_prop	0	static
../drivers/core/ofnode.c:1665:5:ofnode_write_bool	16	static
../drivers/core/ofnode.c:1689:5:ofnode_set_enabled	0	static
../drivers/core/ofnode.c:1699:6:ofnode_conf_read_bool	8	static
../drivers/core/ofnode.c:1710:5:ofnode_conf_read_int	16	static
../drivers/core/ofnode.c:1721:13:ofnode_conf_read_str	8	static
../drivers/core/ofnode.c:1732:5:ofnode_read_bootscript_address	16	static
../drivers/core/ofnode.c:1757:5:ofnode_read_bootscript_flash	24	static
../drivers/core/ofnode.c:1791:8:ofnode_get_phy_node	104	static
../drivers/core/ofnode.c:1812:17:ofnode_read_phy_mode	16	static
../drivers/core/ofnode.c:1835:5:ofnode_add_subnode	24	static
../drivers/core/ofnode.c:1870:5:ofnode_delete	8	static
../drivers/core/ofnode.c:1893:5:ofnode_copy_props	32	static
../drivers/core/ofnode.c:1917:5:ofnode_copy_node	24	static
