../drivers/core/regmap.c:67:23:regmap_alloc	8	static
../drivers/core/regmap.c:169:5:regmap_init_mem_index	56	static
../drivers/core/regmap.c:215:5:regmap_init_mem_range	24	static
../drivers/core/regmap.c:242:5:regmap_init_mem	64	static
../drivers/core/regmap.c:321:16:devm_regmap_init	16	static
../drivers/core/regmap.c:354:7:regmap_get_range	0	static
../drivers/core/regmap.c:365:5:regmap_uninit	8	static
../drivers/core/regmap.c:421:5:regmap_raw_read_range	16	static
../drivers/core/regmap.c:466:5:regmap_raw_read	16	static
../drivers/core/regmap.c:471:5:regmap_read	24	static
../drivers/core/regmap.c:561:5:regmap_raw_write_range	20	static
../drivers/core/regmap.c:605:5:regmap_raw_write	16	static
../drivers/core/regmap.c:611:5:regmap_write	24	static
../drivers/core/regmap.c:642:5:regmap_update_bits	32	static
../drivers/core/regmap.c:656:5:regmap_field_read	24	static
../drivers/core/regmap.c:672:5:regmap_field_write	0	static
../drivers/core/regmap.c:688:22:devm_regmap_field_alloc	8	static
../drivers/core/regmap.c:702:6:devm_regmap_field_free	0	static
../drivers/core/regmap.c:707:22:regmap_field_alloc	24	static
../drivers/core/regmap.c:720:6:regmap_field_free	0	static
