../drivers/core/syscon-uclass.c:81:12:syscon_probe_by_ofnode	32	static
../drivers/core/syscon-uclass.c:44:12:syscon_pre_probe	16	static
../drivers/core/syscon-uclass.c:34:16:syscon_get_regmap	8	static
../drivers/core/syscon-uclass.c:114:16:syscon_regmap_lookup_by_phandle	24	static
../drivers/core/syscon-uclass.c:150:5:syscon_get_by_driver_data	0	static
../drivers/core/syscon-uclass.c:163:16:syscon_get_regmap_by_driver_data	16	static
../drivers/core/syscon-uclass.c:177:7:syscon_get_first_range	8	static
../drivers/core/syscon-uclass.c:213:16:syscon_node_to_regmap	16	static
