../drivers/core/of_access.c:126:18:of_find_property	16	static
../drivers/core/of_access.c:476:14:of_find_property_value_of_size	8	static
../drivers/core/of_access.c:147:21:of_find_all_nodes	0	static
../drivers/core/of_access.c:169:13:of_get_property	8	static
../drivers/core/of_access.c:70:5:of_n_addr_cells	16	static
../drivers/core/of_access.c:86:5:of_n_size_cells	16	static
../drivers/core/of_access.c:102:5:of_simple_addr_cells	8	static
../drivers/core/of_access.c:114:5:of_simple_size_cells	8	static
../drivers/core/of_access.c:177:24:of_get_first_property	0	static
../drivers/core/of_access.c:185:24:of_get_next_property	0	static
../drivers/core/of_access.c:194:13:of_get_property_by_prop	0	static
../drivers/core/of_access.c:226:5:of_device_is_compatible	32	static
../drivers/core/of_access.c:265:6:of_device_is_available	16	static
../drivers/core/of_access.c:285:21:of_get_parent	0	static
../drivers/core/of_access.c:346:21:of_find_node_opts_by_path	32	static
../drivers/core/of_access.c:407:21:of_find_compatible_node	16	static
../drivers/core/of_access.c:432:21:of_find_node_by_prop_value	24	static
../drivers/core/of_access.c:448:21:of_find_node_by_phandle	8	static
../drivers/core/of_access.c:489:5:of_read_u8	8	static
../drivers/core/of_access.c:508:5:of_read_u16	8	static
../drivers/core/of_access.c:532:5:of_read_u32_array	16	static
../drivers/core/of_access.c:551:5:of_read_u32_index	16	static
../drivers/core/of_access.c:527:5:of_read_u32	0	static
../drivers/core/of_access.c:669:12:__of_parse_phandle_with_args	48	static
../drivers/core/of_access.c:573:5:of_read_u64_index	16	static
../drivers/core/of_access.c:596:5:of_read_u64	0	static
../drivers/core/of_access.c:601:5:of_property_match_string	32	static
../drivers/core/of_access.c:643:5:of_property_read_string_helper	32	static
../drivers/core/of_access.c:786:21:of_parse_phandle	88	static
../drivers/core/of_access.c:801:5:of_parse_phandle_with_args	4	static
../drivers/core/of_access.c:813:5:of_count_phandle_with_args	16	static
../drivers/core/of_access.c:833:5:of_alias_scan	48	static
../drivers/core/of_access.c:895:5:of_alias_get_id	24	static
../drivers/core/of_access.c:915:5:of_alias_get_highest_id	24	static
../drivers/core/of_access.c:933:21:of_get_stdout	0	static
../drivers/core/of_access.c:938:5:of_write_prop	32	static
../drivers/core/of_access.c:981:5:of_add_subnode	48	static
../drivers/core/of_access.c:1044:5:__of_remove_property	0	static
../drivers/core/of_access.c:1061:5:of_remove_property	0	static
../drivers/core/of_access.c:1074:5:of_remove_node	8	static
