../drivers/core/root.c:190:12:dm_scan_fdt_node	32	static
../drivers/core/root.c:284:12:dm_probe_devices	16	static
../drivers/core/root.c:40:17:dm_root	0	static
../drivers/core/root.c:50:6:dm_fixup_for_gd_move	0	static
../drivers/core/root.c:95:5:dm_init	8	static
../drivers/core/root.c:133:5:dm_uninit	8	static
../drivers/core/root.c:145:5:dm_remove_devices_flags	8	static
../drivers/core/root.c:153:5:dm_scan_plat	8	static
../drivers/core/root.c:221:5:dm_scan_fdt_dev	0	static
../drivers/core/root.c:227:5:dm_scan_fdt	0	static
../drivers/core/root.c:241:5:dm_extended_scan	32	static
../drivers/core/root.c:270:12:dm_scan_other	0	static
../drivers/core/root.c:343:5:dm_init_and_scan	8	static
../drivers/core/root.c:370:6:dm_get_stats	16	static
../drivers/core/root.c:376:6:dev_collect_stats	24	static
../drivers/core/root.c:400:6:uclass_collect_stats	8	static
../drivers/core/root.c:417:6:dm_get_mem	8	static
