../drivers/core/uclass.c:26:16:uclass_find	12	static
../drivers/core/uclass.c:111:5:uclass_destroy	16	static
../drivers/core/uclass.c:145:5:uclass_get	24	static
../drivers/core/uclass.c:414:12:uclass_find_device_by_phandle_id	32	static
../drivers/core/uclass.c:164:13:uclass_get_name	16	static
../drivers/core/uclass.c:173:7:uclass_get_priv	0	static
../drivers/core/uclass.c:178:6:uclass_set_priv	0	static
../drivers/core/uclass.c:183:16:uclass_get_by_namelen	24	static
../drivers/core/uclass.c:198:16:uclass_get_by_name	8	static
../drivers/core/uclass.c:203:5:dev_get_uclass_index	20	static
../drivers/core/uclass.c:224:5:uclass_find_device	24	static
../drivers/core/uclass.c:247:5:uclass_find_first_device	16	static
../drivers/core/uclass.c:264:5:uclass_find_next_device	0	static
../drivers/core/uclass.c:581:13:_uclass_next_device	24	static
../drivers/core/uclass.c:277:5:uclass_find_device_by_namelen	40	static
../drivers/core/uclass.c:302:5:uclass_find_device_by_name	16	static
../drivers/core/uclass.c:308:5:uclass_find_next_free_seq	8	static
../drivers/core/uclass.c:331:5:uclass_find_device_by_seq	24	static
../drivers/core/uclass.c:358:5:uclass_find_device_by_of_offset	40	static
../drivers/core/uclass.c:382:5:uclass_find_device_by_ofnode	24	static
../drivers/core/uclass.c:440:5:uclass_find_device_by_phandle	16	static
../drivers/core/uclass.c:454:5:uclass_get_device_by_driver	24	static
../drivers/core/uclass.c:474:5:uclass_get_device_tail	16	static
../drivers/core/uclass.c:489:5:uclass_get_device	16	static
../drivers/core/uclass.c:499:5:uclass_get_device_by_name	16	static
../drivers/core/uclass.c:510:5:uclass_get_device_by_seq	16	static
../drivers/core/uclass.c:521:5:uclass_get_device_by_of_offset	16	static
../drivers/core/uclass.c:532:5:uclass_get_device_by_ofnode	16	static
../drivers/core/uclass.c:548:5:uclass_get_device_by_of_path	16	static
../drivers/core/uclass.c:554:5:uclass_get_device_by_phandle_id	16	static
../drivers/core/uclass.c:565:5:uclass_get_device_by_phandle	16	static
../drivers/core/uclass.c:590:6:uclass_first_device	16	static
../drivers/core/uclass.c:599:6:uclass_next_device	16	static
../drivers/core/uclass.c:633:5:uclass_first_device_check	8	static
../drivers/core/uclass.c:607:5:uclass_first_device_err	8	static
../drivers/core/uclass.c:647:5:uclass_next_device_check	8	static
../drivers/core/uclass.c:620:5:uclass_next_device_err	8	static
../drivers/core/uclass.c:660:5:uclass_get_count	8	static
../drivers/core/uclass.c:673:5:uclass_first_device_drvdata	32	static
../drivers/core/uclass.c:690:5:uclass_bind_device	8	static
../drivers/core/uclass.c:717:5:uclass_pre_unbind_device	0	static
../drivers/core/uclass.c:732:5:uclass_unbind_device	0	static
../drivers/core/uclass.c:740:5:uclass_pre_probe_device	8	static
../drivers/core/uclass.c:764:5:uclass_post_probe_device	8	static
../drivers/core/uclass.c:789:5:uclass_pre_remove_device	0	static
../drivers/core/uclass.c:805:5:uclass_probe_all	16	static
../drivers/core/uclass.c:822:5:uclass_id_count	16	static
