../boot/bootdev-uclass.c:919:12:bootdev_post_bind	8	static
../boot/bootdev-uclass.c:262:12:bootdev_get_suffix_start	24	static
../boot/bootdev-uclass.c:769:12:bootdev_hunt_drv	32	static
../boot/bootdev-uclass.c:36:5:bootdev_add_bootflow	24	static
../boot/bootdev-uclass.c:62:5:bootdev_first_bootflow	8	static
../boot/bootdev-uclass.c:75:5:bootdev_next_bootflow	16	static
../boot/bootdev-uclass.c:90:5:bootdev_bind	64	static
../boot/bootdev-uclass.c:111:5:bootdev_find_in_blk	280	static
../boot/bootdev-uclass.c:213:6:bootdev_list	48	static
../boot/bootdev-uclass.c:239:5:bootdev_setup_for_dev	24	static
../boot/bootdev-uclass.c:274:5:bootdev_setup_for_sibling_blk	80	static
../boot/bootdev-uclass.c:308:5:bootdev_get_sibling_blk	88	static
../boot/bootdev-uclass.c:361:5:bootdev_unbind_dev	16	static
../boot/bootdev-uclass.c:429:5:bootdev_find_by_label	120	static
../boot/bootdev-uclass.c:485:5:bootdev_find_by_any	40	static
../boot/bootdev-uclass.c:568:5:bootdev_get_bootflow	32	static
../boot/bootdev-uclass.c:582:6:bootdev_clear_bootflows	8	static
../boot/bootdev-uclass.c:928:12:bootdev_pre_unbind	8	static
../boot/bootdev-uclass.c:796:5:bootdev_hunt	48	static
../boot/bootdev-uclass.c:528:5:bootdev_hunt_and_find_by_label	16	static
../boot/bootdev-uclass.c:595:5:bootdev_next_label	56	static
../boot/bootdev-uclass.c:834:5:bootdev_unhunt	16	static
../boot/bootdev-uclass.c:861:5:bootdev_hunt_prio	32	static
../boot/bootdev-uclass.c:633:5:bootdev_next_prio	24	static
../boot/bootdev-uclass.c:698:5:bootdev_setup_iter	48	static
../boot/bootdev-uclass.c:888:6:bootdev_list_hunters	48	static
