../boot/bootflow.c:683:12:copy_in	32	static
../boot/bootflow.c:339:12:bootflow_check	16	static
../boot/bootflow.c:41:13:bootflow_state_get_name	0	static
../boot/bootflow.c:50:5:bootflow_first_glob	16	static
../boot/bootflow.c:68:5:bootflow_next_glob	24	static
../boot/bootflow.c:88:6:bootflow_iter_init	16	static
../boot/bootflow.c:98:6:bootflow_iter_uninit	0	static
../boot/bootflow.c:103:5:bootflow_iter_drop_bootmeth	24	static
../boot/bootflow.c:428:5:bootflow_scan_next	32	static
../boot/bootflow.c:380:5:bootflow_scan_first	32	static
../boot/bootflow.c:456:6:bootflow_init	16	static
../boot/bootflow.c:465:6:bootflow_free	8	static
../boot/bootflow.c:477:6:bootflow_remove	8	static
../boot/bootflow.c:503:5:bootflow_boot	8	static
../boot/bootflow.c:522:5:bootflow_run_boot	8	static
../boot/bootflow.c:566:5:bootflow_iter_check_blk	8	static
../boot/bootflow.c:578:5:bootflow_iter_check_sf	8	static
../boot/bootflow.c:590:5:bootflow_iter_check_net	8	static
../boot/bootflow.c:602:5:bootflow_iter_check_system	8	static
../boot/bootflow.c:620:5:bootflow_cmdline_set	16	static
../boot/bootflow.c:715:5:cmdline_set_arg	64	static
../boot/bootflow.c:863:5:bootflow_cmdline_set_arg	2072	static
../boot/bootflow.c:893:5:cmdline_get_arg	16	static
../boot/bootflow.c:902:5:bootflow_cmdline_get_arg	24	static
../boot/bootflow.c:916:5:bootflow_cmdline_auto	104	static
