../boot/bootm_os.c:332:5:do_bootm_vxworks	56	static
../boot/bootm_os.c:45:13:copy_args	24	static
../boot/bootm_os.c:140:12:do_bootm_rtems	8	static
../boot/bootm_os.c:493:12:do_bootm_efi	16	static
../boot/bootm_os.c:206:12:do_bootm_plan9	24	static
../boot/bootm_os.c:26:12:do_bootm_standalone	16	static
../boot/bootm_os.c:368:12:do_bootm_qnxelf	40	static
../boot/bootm_os.c:67:12:do_bootm_netbsd	40	static
../boot/bootm_os.c:581:13:arch_preboot_os	0	static
../boot/bootm_os.c:587:13:board_preboot_os	0	static
../boot/bootm_os.c:592:5:boot_selected_os	24	static
../boot/bootm_os.c:610:13:bootm_os_get_boot_func	0	static
