../boot/image-fit.c:839:12:fit_image_get_address	32	static
../boot/image-fit.c:91:5:fit_parse_conf	24	static
../boot/image-fit.c:117:5:fit_parse_subimage	24	static
../boot/image-fit.c:155:5:fit_get_subimage_count	24	static
../boot/image-fit.c:598:5:fit_get_desc	16	static
../boot/image-fit.c:626:5:fit_get_timestamp	16	static
../boot/image-fit.c:658:5:fit_image_get_node	16	static
../boot/image-fit.c:692:5:fit_image_get_os	16	static
../boot/image-fit.c:724:5:fit_image_get_arch	16	static
../boot/image-fit.c:756:5:fit_image_get_type	16	static
../boot/image-fit.c:788:5:fit_image_get_comp	16	static
../boot/image-fit.c:817:5:fit_image_get_phase	16	static
../boot/image-fit.c:881:5:fit_image_get_load	0	static
../boot/image-fit.c:903:5:fit_image_get_entry	0	static
../boot/image-fit.c:923:5:fit_image_get_data	24	static
../boot/image-fit.c:950:5:fit_image_get_data_offset	8	static
../boot/image-fit.c:974:5:fit_image_get_data_position	8	static
../boot/image-fit.c:999:5:fit_image_get_data_size	8	static
../boot/image-fit.c:1023:5:fit_image_get_data_size_unciphered	8	static
../boot/image-fit.c:1053:5:fit_image_get_data_and_size	32	static
../boot/image-fit.c:1100:5:fit_image_hash_get_algo	16	static
../boot/image-fit.c:1128:5:fit_image_hash_get_value	24	static
../boot/image-fit.c:189:13:fit_image_print_data	56	static
../boot/image-fit.c:256:13:fit_image_print_verification_data	24	static
../boot/image-fit.c:477:6:fit_image_print	64	static
../boot/image-fit.c:370:6:fit_print_contents	72	static
../boot/image-fit.c:1186:5:fit_image_cipher_get_algo	0	static
../boot/image-fit.c:1199:7:fit_get_end	0	static
../boot/image-fit.c:1217:5:fit_set_timestamp	24	static
../boot/image-fit.c:1253:5:calculate_hash	32	static
../boot/image-fit.c:1345:5:fit_image_verify_with_data	192	static
../boot/image-fit.c:1423:5:fit_image_verify	32	static
../boot/image-fit.c:1937:12:fit_get_data_tail	32	static
../boot/image-fit.c:1464:5:fit_all_image_verify	32	static
../boot/image-fit.c:1540:5:fit_image_check_os	16	static
../boot/image-fit.c:1562:5:fit_image_check_arch	16	static
../boot/image-fit.c:1595:5:fit_image_check_type	16	static
../boot/image-fit.c:1618:5:fit_image_check_comp	16	static
../boot/image-fit.c:1655:5:fit_check_format	16	static
../boot/image-fit.c:1723:5:fit_conf_find_compat	72	static
../boot/image-fit.c:1825:5:fit_conf_get_node	32	static
../boot/image-fit.c:1884:5:fit_conf_get_prop_node_count	0	static
../boot/image-fit.c:1890:5:fit_conf_get_prop_node_index	32	static
../boot/image-fit.c:1904:5:fit_conf_get_prop_node	40	static
../boot/image-fit.c:1957:5:fit_get_data_node	16	static
../boot/image-fit.c:1965:5:fit_get_data_conf_prop	24	static
../boot/image-fit.c:1991:5:fit_get_node_from_config	16	static
../boot/image-fit.c:2054:5:fit_image_load	112	static
../boot/image-fit.c:2312:5:boot_get_setup_fit	56	static
../boot/image-fit.c:2333:5:boot_get_fdt_fit	120	static
