../boot/image-android.c:207:14:android_image_get_kernel_addr	0	static
../boot/image-android.c:330:6:is_android_vendor_boot_image_header	8	static
../boot/image-android.c:335:6:is_android_boot_image_header	8	static
../boot/image-android.c:176:6:android_image_get_data	32	static
../boot/image-android.c:250:5:android_image_get_kernel	128	static
../boot/image-android.c:515:13:android_image_get_dtb_img_addr	24	static
../boot/image-android.c:340:7:android_image_get_end	112	static
../boot/image-android.c:354:7:android_image_get_kload	112	static
../boot/image-android.c:365:7:android_image_get_kcomp	112	static
../boot/image-android.c:383:5:android_image_get_ramdisk	136	static
../boot/image-android.c:421:5:android_image_get_second	120	static
../boot/image-android.c:465:6:android_image_get_dtbo	24	static
../boot/image-android.c:587:6:android_image_get_dtb_by_index	136	static
../boot/image-android.c:665:6:android_print_contents	32	static
../boot/image-android.c:759:6:android_image_print_dtb_contents	48	static
