../boot/image-board.c:94:12:on_loadaddr	8	static
../boot/image-board.c:110:7:env_get_bootm_low	8	static
../boot/image-board.c:128:13:env_get_bootm_size	16	static
../boot/image-board.c:154:13:env_get_bootm_mapsize	8	static
../boot/image-board.c:171:6:memmove_wd	24	static
../boot/image-board.c:216:7:genimg_get_kernel_addr_fit	24	static
../boot/image-board.c:250:7:genimg_get_kernel_addr	16	static
../boot/image-board.c:273:5:genimg_get_format	8	static
../boot/image-board.c:304:5:genimg_has_config	0	static
../boot/image-board.c:496:5:boot_get_ramdisk	80	static
../boot/image-board.c:587:5:boot_ramdisk_high	32	static
../boot/image-board.c:660:5:boot_get_setup	0	static
../boot/image-board.c:669:5:boot_get_fpga	0	static
../boot/image-board.c:772:5:boot_get_loadable	96	static
../boot/image-board.c:867:5:boot_get_cmdline	0	static
../boot/image-board.c:913:5:boot_get_kbd	16	static
../boot/image-board.c:933:5:image_setup_linux	24	static
../boot/image-board.c:970:6:genimg_print_size	8	static
../boot/image-board.c:976:6:genimg_print_time	64	static
../boot/image-board.c:1002:5:image_locate_script	32	static
