../boot/pxe_utils.c:987:13:eol_or_eof	0	static
../boot/pxe_utils.c:280:13:label_print	0	static
../boot/pxe_utils.c:100:12:get_relfile	568	static
../boot/pxe_utils.c:208:12:get_relfile_envaddr	24	static
../boot/pxe_utils.c:258:13:label_destroy	8	static
../boot/pxe_utils.c:865:14:get_string.constprop.isra	32	static
../boot/pxe_utils.c:937:13:get_token	32	static
../boot/pxe_utils.c:1004:12:parse_sliteral	24	static
../boot/pxe_utils.c:1024:12:parse_integer	32	static
../boot/pxe_utils.c:38:5:pxe_get_file_size	8	static
../boot/pxe_utils.c:67:5:format_mac_pxe	32	static
../boot/pxe_utils.c:492:12:label_boot	2296	static
../boot/pxe_utils.c:147:5:get_pxe_file	16	static
../boot/pxe_utils.c:1053:12:handle_include	40	static
../boot/pxe_utils.c:1316:12:parse_pxefile_top	88	static
../boot/pxe_utils.c:175:5:get_pxelinux_path	544	static
../boot/pxe_utils.c:1397:6:destroy_pxe_menu	16	static
../boot/pxe_utils.c:1414:18:parse_pxefile	24	static
../boot/pxe_utils.c:1524:6:handle_pxe_menu	72	static
../boot/pxe_utils.c:1579:5:pxe_setup_ctx	24	static
../boot/pxe_utils.c:1610:6:pxe_destroy_ctx	0	static
../boot/pxe_utils.c:1615:5:pxe_process	16	static
