../boot/scene.c:22:5:scene_new	24	static
../boot/scene.c:53:6:scene_obj_destroy	8	static
../boot/scene.c:61:6:scene_destroy	16	static
../boot/scene.c:74:5:scene_title_set	0	static
../boot/scene.c:81:5:scene_obj_count	0	static
../boot/scene.c:92:7:scene_obj_find	12	static
../boot/scene.c:105:7:scene_obj_find_by_name	16	static
../boot/scene.c:117:5:scene_obj_add	24	static
../boot/scene.c:140:5:scene_img	32	static
../boot/scene.c:160:5:scene_txt	32	static
../boot/scene.c:180:5:scene_txt_str	48	static
../boot/scene.c:207:5:scene_txt_set_font	16	static
../boot/scene.c:221:5:scene_obj_set_pos	16	static
../boot/scene.c:234:5:scene_obj_set_size	16	static
../boot/scene.c:259:5:scene_obj_flag_clrset	16	static
../boot/scene.c:247:5:scene_obj_set_hide	0	static
../boot/scene.c:272:5:scene_obj_get_hw	64	static
../boot/scene.c:481:5:scene_arrange	16	static
../boot/scene.c:626:5:scene_send_key	16	static
../boot/scene.c:693:5:scene_obj_calc_bbox	8	static
../boot/scene.c:335:13:scene_render_background	80	static
../boot/scene.c:377:12:scene_obj_render	56	static
../boot/scene.c:516:5:scene_render_deps	16	static
../boot/scene.c:551:5:scene_render	24	static
../boot/scene.c:719:5:scene_calc_dims	32	static
../boot/scene.c:768:5:scene_apply_theme	24	static
../boot/scene.c:797:6:scene_set_highlight_id	0	static
../boot/scene.c:802:6:scene_highlight_first	8	static
../boot/scene.c:835:5:scene_set_open	16	static
../boot/scene.c:858:5:scene_iter_objs	24	static
../boot/scene.c:874:5:scene_bbox_union	16	static
