../drivers/block/blk-uclass.c:603:12:blk_flags_check	8	static
../drivers/block/blk-uclass.c:338:12:_blk_next_device	16	static
../drivers/block/blk-uclass.c:839:12:blk_post_probe	224	static
../drivers/block/blk-uclass.c:78:13:blk_get_uclass_name	0	static
../drivers/block/blk-uclass.c:109:18:blk_get_devnum_by_uclass_idname	32	static
../drivers/block/blk-uclass.c:166:18:blk_get_by_device	16	static
../drivers/block/blk-uclass.c:182:5:blk_get_desc	40	static
../drivers/block/blk-uclass.c:227:5:blk_list_part	32	static
../drivers/block/blk-uclass.c:252:5:blk_print_part_devnum	16	static
../drivers/block/blk-uclass.c:267:6:blk_list_devices	32	static
../drivers/block/blk-uclass.c:286:5:blk_print_device_num	24	static
../drivers/block/blk-uclass.c:300:5:blk_show_device	24	static
../drivers/block/blk-uclass.c:321:5:blk_select_hwpart	0	static
../drivers/block/blk-uclass.c:333:5:blk_dselect_hwpart	0	static
../drivers/block/blk-uclass.c:358:5:blk_first_device	16	static
../drivers/block/blk-uclass.c:365:5:blk_next_device	16	static
../drivers/block/blk-uclass.c:377:5:blk_find_device	32	static
../drivers/block/blk-uclass.c:400:5:blk_get_device	8	static
../drivers/block/blk-uclass.c:90:18:blk_get_devnum_by_uclass_id	16	static
../drivers/block/blk-uclass.c:215:5:blk_select_hwpart_devnum	16	static
../drivers/block/blk-uclass.c:431:6:blk_read	40	static
../drivers/block/blk-uclass.c:469:6:blk_write	24	static
../drivers/block/blk-uclass.c:503:6:blk_erase	24	static
../drivers/block/blk-uclass.c:516:7:blk_dread	0	static
../drivers/block/blk-uclass.c:522:7:blk_dwrite	0	static
../drivers/block/blk-uclass.c:528:7:blk_derase	0	static
../drivers/block/blk-uclass.c:533:5:blk_find_from_parent	16	static
../drivers/block/blk-uclass.c:547:5:blk_get_from_parent	24	static
../drivers/block/blk-uclass.c:563:13:blk_get_devtype	8	static
../drivers/block/blk-uclass.c:570:5:blk_find_max_devnum	24	static
../drivers/block/blk-uclass.c:590:5:blk_next_free_devnum	8	static
../drivers/block/blk-uclass.c:613:5:blk_find_first	16	static
../drivers/block/blk-uclass.c:625:5:blk_find_next	16	static
../drivers/block/blk-uclass.c:637:5:blk_first_device_err	16	static
../drivers/block/blk-uclass.c:649:5:blk_next_device_err	16	static
../drivers/block/blk-uclass.c:661:5:blk_count_devices	24	static
../drivers/block/blk-uclass.c:697:5:blk_create_device	48	static
../drivers/block/blk-uclass.c:730:5:blk_create_devicef	72	static
../drivers/block/blk-uclass.c:753:5:blk_probe_or_unbind	16	static
../drivers/block/blk-uclass.c:766:5:blk_unbind_all	32	static
