../drivers/usb/gadget/dwc2_udc_otg_xfer_dma.c:48:13:dwc2_udc_pre_setup	0	static
../drivers/usb/gadget/dwc2_udc_otg_xfer_dma.c:768:13:udc_set_address	8	static
../drivers/usb/gadget/dwc2_udc_otg_xfer_dma.c:1012:13:dwc2_udc_ep_clear_stall	8	static
../drivers/usb/gadget/dwc2_udc_otg_xfer_dma.c:1107:13:dwc2_udc_ep_activate	12	static
../drivers/usb/gadget/dwc2_udc_otg.c:191:13:udc_reinit	16	static
../drivers/usb/gadget/dwc2_udc_otg.c:240:12:dwc2_gadget_pullup	0	static
../drivers/usb/gadget/dwc2_udc_otg.c:592:13:set_max_pktsize	8	static
../drivers/usb/gadget/dwc2_udc_otg.c:780:12:dwc2_fifo_status	0	static
../drivers/usb/gadget/dwc2_udc_otg.c:803:13:dwc2_fifo_flush	0	static
../drivers/usb/gadget/dwc2_udc_otg.c:1030:13:dwc2_set_stm32mp1_hsotg_params	0	static
../drivers/usb/gadget/dwc2_udc_otg.c:371:13:done	16	static
../drivers/usb/gadget/dwc2_udc_otg.c:747:12:dwc2_dequeue	16	static
../drivers/usb/gadget/dwc2_udc_otg.c:422:13:nuke	16	static
../drivers/usb/gadget/dwc2_udc_otg.c:689:12:dwc2_ep_disable	8	static
../drivers/usb/gadget/dwc2_udc_otg_xfer_dma.c:139:12:setdma_tx	24	static
../drivers/usb/gadget/dwc2_udc_otg_xfer_dma.c:711:12:write_fifo_ep0	16	static
../drivers/usb/gadget/dwc2_udc_otg.c:735:13:dwc2_free_request	8	static
../drivers/usb/gadget/dwc2_udc_otg.c:718:28:dwc2_alloc_request	8	static
../drivers/usb/gadget/dwc2_udc_otg.c:463:13:reconfig_usbd	24	static
../drivers/usb/gadget/dwc2_udc_otg.c:983:12:dwc2_udc_otg_of_to_plat	16	static
../drivers/usb/gadget/dwc2_udc_otg.c:1162:12:dwc2_udc_otg_remove	16	static
../drivers/usb/gadget/dwc2_udc_otg_xfer_dma.c:977:13:dwc2_udc_ep_set_stall.constprop.isra	0	static
../drivers/usb/gadget/dwc2_udc_otg_xfer_dma.c:1060:12:dwc2_udc_set_halt	16	static
../drivers/usb/gadget/dwc2_udc_otg.c:622:12:dwc2_ep_enable	16	static
../drivers/usb/gadget/dwc2_udc_otg_xfer_dma.c:97:12:setdma_rx.isra	32	static
../drivers/usb/gadget/dwc2_udc_otg_xfer_dma.c:197:13:complete_rx	48	static
../drivers/usb/gadget/dwc2_udc_otg_xfer_dma.c:610:12:dwc2_queue	32	static
../drivers/usb/gadget/dwc2_udc_otg.c:125:6:set_udc_gadget_private_data	0	static
../drivers/usb/gadget/dwc2_udc_otg.c:133:7:get_udc_gadget_private_data	0	static
../drivers/usb/gadget/dwc2_udc_otg.c:160:6:dfu_usb_get_reset	0	static
../drivers/usb/gadget/dwc2_udc_otg.c:165:13:otg_phy_init	0	static
../drivers/usb/gadget/dwc2_udc_otg.c:323:12:dwc2_gadget_start	16	static
../drivers/usb/gadget/dwc2_udc_otg.c:166:13:otg_phy_off	0	static
../drivers/usb/gadget/dwc2_udc_otg.c:348:12:dwc2_gadget_stop	24	static
../drivers/usb/gadget/dwc2_udc_otg.c:899:5:dwc2_udc_probe	16	static
../drivers/usb/gadget/dwc2_udc_otg.c:1092:12:dwc2_udc_otg_probe	48	static
../drivers/usb/gadget/dwc2_udc_otg.c:934:5:dwc2_udc_handle_interrupt	56	static
../drivers/usb/gadget/dwc2_udc_otg.c:945:5:dm_usb_gadget_handle_interrupts	0	static
../drivers/usb/gadget/dwc2_udc_otg.c:1196:5:dwc2_udc_B_session_valid	8	static
