../drivers/usb/gadget/f_dfu.c:787:12:dfu_set_alt	0	static
../drivers/usb/gadget/f_dfu.c:800:12:__dfu_get_alt	0	static
../drivers/usb/gadget/f_dfu.c:808:13:dfu_disable	0	static
../drivers/usb/gadget/f_dfu.c:846:5:dfu_add	16	static
../drivers/usb/gadget/f_dfu.c:602:1:dfu_handle	24	static
../drivers/usb/gadget/f_dfu.c:170:13:dnload_request_flush	8	static
../drivers/usb/gadget/f_dfu.c:157:13:dnload_request_complete	16	static
../drivers/usb/gadget/f_dfu.c:760:13:dfu_unbind	16	static
../drivers/usb/gadget/f_dfu.c:714:12:dfu_bind	32	static
../drivers/usb/gadget/f_dfu.c:241:12:handle_upload.constprop	16	static
../drivers/usb/gadget/f_dfu.c:182:12:handle_getstatus	16	static
../drivers/usb/gadget/f_dfu.c:558:12:state_dfu_error	0	static
../drivers/usb/gadget/f_dfu.c:464:12:state_dfu_manifest_sync	16	static
../drivers/usb/gadget/f_dfu.c:406:12:state_dfu_dnbusy	0	static
../drivers/usb/gadget/f_dfu.c:383:12:state_dfu_dnload_sync	0	static
../drivers/usb/gadget/f_dfu.c:292:12:state_app_detach	0	static
../drivers/usb/gadget/f_dfu.c:265:12:state_app_idle	4	static
../drivers/usb/gadget/f_dfu.c:517:12:state_dfu_upload_idle	16	static
../drivers/usb/gadget/f_dfu.c:491:12:state_dfu_manifest	16	static
../drivers/usb/gadget/f_dfu.c:315:12:state_dfu_idle	24	static
../drivers/usb/gadget/f_dfu.c:426:12:state_dfu_dnload_idle	16	static
