../drivers/usb/gadget/f_mass_storage.c:464:13:raise_exception	0	static
../drivers/usb/gadget/f_mass_storage.c:478:12:ep0_queue	8	static
../drivers/usb/gadget/f_mass_storage.c:497:13:bulk_in_complete	16	static
../drivers/usb/gadget/f_mass_storage.c:514:13:bulk_out_complete	16	static
../drivers/usb/gadget/f_mass_storage.c:2268:12:fsg_set_alt	8	static
../drivers/usb/gadget/f_mass_storage.c:2276:13:fsg_disable	0	static
../drivers/usb/gadget/f_mass_storage.c:537:12:fsg_setup	24	static
../drivers/usb/gadget/f_mass_storage.c:655:12:sleep_thread	24	static
../drivers/usb/gadget/f_mass_storage.c:2640:13:fsg_unbind	8	static
../drivers/usb/gadget/storage_common.c:599:13:store_cdrom_address	16	static
../drivers/usb/gadget/f_mass_storage.c:2749:5:fsg_add	48	static
../drivers/usb/gadget/f_mass_storage.c:1664:12:check_command.constprop	48	static
../drivers/usb/gadget/f_mass_storage.c:591:13:start_transfer.constprop	16	static
../drivers/usb/gadget/f_mass_storage.c:818:12:do_write	48	static
../drivers/usb/gadget/f_mass_storage.c:1604:12:send_status	16	static
../drivers/usb/gadget/f_mass_storage.c:691:12:do_read	40	static
../drivers/usb/gadget/f_mass_storage.c:440:12:fsg_set_halt.constprop	0	static
../drivers/usb/gadget/f_mass_storage.c:1385:12:halt_bulk_in_endpoint	8	static
../drivers/usb/gadget/f_mass_storage.c:1236:12:do_mode_sense.isra	40	static
../drivers/usb/gadget/f_mass_storage.c:2177:12:do_set_interface.isra	32	static
../drivers/usb/gadget/f_mass_storage.c:2393:5:fsg_main_thread	56	static
../drivers/usb/gadget/f_mass_storage.c:2604:1:usb_copy_descriptors	24	static
../drivers/usb/gadget/f_mass_storage.c:2655:12:fsg_bind	24	static
../drivers/usb/gadget/f_mass_storage.c:2767:5:fsg_init	0	static
