../drivers/remoteproc/rproc-uclass.c:200:12:rproc_post_probe	0	static
../drivers/remoteproc/rproc-uclass.c:245:14:rproc_alloc_mem	0	static
../drivers/remoteproc/rproc-uclass.c:329:12:_rproc_dev_is_probed	0	static
../drivers/remoteproc/rproc-uclass.c:522:12:handle_trace	0	static
../drivers/remoteproc/rproc-uclass.c:48:12:for_each_remoteproc_device	24	static
../drivers/remoteproc/rproc-uclass.c:126:12:rproc_pre_probe	16	static
../drivers/remoteproc/rproc-uclass.c:308:12:_rproc_probe_dev	0	static
../drivers/remoteproc/rproc-uclass.c:434:12:_rproc_ops_wrapper	16	static
../drivers/remoteproc/rproc-uclass.c:696:12:handle_vdev	32	static
../drivers/remoteproc/rproc-uclass.c:80:12:_rproc_name_is_unique	16	static
../drivers/remoteproc/rproc-uclass.c:273:12:rproc_config_pagetable.isra	4	static
../drivers/remoteproc/rproc-uclass.c:225:12:rproc_add_res.isra	0	static
../drivers/remoteproc/rproc-uclass.c:588:12:handle_carveout	16	static
../drivers/remoteproc/rproc-uclass.c:543:12:handle_devmem	16	static
../drivers/remoteproc/rproc-uclass.c:339:6:rproc_is_initialized	8	static
../drivers/remoteproc/rproc-uclass.c:345:5:rproc_init	8	static
../drivers/remoteproc/rproc-uclass.c:358:5:rproc_dev_init	16	static
../drivers/remoteproc/rproc-uclass.c:377:5:rproc_load	24	static
../drivers/remoteproc/rproc-uclass.c:496:5:rproc_start	0	static
../drivers/remoteproc/rproc-uclass.c:501:5:rproc_stop	0	static
../drivers/remoteproc/rproc-uclass.c:506:5:rproc_reset	0	static
../drivers/remoteproc/rproc-uclass.c:511:5:rproc_ping	0	static
../drivers/remoteproc/rproc-uclass.c:516:5:rproc_is_running	0	static
../drivers/remoteproc/rproc-uclass.c:895:24:rproc_find_resource_table	88	static
../drivers/remoteproc/rproc-uclass.c:918:15:rproc_parse_resource_table	40	static
