../arch/arm/mach-stm32mp/cmd_stm32prog/stm32prog.c:724:13:get_mtd_by_target	0	static
../arch/arm/mach-stm32mp/cmd_stm32prog/stm32prog.c:457:12:parse_ip	40	static
../arch/arm/mach-stm32mp/cmd_stm32prog/stm32prog.c:1824:12:part_delete	104	static
../arch/arm/mach-stm32mp/cmd_stm32prog/stm32prog.c:1331:12:stm32prog_alt_add_virt	1064	static
../arch/arm/mach-stm32mp/cmd_stm32prog/stm32prog.c:1346:12:dfu_init_entities	1112	static
../arch/arm/mach-stm32mp/cmd_stm32prog/stm32prog.c:500:12:parse_offset	48	static
../arch/arm/mach-stm32mp/cmd_stm32prog/stm32prog.c:411:12:parse_type	40	static
../arch/arm/mach-stm32mp/cmd_stm32prog/stm32prog.c:711:19:part_cmp	8	static
../arch/arm/mach-stm32mp/cmd_stm32prog/stm32prog.c:395:12:parse_name	40	static
../arch/arm/mach-stm32mp/cmd_stm32prog/stm32prog.c:342:12:parse_option	40	static
../arch/arm/mach-stm32mp/cmd_stm32prog/stm32prog.c:379:12:parse_id	48	static
../arch/arm/mach-stm32mp/cmd_stm32prog/stm32prog.c:218:7:stm32prog_get_error	8	static
../arch/arm/mach-stm32mp/cmd_stm32prog/stm32prog.c:291:6:stm32prog_header_check	8	static
../arch/arm/mach-stm32mp/cmd_stm32prog/stm32prog.c:547:12:parse_flash_layout	88	static
../arch/arm/mach-stm32mp/cmd_stm32prog/stm32prog.c:1722:13:stm32prog_end_phase	584	static
../arch/arm/mach-stm32mp/cmd_stm32prog/stm32prog.c:1436:5:stm32prog_otp_write	32	static
../arch/arm/mach-stm32mp/cmd_stm32prog/stm32prog.c:1468:5:stm32prog_otp_read	32	static
../arch/arm/mach-stm32mp/cmd_stm32prog/stm32prog.c:1524:5:stm32prog_otp_start	32	static
../arch/arm/mach-stm32mp/cmd_stm32prog/stm32prog.c:1579:5:stm32prog_pmic_write	24	static
../arch/arm/mach-stm32mp/cmd_stm32prog/stm32prog.c:1595:5:stm32prog_pmic_read	40	static
../arch/arm/mach-stm32mp/cmd_stm32prog/stm32prog.c:1646:5:stm32prog_pmic_start	16	static
../arch/arm/mach-stm32mp/cmd_stm32prog/stm32prog.c:1776:6:stm32prog_do_reset	0	static
../arch/arm/mach-stm32mp/cmd_stm32prog/stm32prog.c:1784:6:stm32prog_next_phase	12	static
../arch/arm/mach-stm32mp/cmd_stm32prog/stm32prog.c:1964:5:stm32prog_dfu_init	296	static
../arch/arm/mach-stm32mp/cmd_stm32prog/stm32prog.c:1978:5:stm32prog_init	16	static
../arch/arm/mach-stm32mp/cmd_stm32prog/stm32prog.c:1987:6:stm32prog_clean	8	static
../arch/arm/mach-stm32mp/cmd_stm32prog/stm32prog.c:2003:6:dfu_flush_callback	16	static
../arch/arm/mach-stm32mp/cmd_stm32prog/stm32prog.c:2033:6:dfu_initiated_callback	0	static
../arch/arm/mach-stm32mp/cmd_stm32prog/stm32prog.c:2049:6:dfu_error_callback	32	static
