../common/console.c:418:6:console_puts_select.part.0	0	static
../common/console.c:498:5:fgetc.part.0	16	static
../common/console.c:580:5:getchar	0	static
../common/console.c:729:6:puts	0	static
../common/console.c:552:6:fflush.part.0	0	static
../common/console.c:774:6:flush	0	static
../common/console.c:966:13:console_update_silent.isra	8	static
../common/console.c:688:6:putc	0	static
../common/console.c:418:6:console_puts_select	16	static
../common/console.c:452:5:console_start	8	static
../common/console.c:172:12:console_setfile	16	static
../common/console.c:469:6:console_stop	0	static
../common/console.c:480:5:serial_printf	1064	static
../common/console.c:498:5:fgetc	0	static
../common/console.c:531:5:ftstc	0	static
../common/console.c:603:5:tstc	0	static
../common/console.c:539:6:fputc	0	static
../common/console.c:545:6:fputs	0	static
../common/console.c:552:6:fflush	0	static
../common/console.c:559:5:fprintf	1068	static
../common/console.c:863:5:ctrlc	8	static
../common/console.c:882:5:confirm_yesno	24	static
../common/console.c:909:5:disable_ctrlc	0	static
../common/console.c:917:5:had_ctrlc	0	static
../common/console.c:922:6:clear_ctrlc	0	static
../common/console.c:929:19:console_search_dev	8	static
../common/console.c:945:5:console_assign	16	static
../common/console.c:988:5:console_announce_r	208	static
../common/console.c:1002:5:console_init_f	8	static
../common/console.c:1142:5:console_init_r	16	static
