../common/stdio.c:102:12:stdio_serial_tstc	0	static
../common/stdio.c:97:12:stdio_serial_getc	0	static
../common/stdio.c:91:13:stdio_serial_flush	0	static
../common/stdio.c:85:13:stdio_serial_puts	0	static
../common/stdio.c:80:13:stdio_serial_putc	0	static
../common/stdio.c:31:5:stdio_file_to_flags	0	static
../common/stdio.c:134:19:stdio_get_list	0	static
../common/stdio.c:190:19:stdio_get_by_name	32	static
../common/stdio.c:224:19:stdio_clone	16	static
../common/stdio.c:240:5:stdio_register_dev	8	static
../common/stdio.c:254:5:stdio_register	0	static
../common/stdio.c:259:5:stdio_deregister_dev	128	static
../common/stdio.c:294:5:stdio_init_tables	0	static
../common/stdio.c:302:5:stdio_add_devices	88	static
