../common/board_r.c:84:12:cpu_secondary_init_r	0	static
../common/board_r.c:89:12:initr_trace	0	static
../common/board_r.c:98:12:initr_reloc	0	static
../common/board_r.c:555:12:run_main_loop	8	static
../common/board_r.c:487:12:initr_net	8	static
../common/board_r.c:426:12:initr_env	8	static
../common/board_r.c:387:12:initr_mmc	8	static
../common/board_r.c:367:12:initr_nand	8	static
../common/board_r.c:525:12:dm_announce	16	static
../common/board_r.c:227:12:initr_dm	8	static
../common/board_r.c:210:12:initr_of_live	8	static
../common/board_r.c:273:12:initr_bootstage	8	static
../common/board_r.c:190:12:initr_malloc	8	static
../common/board_r.c:124:12:initr_reloc_global_data	8	static
../common/board_r.c:111:12:initr_caches	8	static
../common/board_r.c:168:12:arch_initr_trap	0	static
../common/board_r.c:181:12:initr_barrier	0	static
../common/board_r.c:249:12:initr_dm_devices	0	static
../common/board_r.c:280:12:power_init_board	0	static
../common/board_r.c:285:12:initr_announce	0	static
../common/board_r.c:291:12:initr_binman	0	static
../include/mux.h:120:14:mux_control_states	0	static
../include/mux.h:125:18:mux_control_select	0	static
../include/mux.h:133:5:mux_control_deselect	0	static
../include/mux.h:138:21:mux_control_get	0	static
../include/mux.h:143:6:mux_control_put	0	static
../include/mux.h:147:21:devm_mux_control_get	0	static
../include/mux.h:153:5:dm_mux_init	0	static
../common/board_r.c:74:12:board_flash_wp_on	0	static
../common/board_r.c:119:12:fixup_cpu	0	static
../common/board_r.c:760:6:board_init_r	8	static
