../include/bloblist.h:432:19:bloblist_maybe_init	0	static
../common/board_f.c:122:12:display_text_info	0	static
../common/board_f.c:283:12:setup_mon_len	0	static
../common/board_f.c:395:12:reserve_round_4k	0	static
../common/board_f.c:444:12:reserve_uboot	0	static
../common/board_f.c:501:12:reserve_malloc	0	static
../common/board_f.c:822:12:checkcpu	0	static
../common/board_f.c:103:5:init_func_watchdog_reset	8	static
../common/board_f.c:265:12:dram_init_banksize	8	static
../common/board_f.c:692:12:setup_reloc	8	static
../common/board_f.c:635:12:reloc_fdt	8	static
../common/board_f.c:406:12:reserve_video	16	static
../common/board_f.c:202:12:announce_dram_init	8	static
../common/board_f.c:144:12:print_resetinfo	280	static
../common/board_f.c:116:12:init_baud_rate	8	static
../common/board_f.c:795:12:initf_dm	8	static
../common/board_f.c:648:12:reloc_bootstage	8	static
../common/board_f.c:770:12:initf_bootstage	8	static
../common/board_f.c:827:12:clear_bss	0	static
../common/board_f.c:305:12:setup_spl_handoff	0	static
../common/board_f.c:316:12:arch_cpu_init	0	static
../common/board_f.c:321:12:mach_cpu_init	0	static
../common/board_f.c:401:12:arch_reserve_mmu	0	static
../common/board_f.c:432:12:reserve_trace	0	static
../common/board_f.c:588:12:reserve_bloblist	0	static
../common/board_f.c:601:12:display_new_sp	0	static
../common/board_f.c:667:12:reloc_bloblist	0	static
../common/board_f.c:817:12:reserve_arch	0	static
../common/board_f.c:88:12:init_func_watchdog_init	8	static
../common/board_f.c:514:12:reserve_board	8	static
../common/board_f.c:557:12:reserve_bootstage	8	static
../common/board_f.c:536:12:reserve_fdt	0	static
../common/board_f.c:527:12:reserve_global_data	0	static
../common/board_f.c:66:13:coloured_LED_init	0	static
../common/board_f.c:67:13:red_led_on	0	static
../common/board_f.c:68:13:red_led_off	0	static
../common/board_f.c:69:13:green_led_on	0	static
../common/board_f.c:70:13:green_led_off	0	static
../common/board_f.c:71:13:yellow_led_on	0	static
../common/board_f.c:72:13:yellow_led_off	0	static
../common/board_f.c:73:13:blue_led_on	0	static
../common/board_f.c:74:13:blue_led_off	0	static
../common/board_f.c:111:13:board_add_ram_info	0	static
../common/board_f.c:238:12:show_dram_config	24	static
../common/board_f.c:327:20:board_get_usable_ram_top	0	static
../common/board_f.c:344:12:arch_setup_dest_addr	0	static
../common/board_f.c:349:12:setup_dest_addr	16	static
../common/board_f.c:571:12:arch_reserve_stacks	0	static
../common/board_f.c:576:12:reserve_stacks	0	static
../common/board_f.c:608:12:arch_setup_bdinfo	0	static
../common/board_f.c:613:5:setup_bdinfo	0	static
../common/board_f.c:969:6:board_init_f	8	static
