../common/cli_hush.c:891:13:b_reset	0	static
../common/cli_hush.c:930:12:static_get	0	static
../common/cli_hush.c:937:12:static_peek	0	static
../common/cli_hush.c:3145:13:mapset	0	static
../common/cli_hush.c:376:13:syntax_err	0	static
../common/cli_hush.c:3321:14:xmalloc	8	static
../common/cli_hush.c:2337:21:new_pipe	8	static
../common/cli_hush.c:3332:14:xrealloc	8	static
../common/cli_hush.c:2275:12:is_assignment	0	static
../common/cli_hush.c:3655:12:do_showvar	40	static
../common/cli_hush.c:881:12:b_addchr	16	static
../common/cli_hush.c:1089:12:file_get	32	static
../common/cli_hush.c:2536:12:done_command.isra	16	static
../common/cli_hush.c:2585:12:done_pipe.isra	16	static
../common/cli_hush.c:2445:12:done_word	32	static
../common/cli_hush.c:1998:12:free_pipe_list.isra	32	static
../common/cli_hush.c:909:12:b_addqchr.isra	16	static
../common/cli_hush.c:1132:12:file_peek	0	static
../common/cli_hush.c:2134:7:get_local_var	16	static
../common/cli_hush.c:2245:6:unset_local_var	16	static
../common/cli_hush.c:2156:5:set_local_var	32	static
../common/cli_hush.c:3511:14:insert_var_value_sub	48	static
../common/cli_hush.c:3261:5:parse_string_outer	48	static
../common/cli_hush.c:1759:12:run_list_real	88	static
../common/cli_hush.c:3179:12:parse_stream_outer	88	static
../common/cli_hush.c:3293:5:parse_file_outer	32	static
../common/cli_hush.c:3308:5:u_boot_hush_start	16	static
