../common/console.c:297:12:console_tstc	32	static
../common/console.c:319:13:console_putc	24	static
../common/console.c:357:13:console_puts	24	static
../common/console.c:369:13:console_flush	24	static
../common/console.c:629:13:pre_console_putc	0	static
../common/console.c:28:12:on_console	24	static
../common/console.c:338:13:console_puts_select	32	static
../common/console.c:261:13:console_needs_start_stop	24	static
../common/console.c:480:5:serial_printf	1064	static
../common/console.c:688:6:putc	8	static
../common/console.c:774:6:flush	0	static
../common/console.c:72:12:on_silent	0	static
../common/console.c:643:13:pre_console_puts	8	static
../common/console.c:729:6:puts	8	static
../common/console.c:652:13:print_pre_console_buffer	4128	static
../common/console.c:966:13:console_update_silent	8	static
../common/console.c:603:5:tstc	0	static
../common/console.c:498:5:fgetc.part.0	16	static
../common/console.c:580:5:getchar	0	static
../common/console.c:351:6:console_puts_select_stderr	0	static
../common/console.c:452:5:console_start	8	static
../common/console.c:469:6:console_stop	8	static
../common/console.c:498:5:fgetc	0	static
../common/console.c:531:5:ftstc	0	static
../common/console.c:539:6:fputc	0	static
../common/console.c:545:6:fputs	0	static
../common/console.c:552:6:fflush	0	static
../common/console.c:559:5:fprintf	1068	static
../common/console.c:863:5:ctrlc	8	static
../common/console.c:882:5:confirm_yesno	24	static
../common/console.c:909:5:disable_ctrlc	0	static
../common/console.c:917:5:had_ctrlc	0	static
../common/console.c:922:6:clear_ctrlc	0	static
../common/console.c:929:19:console_search_dev	8	static
../common/console.c:945:5:console_assign	16	static
../common/console.c:988:5:console_announce_r	0	static
../common/console.c:1002:5:console_init_f	8	static
../common/console.c:1052:5:console_init_r	32	static
