../common/hash.c:190:27:hash_finish_crc32	8	static
../common/hash.c:163:12:hash_finish_crc16_ccitt	8	static
../common/hash.c:182:27:hash_update_crc32	8	static
../common/hash.c:174:27:hash_init_crc32	8	static
../common/hash.c:147:12:hash_init_crc16_ccitt	8	static
../common/hash.c:155:12:hash_update_crc16_ccitt	8	static
../common/hash.c:82:27:hash_finish_sha256	8	static
../common/hash.c:74:27:hash_update_sha256	8	static
../common/hash.c:66:27:hash_init_sha256	16	static
../common/hash.c:55:27:hash_finish_sha1	8	static
../common/hash.c:47:27:hash_update_sha1	8	static
../common/hash.c:39:27:hash_init_sha1	16	static
../common/hash.c:330:5:hash_lookup_algo	32	static
../common/hash.c:345:5:hash_progressive_lookup_algo	24	static
../common/hash.c:364:5:hash_parse_string	32	static
../common/hash.c:384:5:hash_block	32	static
../common/hash.c:529:5:hash_command	104	static
