../common/usb.c:322:1:usb_set_maxpacket_ep	8	static
../common/usb.c:204:5:usb_int_msg	4	static
../common/usb.c:220:5:usb_control_msg	160	static
../common/usb.c:562:12:usb_get_descriptor	40	static
../common/usb.c:927:12:get_descriptor_len	608	static
../common/usb.c:952:12:usb_setup_descriptor	16	static
../common/usb.c:728:12:usb_get_string	56	static
../common/usb.c:764:12:usb_string_sub	32	static
../common/usb.c:272:5:usb_bulk_msg	16	static
../common/usb.c:301:5:usb_maxpacket	0	static
../common/usb.c:533:5:usb_clear_halt	48	static
../common/usb.c:574:5:usb_get_configuration_len	152	static
../common/usb.c:597:5:usb_get_configuration_no	16	static
../common/usb.c:627:5:usb_set_interface	48	static
../common/usb.c:685:5:usb_set_protocol	40	static
../common/usb.c:695:5:usb_set_idle	40	static
../common/usb.c:705:5:usb_get_report	40	static
../common/usb.c:717:5:usb_get_class_descriptor	40	static
../common/usb.c:804:5:usb_string	600	static
../common/usb.c:1087:5:usb_select_config	56	static
../common/usb.c:1170:5:usb_setup_device	48	static
../common/usb.c:1224:5:board_usb_init	0	static
../common/usb.c:1230:5:board_usb_cleanup	0	static
../common/usb.c:1235:6:usb_device_has_child_on_port	0	static
../common/usb.c:1245:6:usb_find_usb2_hub_address_port	24	static
