../common/usb_hub.c:112:12:usb_set_port_feature	40	static
../common/usb_hub.c:93:12:usb_get_hub_descriptor	40	static
../common/usb_hub.c:105:12:usb_clear_port_feature.isra	40	static
../common/usb_hub.c:63:13:usb_hub_reset_devices	0	static
../common/usb_hub.c:74:6:usb_hub_is_root_hub	8	static
../common/usb_hub.c:126:5:usb_get_port_status	40	static
../common/usb_hub.c:343:5:usb_hub_port_connect_change	288	static
../common/usb_hub.c:619:12:usb_hub_configure	776	static
../common/usb_hub.c:924:5:usb_hub_probe	0	static
../common/usb_hub.c:936:5:usb_hub_scan	8	static
../common/usb_hub.c:943:12:usb_hub_post_probe	0	static
