Archive member included to satisfy reference by file (symbol)

arch/arm/mach-stm32mp/cpu.o   (--whole-archive)
arch/arm/mach-stm32mp/dram_init.o
                              (--whole-archive)
arch/arm/mach-stm32mp/syscon.o
                              (--whole-archive)
arch/arm/mach-stm32mp/bsec.o  (--whole-archive)
arch/arm/mach-stm32mp/stm32mp15x.o
                              (--whole-archive)
arch/arm/mach-stm32mp/spl.o   (--whole-archive)
arch/arm/mach-stm32mp/tzc400.o
                              (--whole-archive)
arch/arm/mach-stm32mp/fdt.o   (--whole-archive)
arch/arm/cpu/armv7/cache_v7.o
                              (--whole-archive)
arch/arm/cpu/armv7/cache_v7_asm.o
                              (--whole-archive)
arch/arm/cpu/armv7/cpu.o      (--whole-archive)
arch/arm/cpu/armv7/cp15.o     (--whole-archive)
arch/arm/cpu/armv7/syslib.o   (--whole-archive)
arch/arm/cpu/armv7/lowlevel_init.o
                              (--whole-archive)
arch/arm/cpu/armv7/nonsec_virt.o
                              (--whole-archive)
arch/arm/cpu/armv7/virt-v7.o  (--whole-archive)
arch/arm/cpu/armv7/virt-dt.o  (--whole-archive)
arch/arm/cpu/armv7/psci.o     (--whole-archive)
arch/arm/cpu/armv7/psci-common.o
                              (--whole-archive)
arch/arm/cpu/armv7/arch_timer.o
                              (--whole-archive)
arch/arm/lib/vectors.o        (--whole-archive)
arch/arm/lib/crt0.o           (--whole-archive)
arch/arm/lib/setjmp.o         (--whole-archive)
arch/arm/lib/spl.o            (--whole-archive)
arch/arm/lib/zimage.o         (--whole-archive)
arch/arm/lib/bootm-fdt.o      (--whole-archive)
arch/arm/lib/memset.o         (--whole-archive)
arch/arm/lib/memcpy.o         (--whole-archive)
arch/arm/lib/bdinfo.o         (--whole-archive)
arch/arm/lib/sections.o       (--whole-archive)
arch/arm/lib/stack.o          (--whole-archive)
arch/arm/lib/interrupts.o     (--whole-archive)
arch/arm/lib/cache.o          (--whole-archive)
arch/arm/lib/cache-cp15.o     (--whole-archive)
arch/arm/lib/psci-dt.o        (--whole-archive)
board/st/stm32mp1/spl.o       (--whole-archive)
board/st/common/cmd_stboard.o
                              (--whole-archive)
board/st/common/stpmic1.o     (--whole-archive)
board/st/common/stm32mp_dfu.o
                              (--whole-archive)
board/st/common/stusb160x.o   (--whole-archive)
common/spl/spl.o              (--whole-archive)
common/spl/spl_legacy.o       (--whole-archive)
common/spl/spl_mmc.o          (--whole-archive)
common/spl/spl_spi.o          (--whole-archive)
common/init/board_init.o      (--whole-archive)
boot/image.o                  (--whole-archive)
boot/image-board.o            (--whole-archive)
boot/image-android.o          (--whole-archive)
boot/image-android-dt.o       (--whole-archive)
boot/fdt_support.o            (--whole-archive)
boot/image-fdt.o              (--whole-archive)
common/bootstage.o            (--whole-archive)
common/console.o              (--whole-archive)
common/dlmalloc.o             (--whole-archive)
common/malloc_simple.o        (--whole-archive)
common/cyclic.o               (--whole-archive)
common/memsize.o              (--whole-archive)
common/stdio.o                (--whole-archive)
common/cli.o                  (--whole-archive)
common/dfu.o                  (--whole-archive)
common/command.o              (--whole-archive)
common/log.o                  (--whole-archive)
common/log_console.o          (--whole-archive)
common/s_record.o             (--whole-archive)
common/xyzModem.o             (--whole-archive)
cmd/nvedit.o                  (--whole-archive)
env/common.o                  (--whole-archive)
env/env.o                     (--whole-archive)
env/attr.o                    (--whole-archive)
env/flags.o                   (--whole-archive)
env/mmc.o                     (--whole-archive)
lib/hash-checksum.o           (--whole-archive)
lib/sha1.o                    (--whole-archive)
lib/sha256.o                  (--whole-archive)
lib/libfdt/fdt.o              (--whole-archive)
lib/libfdt/fdt_ro.o           (--whole-archive)
lib/libfdt/fdt_wip.o          (--whole-archive)
lib/libfdt/fdt_strerror.o     (--whole-archive)
lib/libfdt/fdt_sw.o           (--whole-archive)
lib/libfdt/fdt_rw.o           (--whole-archive)
lib/libfdt/fdt_empty_tree.o   (--whole-archive)
lib/libfdt/fdt_addresses.o    (--whole-archive)
lib/libfdt/fdt_overlay.o      (--whole-archive)
lib/fdtdec_common.o           (--whole-archive)
lib/fdtdec.o                  (--whole-archive)
lib/net_utils.o               (--whole-archive)
lib/qsort.o                   (--whole-archive)
lib/hashtable.o               (--whole-archive)
lib/errno.o                   (--whole-archive)
lib/display_options.o         (--whole-archive)
lib/crc32.o                   (--whole-archive)
lib/ctype.o                   (--whole-archive)
lib/div64.o                   (--whole-archive)
lib/hang.o                    (--whole-archive)
[...]
Memory Configuration

Name             Origin             Length             Attributes
*default*        0x0000000000000000 0xffffffffffffffff

Linker script and memory map

                0x0000000000000000                . = 0x0
                0x0000000000000000                . = ALIGN (0x4)

.text           0x000000002ffc2500     0xffe8
                0x000000002ffc2500                __image_copy_start = .
 *(.vectors)
 .vectors       0x000000002ffc2500       0x44 arch/arm/lib/vectors.o
                0x000000002ffc2500                _start
                0x000000002ffc2520                _undefined_instruction
                0x000000002ffc2524                _software_interrupt
                0x000000002ffc2528                _prefetch_abort
                0x000000002ffc252c                _data_abort
                0x000000002ffc2530                _not_used
                0x000000002ffc2534                _irq
                0x000000002ffc2538                _fiq
 arch/arm/cpu/armv7/start.o(.text*)
 .text          0x000000002ffc2544       0xbc arch/arm/cpu/armv7/start.o
                0x000000002ffc2544                reset
                0x000000002ffc2548                save_boot_params_ret
                0x000000002ffc2584                c_runtime_cpu_setup
                0x000000002ffc2598                cpu_init_cp15
                0x000000002ffc25f8                cpu_init_crit
 *(.text*)
 .text.get_bootmode
                0x000000002ffc2600       0x14 arch/arm/mach-stm32mp/cpu.o
                0x000000002ffc2600                get_bootmode
 .text.dram_bank_mmu_setup
                0x000000002ffc2614        0xe arch/arm/mach-stm32mp/cpu.o
                0x000000002ffc2614                dram_bank_mmu_setup
 *fill*         0x000000002ffc2622        0x2 
 .text.arch_cpu_init
                0x000000002ffc2624       0x20 arch/arm/mach-stm32mp/cpu.o
                0x000000002ffc2624                arch_cpu_init
 .text.mach_cpu_init
                0x000000002ffc2644       0x24 arch/arm/mach-stm32mp/cpu.o
                0x000000002ffc2644                mach_cpu_init
 .text.save_boot_params
                0x000000002ffc2668        0x4 arch/arm/mach-stm32mp/cpu.o
                0x000000002ffc2668                save_boot_params
 .text.jump_to_image_no_args
                0x000000002ffc266c       0x1c arch/arm/mach-stm32mp/cpu.o
                0x000000002ffc266c                jump_to_image_no_args
 .text.stm32mp_syscon_probe
                0x000000002ffc2688       0x18 arch/arm/mach-stm32mp/syscon.o
 .text.bsec_read_lock
                0x000000002ffc26a0       0x1e arch/arm/mach-stm32mp/bsec.o
 *fill*         0x000000002ffc26be        0x2 
 .text.bsec_check_error
                0x000000002ffc26c0       0x34 arch/arm/mach-stm32mp/bsec.o
 .text.bsec_power_safmem
                0x000000002ffc26f4       0x58 arch/arm/mach-stm32mp/bsec.o
 .text.stm32mp_bsec_of_to_plat
                0x000000002ffc274c       0x16 arch/arm/mach-stm32mp/bsec.o
 .text.bsec_shadow_register.constprop.0
                0x000000002ffc2762       0x7e arch/arm/mach-stm32mp/bsec.o
 .text.stm32mp_bsec_probe
                0x000000002ffc27e0       0x42 arch/arm/mach-stm32mp/bsec.o
 .text.stm32mp_bsec_read
                0x000000002ffc2822      0x116 arch/arm/mach-stm32mp/bsec.o
 .text.stm32mp_bsec_write
                0x000000002ffc2938      0x236 arch/arm/mach-stm32mp/bsec.o
 *fill*         0x000000002ffc2b6e        0x2 
 .text.bsec_dbgswenable
                0x000000002ffc2b70       0x30 arch/arm/mach-stm32mp/bsec.o
                0x000000002ffc2b70                bsec_dbgswenable
 .text.get_otp  0x000000002ffc2ba0       0x34 arch/arm/mach-stm32mp/bsec.o
                0x000000002ffc2ba0                get_otp
 .text.read_idc
                0x000000002ffc2bd4       0x2c arch/arm/mach-stm32mp/stm32mp15x.o
 .text.dbgmcu_init
                0x000000002ffc2c00       0x26 arch/arm/mach-stm32mp/stm32mp15x.o
                0x000000002ffc2c00                dbgmcu_init
 *fill*         0x000000002ffc2c26        0x2 
 .text.spl_board_init
                0x000000002ffc2c28       0x1c arch/arm/mach-stm32mp/stm32mp15x.o
                0x000000002ffc2c28                spl_board_init
 .text.stm32mp_cpu_init
                0x000000002ffc2c44      0x118 arch/arm/mach-stm32mp/stm32mp15x.o
                0x000000002ffc2c44                stm32mp_cpu_init
 .text.get_cpu_dev
                0x000000002ffc2d5c        0xc arch/arm/mach-stm32mp/stm32mp15x.o
                0x000000002ffc2d5c                get_cpu_dev
 .text.get_cpu_type
                0x000000002ffc2d68       0x18 arch/arm/mach-stm32mp/stm32mp15x.o
                0x000000002ffc2d68                get_cpu_type
 .text.spl_boot_device
                0x000000002ffc2d80       0x4a arch/arm/mach-stm32mp/spl.o
                0x000000002ffc2d80                spl_boot_device
 .text.spl_mmc_boot_mode
                0x000000002ffc2dca        0x4 arch/arm/mach-stm32mp/spl.o
                0x000000002ffc2dca                spl_mmc_boot_mode
 .text.spl_mmc_boot_partition
                0x000000002ffc2dce       0x14 arch/arm/mach-stm32mp/spl.o
                0x000000002ffc2dce                spl_mmc_boot_partition
 *fill*         0x000000002ffc2de2        0x2 
 .text.spl_display_print
                0x000000002ffc2de4       0x14 arch/arm/mach-stm32mp/spl.o
                0x000000002ffc2de4                spl_display_print
 .text.board_init_f
                0x000000002ffc2df8       0x90 arch/arm/mach-stm32mp/spl.o
                0x000000002ffc2df8                board_init_f
 .text.spl_board_prepare_for_boot
                0x000000002ffc2e88        0x4 arch/arm/mach-stm32mp/spl.o
                0x000000002ffc2e88                spl_board_prepare_for_boot
 .text.v7_outer_cache_enable
                0x000000002ffc2e8c        0x2 arch/arm/cpu/armv7/cache_v7.o
                0x000000002ffc2e8c                v7_outer_cache_enable
 .text.v7_outer_cache_flush_all
                0x000000002ffc2e8e        0x2 arch/arm/cpu/armv7/cache_v7.o
                0x000000002ffc2e8e                v7_outer_cache_flush_all
 .text.flush_dcache_all
                0x000000002ffc2e90        0xe arch/arm/cpu/armv7/cache_v7.o
                0x000000002ffc2e90                flush_dcache_all
 .text.v7_outer_cache_inval_all
                0x000000002ffc2e9e        0x2 arch/arm/cpu/armv7/cache_v7.o
                0x000000002ffc2e9e                v7_outer_cache_inval_all
 .text.invalidate_dcache_all
                0x000000002ffc2ea0        0xe arch/arm/cpu/armv7/cache_v7.o
                0x000000002ffc2ea0                invalidate_dcache_all
 .text.arm_init_before_mmu
                0x000000002ffc2eae       0x22 arch/arm/cpu/armv7/cache_v7.o
                0x000000002ffc2eae                arm_init_before_mmu
 .text.v7_outer_cache_flush_range
                0x000000002ffc2ed0        0x2 arch/arm/cpu/armv7/cache_v7.o
                0x000000002ffc2ed0                v7_outer_cache_flush_range
 .text.flush_dcache_range
                0x000000002ffc2ed2       0x38 arch/arm/cpu/armv7/cache_v7.o
                0x000000002ffc2ed2                flush_dcache_range
 .text.mmu_page_table_flush
                0x000000002ffc2f0a       0x1e arch/arm/cpu/armv7/cache_v7.o
                0x000000002ffc2f0a                mmu_page_table_flush
 .text.v7_outer_cache_inval_range
                0x000000002ffc2f28        0x2 arch/arm/cpu/armv7/cache_v7.o
                0x000000002ffc2f28                v7_outer_cache_inval_range
 .text.invalidate_dcache_range
                0x000000002ffc2f2a       0x40 arch/arm/cpu/armv7/cache_v7.o
                0x000000002ffc2f2a                invalidate_dcache_range
 *fill*         0x000000002ffc2f6a        0x2 
 .text          0x000000002ffc2f6c      0x158 arch/arm/cpu/armv7/cache_v7_asm.o
                0x000000002ffc2f6c                __v7_flush_dcache_all
                0x000000002ffc3008                v7_flush_dcache_all
                0x000000002ffc3018                __v7_invalidate_dcache_all
                0x000000002ffc30b4                v7_invalidate_dcache_all
 .text.s_init   0x000000002ffc30c4        0x4 arch/arm/cpu/armv7/lowlevel_init.o
                0x000000002ffc30c4                s_init
 .text.lowlevel_init
                0x000000002ffc30c8       0x18 arch/arm/cpu/armv7/lowlevel_init.o
                0x000000002ffc30c8                lowlevel_init
 .text.timer_init
                0x000000002ffc30e0       0x14 arch/arm/cpu/armv7/arch_timer.o
                0x000000002ffc30e0                timer_init
 .text.get_ticks
                0x000000002ffc30f4       0x16 arch/arm/cpu/armv7/arch_timer.o
                0x000000002ffc30f4                get_ticks
 *fill*         0x000000002ffc310a        0x2 
 .text.timer_get_boot_us
                0x000000002ffc310c       0x40 arch/arm/cpu/armv7/arch_timer.o
                0x000000002ffc310c                timer_get_boot_us
 .text.get_tbclk
                0x000000002ffc314c        0x6 arch/arm/cpu/armv7/arch_timer.o
                0x000000002ffc314c                get_tbclk
 *fill*         0x000000002ffc3152        0x2 
 .text          0x000000002ffc3154       0x68 arch/arm/lib/crt0.o
                0x000000002ffc3154                _main
 *fill*         0x000000002ffc31bc        0x4 
 .text          0x000000002ffc31c0       0xa0 arch/arm/lib/memset.o
                0x000000002ffc31c0                memset
 .text          0x000000002ffc3260      0x2e4 arch/arm/lib/memcpy.o
                0x000000002ffc3260                memcpy
 .text.check_cache_range
                0x000000002ffc3544        0xe arch/arm/lib/cache.o
                0x000000002ffc3544                check_cache_range
 .text.set_section_dcache
                0x000000002ffc3552       0x12 arch/arm/lib/cache-cp15.o
                0x000000002ffc3552                set_section_dcache
 .text.mmu_set_region_dcache_behaviour_phys
                0x000000002ffc3564       0x50 arch/arm/lib/cache-cp15.o
                0x000000002ffc3564                mmu_set_region_dcache_behaviour_phys
 .text.dcache_enable
                0x000000002ffc35b4       0x6a arch/arm/lib/cache-cp15.o
                0x000000002ffc35b4                dcache_enable
 .text.dcache_disable
                0x000000002ffc361e       0x20 arch/arm/lib/cache-cp15.o
                0x000000002ffc361e                dcache_disable
 .text.dcache_status
                0x000000002ffc363e        0xa arch/arm/lib/cache-cp15.o
                0x000000002ffc363e                dcache_status
 .text.mmu_set_region_dcache_behaviour
                0x000000002ffc3648        0xa arch/arm/lib/cache-cp15.o
                0x000000002ffc3648                mmu_set_region_dcache_behaviour
 *fill*         0x000000002ffc3652        0x2 
 .text.board_vddcore_init
                0x000000002ffc3654        0xc board/st/stm32mp1/spl.o
                0x000000002ffc3654                board_vddcore_init
 .text.board_early_init_f
                0x000000002ffc3660       0x1c board/st/stm32mp1/spl.o
                0x000000002ffc3660                board_early_init_f
 .text.board_ddr_power_init
                0x000000002ffc367c      0x144 board/st/common/stpmic1.o
                0x000000002ffc367c                board_ddr_power_init
 .text.stpmic1_init
                0x000000002ffc37c0       0x48 board/st/common/stpmic1.o
                0x000000002ffc37c0                stpmic1_init
 .text.spl_common_init.constprop.0
                0x000000002ffc3808       0x54 common/spl/spl.o
 .text.spl_perform_fixups
                0x000000002ffc385c        0x2 common/spl/spl.o
                0x000000002ffc385c                spl_perform_fixups
 *fill*         0x000000002ffc385e        0x2 
 .text.spl_get_image_pos
                0x000000002ffc3860       0x1c common/spl/spl.o
                0x000000002ffc3860                spl_get_image_pos
 .text.spl_get_load_buffer
                0x000000002ffc387c        0xa common/spl/spl.o
                0x000000002ffc387c                spl_get_load_buffer
 *fill*         0x000000002ffc3886        0x2 
 .text.spl_set_header_raw_uboot
                0x000000002ffc3888       0x30 common/spl/spl.o
                0x000000002ffc3888                spl_set_header_raw_uboot
 .text.spl_parse_board_header
                0x000000002ffc38b8        0x6 common/spl/spl.o
                0x000000002ffc38b8                spl_parse_board_header
 *fill*         0x000000002ffc38be        0x2 
 .text.spl_parse_image_header
                0x000000002ffc38c0       0x2c common/spl/spl.o
                0x000000002ffc38c0                spl_parse_image_header
 .text.spl_set_bd
                0x000000002ffc38ec       0x14 common/spl/spl.o
                0x000000002ffc38ec                spl_set_bd
 .text.spl_early_init
                0x000000002ffc3900       0x16 common/spl/spl.o
                0x000000002ffc3900                spl_early_init
 .text.spl_init
                0x000000002ffc3916       0x24 common/spl/spl.o
                0x000000002ffc3916                spl_init
 .text.board_boot_order
                0x000000002ffc393a        0xc common/spl/spl.o
                0x000000002ffc393a                board_boot_order
 .text.spl_check_board_image
                0x000000002ffc3946        0x4 common/spl/spl.o
                0x000000002ffc3946                spl_check_board_image
 *fill*         0x000000002ffc394a        0x2 
 .text.board_init_r
                0x000000002ffc394c       0xf8 common/spl/spl.o
                0x000000002ffc394c                board_init_r
 .text.preloader_console_init
                0x000000002ffc3a44       0x28 common/spl/spl.o
                0x000000002ffc3a44                preloader_console_init
 .text.spl_relocate_stack_gd
                0x000000002ffc3a6c        0x4 common/spl/spl.o
                0x000000002ffc3a6c                spl_relocate_stack_gd
 .text.spl_parse_legacy_validate
                0x000000002ffc3a70       0x50 common/spl/spl_legacy.o
 .text.spl_parse_legacy_header
                0x000000002ffc3ac0       0x4e common/spl/spl_legacy.o
                0x000000002ffc3ac0                spl_parse_legacy_header
 .text.arch_spl_mmc_get_uboot_raw_sector
                0x000000002ffc3b0e        0x4 common/spl/spl_mmc.o
                0x000000002ffc3b0e                arch_spl_mmc_get_uboot_raw_sector
 .text.board_spl_mmc_get_uboot_raw_sector
                0x000000002ffc3b12        0x4 common/spl/spl_mmc.o
                0x000000002ffc3b12                board_spl_mmc_get_uboot_raw_sector
 .text.spl_mmc_get_uboot_raw_sector
                0x000000002ffc3b16        0x4 common/spl/spl_mmc.o
                0x000000002ffc3b16                spl_mmc_get_uboot_raw_sector
 .text.default_spl_mmc_emmc_boot_partition
                0x000000002ffc3b1a       0x10 common/spl/spl_mmc.o
                0x000000002ffc3b1a                default_spl_mmc_emmc_boot_partition
 .text.spl_mmc_emmc_boot_partition
                0x000000002ffc3b2a        0x4 common/spl/spl_mmc.o
                0x000000002ffc3b2a                spl_mmc_emmc_boot_partition
 *fill*         0x000000002ffc3b2e        0x2 
 .text.spl_mmc_load
                0x000000002ffc3b30      0x1b4 common/spl/spl_mmc.o
                0x000000002ffc3b30                spl_mmc_load
 .text.spl_mmc_load_image
                0x000000002ffc3ce4       0x1e common/spl/spl_mmc.o
                0x000000002ffc3ce4                spl_mmc_load_image
 .text.spl_spi_get_uboot_offs
                0x000000002ffc3d02        0x6 common/spl/spl_spi.o
                0x000000002ffc3d02                spl_spi_get_uboot_offs
 .text.spl_spi_boot_bus
                0x000000002ffc3d08        0x4 common/spl/spl_spi.o
                0x000000002ffc3d08                spl_spi_boot_bus
 .text.spl_spi_boot_cs
                0x000000002ffc3d0c        0x4 common/spl/spl_spi.o
                0x000000002ffc3d0c                spl_spi_boot_cs
 .text.spl_spi_load_image
                0x000000002ffc3d10       0x8c common/spl/spl_spi.o
 .text.board_init_f_alloc_reserve
                0x000000002ffc3d9c        0xc common/init/board_init.o
                0x000000002ffc3d9c                board_init_f_alloc_reserve
 .text.board_init_f_init_reserve
                0x000000002ffc3da8       0x18 common/init/board_init.o
                0x000000002ffc3da8                board_init_f_init_reserve
 .text.of_bus_default_map
                0x000000002ffc3dc0       0x6a boot/fdt_support.o
 .text.of_bus_default_translate
                0x000000002ffc3e2a       0x68 boot/fdt_support.o
 *fill*         0x000000002ffc3e92        0x2 
 .text.fdt_support_default_count_cells
                0x000000002ffc3e94       0x34 boot/fdt_support.o
                0x000000002ffc3e94                fdt_support_default_count_cells
 .text.__of_translate_address
                0x000000002ffc3ec8      0x170 boot/fdt_support.o
 .text.fdt_translate_address
                0x000000002ffc4038        0xc boot/fdt_support.o
                0x000000002ffc4038                fdt_translate_address
 .text.get_record_name.constprop.0
                0x000000002ffc4044       0x28 common/bootstage.o
 .text.find_id  0x000000002ffc406c       0x1c common/bootstage.o
                0x000000002ffc406c                find_id
 .text.ensure_id
                0x000000002ffc4088       0x24 common/bootstage.o
                0x000000002ffc4088                ensure_id
 .text.bootstage_add_record
                0x000000002ffc40ac       0x48 common/bootstage.o
                0x000000002ffc40ac                bootstage_add_record
 .text.bootstage_error_name
                0x000000002ffc40f4       0x1a common/bootstage.o
                0x000000002ffc40f4                bootstage_error_name
 .text.bootstage_mark_name
                0x000000002ffc410e       0x22 common/bootstage.o
                0x000000002ffc410e                bootstage_mark_name
 .text.bootstage_start
                0x000000002ffc4130       0x1e common/bootstage.o
                0x000000002ffc4130                bootstage_start
 .text.bootstage_accum
                0x000000002ffc414e       0x20 common/bootstage.o
                0x000000002ffc414e                bootstage_accum
 *fill*         0x000000002ffc416e        0x2 
 .text.bootstage_stash
                0x000000002ffc4170       0xa8 common/bootstage.o
                0x000000002ffc4170                bootstage_stash
 .text._bootstage_stash_default
                0x000000002ffc4218        0xc common/bootstage.o
                0x000000002ffc4218                _bootstage_stash_default
 .text.bootstage_init
                0x000000002ffc4224       0x48 common/bootstage.o
                0x000000002ffc4224                bootstage_init
 .text.console_puts_select.part.0
                0x000000002ffc426c       0x10 common/console.o
 .text.puts     0x000000002ffc427c       0x38 common/console.o
                0x000000002ffc427c                puts
 .text.fflush.part.0
                0x000000002ffc42b4       0x14 common/console.o
 .text.flush    0x000000002ffc42c8       0x30 common/console.o
                0x000000002ffc42c8                flush
 .text.putc     0x000000002ffc42f8       0x40 common/console.o
                0x000000002ffc42f8                putc
 .text.sbrk     0x000000002ffc4338       0x40 common/dlmalloc.o
                0x000000002ffc4338                sbrk
 .text.mem_malloc_init
                0x000000002ffc4378       0x28 common/dlmalloc.o
                0x000000002ffc4378                mem_malloc_init
 .text.malloc_trim
                0x000000002ffc43a0       0x84 common/dlmalloc.o
                0x000000002ffc43a0                malloc_trim
 .text.free     0x000000002ffc4424      0x164 common/dlmalloc.o
                0x000000002ffc4424                free
 .text.malloc   0x000000002ffc4588      0x420 common/dlmalloc.o
                0x000000002ffc4588                malloc
 .text.calloc   0x000000002ffc49a8       0x9c common/dlmalloc.o
                0x000000002ffc49a8                calloc
 .text.memalign
                0x000000002ffc4a44      0x116 common/dlmalloc.o
                0x000000002ffc4a44                memalign
 *fill*         0x000000002ffc4b5a        0x2 
 .text.alloc_simple
                0x000000002ffc4b5c       0x58 common/malloc_simple.o
 .text.malloc_simple
                0x000000002ffc4bb4        0x6 common/malloc_simple.o
                0x000000002ffc4bb4                malloc_simple
 .text.memalign_simple
                0x000000002ffc4bba        0xa common/malloc_simple.o
                0x000000002ffc4bba                memalign_simple
 .text.cyclic_register
                0x000000002ffc4bc4       0x4e common/cyclic.o
                0x000000002ffc4bc4                cyclic_register
 *fill*         0x000000002ffc4c12        0x2 
 .text.cyclic_run
                0x000000002ffc4c14       0xdc common/cyclic.o
                0x000000002ffc4c14                cyclic_run
 .text.schedule
                0x000000002ffc4cf0        0xc common/cyclic.o
                0x000000002ffc4cf0                schedule
 .text.dcache_flush_invalidate
                0x000000002ffc4cfc       0x1e common/memsize.o
 .text.get_ram_size
                0x000000002ffc4d1a       0xcc common/memsize.o
                0x000000002ffc4d1a                get_ram_size
 *fill*         0x000000002ffc4de6        0x2 
 .text.log_get_cat_name
                0x000000002ffc4de8       0x38 common/log.o
                0x000000002ffc4de8                log_get_cat_name
 .text.log_get_level_name
                0x000000002ffc4e20       0x18 common/log.o
                0x000000002ffc4e20                log_get_level_name
 .text.log_has_cat
                0x000000002ffc4e38       0x1c common/log.o
                0x000000002ffc4e38                log_has_cat
 .text.log_has_file
                0x000000002ffc4e54       0x42 common/log.o
                0x000000002ffc4e54                log_has_file
 .text._log     0x000000002ffc4e96      0x188 common/log.o
                0x000000002ffc4e96                _log
 *fill*         0x000000002ffc501e        0x2 
 .text.log_init
                0x000000002ffc5020       0x88 common/log.o
                0x000000002ffc5020                log_init
 .text.log_console_emit
                0x000000002ffc50a8       0x9c common/log_console.o
 .text.env_get_from_linear
                0x000000002ffc5144       0x94 env/common.o
 .text.env_get_f
                0x000000002ffc51d8       0x24 env/common.o
                0x000000002ffc51d8                env_get_f
 .text.env_get  0x000000002ffc51fc       0x54 env/common.o
                0x000000002ffc51fc                env_get
 .text.env_get_default
                0x000000002ffc5250       0x20 env/common.o
                0x000000002ffc5250                env_get_default
 .text.env_set_default
                0x000000002ffc5270       0x88 env/common.o
                0x000000002ffc5270                env_set_default
 .text.env_import
                0x000000002ffc52f8       0xa8 env/common.o
                0x000000002ffc52f8                env_import
 .text.env_check_redund
                0x000000002ffc53a0       0xc0 env/common.o
                0x000000002ffc53a0                env_check_redund
 .text.env_import_redund
                0x000000002ffc5460       0x54 env/common.o
                0x000000002ffc5460                env_import_redund
 .text.regex_callback
                0x000000002ffc54b4       0xd8 env/attr.o
 .text.env_attr_walk
                0x000000002ffc558c       0xb0 env/attr.o
                0x000000002ffc558c                env_attr_walk
 .text.env_attr_lookup
                0x000000002ffc563c       0x4c env/attr.o
                0x000000002ffc563c                env_attr_lookup
 .text.skip_num
                0x000000002ffc5688       0x3c env/flags.o
 .text.env_flags_parse_vartype
                0x000000002ffc56c4       0x30 env/flags.o
                0x000000002ffc56c4                env_flags_parse_vartype
 .text.env_flags_parse_varaccess
                0x000000002ffc56f4       0x30 env/flags.o
                0x000000002ffc56f4                env_flags_parse_varaccess
 .text.eth_validate_ethaddr_str
                0x000000002ffc5724       0x52 env/flags.o
                0x000000002ffc5724                eth_validate_ethaddr_str
 *fill*         0x000000002ffc5776        0x2 
 .text.env_flags_init
                0x000000002ffc5778       0x94 env/flags.o
                0x000000002ffc5778                env_flags_init
 .text.env_flags_validate
                0x000000002ffc580c      0x19c env/flags.o
                0x000000002ffc580c                env_flags_validate
 .text.mmc_get_env_addr
                0x000000002ffc59a8      0x134 env/mmc.o
                0x000000002ffc59a8                mmc_get_env_addr
 .text.mmc_get_env_part
                0x000000002ffc5adc        0x4 env/mmc.o
                0x000000002ffc5adc                mmc_get_env_part
 .text.env_mmc_load
                0x000000002ffc5ae0      0x190 env/mmc.o
 .text.fdt_check_header
                0x000000002ffc5c70       0x14 lib/libfdt/fdt.o
                0x000000002ffc5c70                fdt_check_header
 .text.fdt_offset_ptr
                0x000000002ffc5c84       0x1e lib/libfdt/fdt.o
                0x000000002ffc5c84                fdt_offset_ptr
 .text.fdt_next_tag
                0x000000002ffc5ca2       0x70 lib/libfdt/fdt.o
                0x000000002ffc5ca2                fdt_next_tag
 .text.fdt_check_node_offset_
                0x000000002ffc5d12       0x24 lib/libfdt/fdt.o
                0x000000002ffc5d12                fdt_check_node_offset_
 .text.fdt_check_prop_offset_
                0x000000002ffc5d36       0x24 lib/libfdt/fdt.o
                0x000000002ffc5d36                fdt_check_prop_offset_
 .text.fdt_next_node
                0x000000002ffc5d5a       0x6e lib/libfdt/fdt.o
                0x000000002ffc5d5a                fdt_next_node
 .text.fdt_first_subnode
                0x000000002ffc5dc8       0x26 lib/libfdt/fdt.o
                0x000000002ffc5dc8                fdt_first_subnode
 .text.fdt_next_subnode
                0x000000002ffc5dee       0x2a lib/libfdt/fdt.o
                0x000000002ffc5dee                fdt_next_subnode
 .text.fdt_get_property_by_offset_
                0x000000002ffc5e18       0x12 lib/libfdt/fdt_ro.o
 .text.nextprop_
                0x000000002ffc5e2a       0x32 lib/libfdt/fdt_ro.o
 .text.fdt_supernode_atdepth_offset.part.0
                0x000000002ffc5e5c       0x48 lib/libfdt/fdt_ro.o
 .text.fdt_get_string
                0x000000002ffc5ea4       0x1a lib/libfdt/fdt_ro.o
                0x000000002ffc5ea4                fdt_get_string
 .text.fdt_string
                0x000000002ffc5ebe        0x6 lib/libfdt/fdt_ro.o
                0x000000002ffc5ebe                fdt_string
 .text.fdt_get_name
                0x000000002ffc5ec4       0x1c lib/libfdt/fdt_ro.o
                0x000000002ffc5ec4                fdt_get_name
 .text.fdt_subnode_offset_namelen
                0x000000002ffc5ee0       0x72 lib/libfdt/fdt_ro.o
                0x000000002ffc5ee0                fdt_subnode_offset_namelen
 .text.fdt_subnode_offset
                0x000000002ffc5f52       0x1e lib/libfdt/fdt_ro.o
                0x000000002ffc5f52                fdt_subnode_offset
 .text.fdt_first_property_offset
                0x000000002ffc5f70       0x18 lib/libfdt/fdt_ro.o
                0x000000002ffc5f70                fdt_first_property_offset
 .text.fdt_next_property_offset
                0x000000002ffc5f88       0x18 lib/libfdt/fdt_ro.o
                0x000000002ffc5f88                fdt_next_property_offset
 .text.fdt_get_property_namelen_
                0x000000002ffc5fa0       0x6c lib/libfdt/fdt_ro.o
 .text.fdt_getprop_namelen
                0x000000002ffc600c       0x16 lib/libfdt/fdt_ro.o
                0x000000002ffc600c                fdt_getprop_namelen
 .text.fdt_getprop_by_offset
                0x000000002ffc6022       0x24 lib/libfdt/fdt_ro.o
                0x000000002ffc6022                fdt_getprop_by_offset
 .text.fdt_getprop
                0x000000002ffc6046       0x22 lib/libfdt/fdt_ro.o
                0x000000002ffc6046                fdt_getprop
 .text.fdt_get_phandle
                0x000000002ffc6068       0x40 lib/libfdt/fdt_ro.o
                0x000000002ffc6068                fdt_get_phandle
 .text.fdt_get_alias_namelen
                0x000000002ffc60a8       0x2c lib/libfdt/fdt_ro.o
                0x000000002ffc60a8                fdt_get_alias_namelen
 .text.fdt_path_offset_namelen
                0x000000002ffc60d4       0x88 lib/libfdt/fdt_ro.o
                0x000000002ffc60d4                fdt_path_offset_namelen
 .text.fdt_path_offset
                0x000000002ffc615c       0x1a lib/libfdt/fdt_ro.o
                0x000000002ffc615c                fdt_path_offset
 .text.fdt_supernode_atdepth_offset
                0x000000002ffc6176        0xe lib/libfdt/fdt_ro.o
                0x000000002ffc6176                fdt_supernode_atdepth_offset
 .text.fdt_node_depth
                0x000000002ffc6184       0x14 lib/libfdt/fdt_ro.o
                0x000000002ffc6184                fdt_node_depth
 .text.fdt_parent_offset
                0x000000002ffc6198       0x20 lib/libfdt/fdt_ro.o
                0x000000002ffc6198                fdt_parent_offset
 .text.fdt_node_offset_by_phandle
                0x000000002ffc61b8       0x3a lib/libfdt/fdt_ro.o
                0x000000002ffc61b8                fdt_node_offset_by_phandle
 .text.fdt_stringlist_contains
                0x000000002ffc61f2       0x46 lib/libfdt/fdt_ro.o
                0x000000002ffc61f2                fdt_stringlist_contains
 .text.fdt_stringlist_search
                0x000000002ffc6238       0x66 lib/libfdt/fdt_ro.o
                0x000000002ffc6238                fdt_stringlist_search
 *fill*         0x000000002ffc629e        0x2 
 .text.fdt_node_check_compatible
                0x000000002ffc62a0       0x28 lib/libfdt/fdt_ro.o
                0x000000002ffc62a0                fdt_node_check_compatible
 .text.fdt_node_offset_by_compatible
                0x000000002ffc62c8       0x34 lib/libfdt/fdt_ro.o
                0x000000002ffc62c8                fdt_node_offset_by_compatible
 .text.fdt_cells
                0x000000002ffc62fc       0x2a lib/libfdt/fdt_addresses.o
 *fill*         0x000000002ffc6326        0x2 
 .text.fdt_address_cells
                0x000000002ffc6328       0x1c lib/libfdt/fdt_addresses.o
                0x000000002ffc6328                fdt_address_cells
 .text.fdt_size_cells
                0x000000002ffc6344       0x14 lib/libfdt/fdt_addresses.o
                0x000000002ffc6344                fdt_size_cells
 .text.fdtdec_get_int
                0x000000002ffc6358       0x1c lib/fdtdec_common.o
                0x000000002ffc6358                fdtdec_get_int
 .text.get_prop_check_min_len
                0x000000002ffc6374       0x26 lib/fdtdec.o
 *fill*         0x000000002ffc639a        0x2 
 .text.fdtdec_prepare_fdt
                0x000000002ffc639c       0x24 lib/fdtdec.o
 .text.fdtdec_get_is_enabled
                0x000000002ffc63c0       0x28 lib/fdtdec.o
                0x000000002ffc63c0                fdtdec_get_is_enabled
 .text.fdtdec_get_alias_seq
                0x000000002ffc63e8       0xac lib/fdtdec.o
                0x000000002ffc63e8                fdtdec_get_alias_seq
 .text.fdtdec_get_alias_highest_id
                0x000000002ffc6494       0x78 lib/fdtdec.o
                0x000000002ffc6494                fdtdec_get_alias_highest_id
 .text.fdtdec_get_chosen_prop
                0x000000002ffc650c       0x24 lib/fdtdec.o
                0x000000002ffc650c                fdtdec_get_chosen_prop
 .text.fdtdec_get_int_array
                0x000000002ffc6530       0x36 lib/fdtdec.o
                0x000000002ffc6530                fdtdec_get_int_array
 .text.fdtdec_parse_phandle_with_args
                0x000000002ffc6566       0xc8 lib/fdtdec.o
                0x000000002ffc6566                fdtdec_parse_phandle_with_args
 .text.fdtdec_get_number
                0x000000002ffc662e       0x1a lib/fdtdec.o
                0x000000002ffc662e                fdtdec_get_number
 .text.fdtdec_get_addr_size_fixed
                0x000000002ffc6648       0x6c lib/fdtdec.o
                0x000000002ffc6648                fdtdec_get_addr_size_fixed
 .text.fdt_get_resource
                0x000000002ffc66b4       0x96 lib/fdtdec.o
                0x000000002ffc66b4                fdt_get_resource
 .text.fdtdec_board_setup
                0x000000002ffc674a        0x4 lib/fdtdec.o
                0x000000002ffc674a                fdtdec_board_setup
 *fill*         0x000000002ffc674e        0x2 
 .text.fdtdec_setup
                0x000000002ffc6750       0x2c lib/fdtdec.o
                0x000000002ffc6750                fdtdec_setup
 .text.drop_var_from_set.part.0
                0x000000002ffc677c       0x30 lib/hashtable.o
 .text.hcreate_r
                0x000000002ffc67ac       0x5c lib/hashtable.o
                0x000000002ffc67ac                hcreate_r
 .text.hdestroy_r
                0x000000002ffc6808       0x44 lib/hashtable.o
                0x000000002ffc6808                hdestroy_r
 .text.hsearch_r
                0x000000002ffc684c      0x238 lib/hashtable.o
                0x000000002ffc684c                hsearch_r
 .text.hdelete_r
                0x000000002ffc6a84       0x80 lib/hashtable.o
                0x000000002ffc6a84                hdelete_r
 .text.himport_r
                0x000000002ffc6b04      0x278 lib/hashtable.o
                0x000000002ffc6b04                himport_r
 .text.crc32_no_comp
                0x000000002ffc6d7c       0x90 lib/crc32.o
                0x000000002ffc6d7c                crc32_no_comp
 .text.crc32    0x000000002ffc6e0c        0xc lib/crc32.o
                0x000000002ffc6e0c                crc32
 .text.__div64_32
                0x000000002ffc6e18       0x7a lib/div64.o
                0x000000002ffc6e18                __div64_32
 *fill*         0x000000002ffc6e92        0x2 
 .text.hang     0x000000002ffc6e94       0x1c lib/hang.o
                0x000000002ffc6e94                hang
 .text.kmalloc  0x000000002ffc6eb0       0x28 lib/linux_compat.o
                0x000000002ffc6eb0                kmalloc
 .text.skip_spaces
                0x000000002ffc6ed8       0x18 lib/linux_string.o
                0x000000002ffc6ed8                skip_spaces
 .text.strim    0x000000002ffc6ef0       0x34 lib/linux_string.o
                0x000000002ffc6ef0                strim
 .text.emit     0x000000002ffc6f24       0x20 lib/slre.o
 .text.store_char_in_data
                0x000000002ffc6f44       0x24 lib/slre.o
 .text.get_escape_char
                0x000000002ffc6f68       0x54 lib/slre.o
 .text.relocate
                0x000000002ffc6fbc       0x2a lib/slre.o
 *fill*         0x000000002ffc6fe6        0x2 
 .text.match    0x000000002ffc6fe8      0x288 lib/slre.o
 .text.loop_greedy
                0x000000002ffc7270       0x56 lib/slre.o
 .text.loop_non_greedy
                0x000000002ffc72c6       0x52 lib/slre.o
 .text.fixup_branch.part.0
                0x000000002ffc7318       0x24 lib/slre.o
 .text.quantifier
                0x000000002ffc733c       0x5c lib/slre.o
 .text.compile  0x000000002ffc7398      0x24c lib/slre.o
 .text.slre_compile
                0x000000002ffc75e4       0x74 lib/slre.o
                0x000000002ffc75e4                slre_compile
 .text.slre_match
                0x000000002ffc7658       0x5a lib/slre.o
                0x000000002ffc7658                slre_match
 .text.strcpy   0x000000002ffc76b2       0x10 lib/string.o
                0x000000002ffc76b2                strcpy
 .text.strncpy  0x000000002ffc76c2       0x18 lib/string.o
                0x000000002ffc76c2                strncpy
 .text.strcmp   0x000000002ffc76da       0x16 lib/string.o
                0x000000002ffc76da                strcmp
 .text.strncmp  0x000000002ffc76f0       0x20 lib/string.o
                0x000000002ffc76f0                strncmp
 .text.strchr   0x000000002ffc7710       0x1a lib/string.o
                0x000000002ffc7710                strchr
 .text.strchrnul
                0x000000002ffc772a       0x14 lib/string.o
                0x000000002ffc772a                strchrnul
 .text.strlen   0x000000002ffc773e       0x10 lib/string.o
                0x000000002ffc773e                strlen
 .text.strrchr  0x000000002ffc774e       0x20 lib/string.o
                0x000000002ffc774e                strrchr
 .text.strnlen  0x000000002ffc776e       0x18 lib/string.o
                0x000000002ffc776e                strnlen
 .text.strdup   0x000000002ffc7786       0x22 lib/string.o
                0x000000002ffc7786                strdup
 .text.memmove  0x000000002ffc77a8       0x2a lib/string.o
                0x000000002ffc77a8                memmove
 .text.memcmp   0x000000002ffc77d2       0x1e lib/string.o
                0x000000002ffc77d2                memcmp
 .text.memchr   0x000000002ffc77f0       0x1c lib/string.o
                0x000000002ffc77f0                memchr
 .text.tick_to_time
                0x000000002ffc780c       0x38 lib/time.o
 .text.get_timer
                0x000000002ffc7844       0x10 lib/time.o
                0x000000002ffc7844                get_timer
 .text.timer_get_us
                0x000000002ffc7854       0x18 lib/time.o
                0x000000002ffc7854                timer_get_us
 .text.usec_to_tick
                0x000000002ffc786c       0x50 lib/time.o
                0x000000002ffc786c                usec_to_tick
 .text.__udelay
                0x000000002ffc78bc       0x2a lib/time.o
                0x000000002ffc78bc                __udelay
 *fill*         0x000000002ffc78e6        0x2 
 .text.udelay   0x000000002ffc78e8       0x24 lib/time.o
                0x000000002ffc78e8                udelay
 .text.uuid_str_valid
                0x000000002ffc790c       0x4c lib/uuid.o
                0x000000002ffc790c                uuid_str_valid
 .text.uuid_guid_get_bin
                0x000000002ffc7958       0x48 lib/uuid.o
                0x000000002ffc7958                uuid_guid_get_bin
 .text.uuid_str_to_bin
                0x000000002ffc79a0      0x100 lib/uuid.o
                0x000000002ffc79a0                uuid_str_to_bin
 .text.uuid_bin_to_str
                0x000000002ffc7aa0       0x80 lib/uuid.o
                0x000000002ffc7aa0                uuid_bin_to_str
 .text.panic_finish
                0x000000002ffc7b20       0x1a lib/panic.o
 .text.panic_str
                0x000000002ffc7b3a        0xa lib/panic.o
                0x000000002ffc7b3a                panic_str
 .text.panic    0x000000002ffc7b44       0x14 lib/panic.o
                0x000000002ffc7b44                panic
 .text.div_out  0x000000002ffc7b58       0x34 lib/tiny-printf.o
 .text.putc_outstr
                0x000000002ffc7b8c        0xa lib/tiny-printf.o
 .text.putc_normal
                0x000000002ffc7b96        0x6 lib/tiny-printf.o
 .text._vprintf
                0x000000002ffc7b9c      0x1e8 lib/tiny-printf.o
 .text.vprintf  0x000000002ffc7d84       0x1c lib/tiny-printf.o
                0x000000002ffc7d84                vprintf
 .text.printf   0x000000002ffc7da0       0x24 lib/tiny-printf.o
                0x000000002ffc7da0                printf
 .text.sprintf  0x000000002ffc7dc4       0x2c lib/tiny-printf.o
                0x000000002ffc7dc4                sprintf
 .text.vsnprintf
                0x000000002ffc7df0       0x24 lib/tiny-printf.o
                0x000000002ffc7df0                vsnprintf
 .text.snprintf
                0x000000002ffc7e14       0x2c lib/tiny-printf.o
                0x000000002ffc7e14                snprintf
 .text._parse_integer_fixup_radix
                0x000000002ffc7e40       0x38 lib/strto.o
 .text.decode_digit
                0x000000002ffc7e78       0x2c lib/strto.o
 .text.simple_strtoul
                0x000000002ffc7ea4       0x32 lib/strto.o
                0x000000002ffc7ea4                simple_strtoul
 .text.hextoul  0x000000002ffc7ed6        0x6 lib/strto.o
                0x000000002ffc7ed6                hextoul
 .text.dectoul  0x000000002ffc7edc        0x6 lib/strto.o
                0x000000002ffc7edc                dectoul
 .text.simple_strtoull
                0x000000002ffc7ee2       0x46 lib/strto.o
                0x000000002ffc7ee2                simple_strtoull
 .text.trailing_strtoln_end
                0x000000002ffc7f28       0x50 lib/strto.o
                0x000000002ffc7f28                trailing_strtoln_end
 .text.trailing_strtoln
                0x000000002ffc7f78        0x6 lib/strto.o
                0x000000002ffc7f78                trailing_strtoln
 .text.trailing_strtol
                0x000000002ffc7f7e        0x6 lib/strto.o
                0x000000002ffc7f7e                trailing_strtol
 .text.part_driver_get_type
                0x000000002ffc7f84       0x20 disk/part.o
 .text.part_driver_lookup_type
                0x000000002ffc7fa4       0x3c disk/part.o
 .text.part_init
                0x000000002ffc7fe0       0x2c disk/part.o
                0x000000002ffc7fe0                part_init
 .text.part_get_info_by_type
                0x000000002ffc800c       0x44 disk/part.o
                0x000000002ffc800c                part_get_info_by_type
 .text.part_get_info
                0x000000002ffc8050        0x8 disk/part.o
                0x000000002ffc8050                part_get_info
 .text.blk_get_device_by_str
                0x000000002ffc8058       0xbc disk/part.o
                0x000000002ffc8058                blk_get_device_by_str
 .text.disk_blk_part_validate
                0x000000002ffc8114       0x38 disk/disk-uclass.o
 .text.disk_blk_read
                0x000000002ffc814c       0x36 disk/disk-uclass.o
                0x000000002ffc814c                disk_blk_read
 .text.disk_blk_erase
                0x000000002ffc8182       0x2e disk/disk-uclass.o
                0x000000002ffc8182                disk_blk_erase
 .text.disk_blk_write
                0x000000002ffc81b0       0x36 disk/disk-uclass.o
                0x000000002ffc81b0                disk_blk_write
 *fill*         0x000000002ffc81e6        0x2 
 .text.print_efiname
                0x000000002ffc81e8       0x3c disk/part_efi.o
 .text.part_test_efi
                0x000000002ffc8224       0x72 disk/part_efi.o
 *fill*         0x000000002ffc8296        0x2 
 .text.validate_gpt_header
                0x000000002ffc8298      0x158 disk/part_efi.o
 .text.is_gpt_valid
                0x000000002ffc83f0      0x214 disk/part_efi.o
 .text.is_pte_valid.part.0
                0x000000002ffc8604       0x22 disk/part_efi.o
 .text.find_valid_gpt.constprop.0
                0x000000002ffc8626       0x32 disk/part_efi.o
 .text.part_get_info_efi
                0x000000002ffc8658      0x134 disk/part_efi.o
                0x000000002ffc8658                part_get_info_efi
 .text.blk_post_probe
                0x000000002ffc878c       0x8c drivers/block/blk-uclass.o
 .text.blk_get_devnum_by_uclass_idname
                0x000000002ffc8818       0x84 drivers/block/blk-uclass.o
                0x000000002ffc8818                blk_get_devnum_by_uclass_idname
 .text.blk_select_hwpart
                0x000000002ffc889c       0x16 drivers/block/blk-uclass.o
                0x000000002ffc889c                blk_select_hwpart
 .text.blk_dselect_hwpart
                0x000000002ffc88b2        0x6 drivers/block/blk-uclass.o
                0x000000002ffc88b2                blk_dselect_hwpart
 .text.blk_find_device
                0x000000002ffc88b8       0x50 drivers/block/blk-uclass.o
                0x000000002ffc88b8                blk_find_device
 .text.blk_get_device
                0x000000002ffc8908       0x16 drivers/block/blk-uclass.o
                0x000000002ffc8908                blk_get_device
 .text.blk_select_hwpart_devnum
                0x000000002ffc891e       0x1e drivers/block/blk-uclass.o
                0x000000002ffc891e                blk_select_hwpart_devnum
 .text.blk_read
                0x000000002ffc893c       0x36 drivers/block/blk-uclass.o
                0x000000002ffc893c                blk_read
 .text.blk_write
                0x000000002ffc8972       0x36 drivers/block/blk-uclass.o
                0x000000002ffc8972                blk_write
 .text.blk_erase
                0x000000002ffc89a8       0x26 drivers/block/blk-uclass.o
                0x000000002ffc89a8                blk_erase
 .text.blk_dread
                0x000000002ffc89ce        0x6 drivers/block/blk-uclass.o
                0x000000002ffc89ce                blk_dread
 .text.blk_find_from_parent
                0x000000002ffc89d4       0x1c drivers/block/blk-uclass.o
                0x000000002ffc89d4                blk_find_from_parent
 .text.blk_get_from_parent
                0x000000002ffc89f0       0x1c drivers/block/blk-uclass.o
                0x000000002ffc89f0                blk_get_from_parent
 .text.blk_find_max_devnum
                0x000000002ffc8a0c       0x46 drivers/block/blk-uclass.o
                0x000000002ffc8a0c                blk_find_max_devnum
 .text.blk_next_free_devnum
                0x000000002ffc8a52       0x18 drivers/block/blk-uclass.o
                0x000000002ffc8a52                blk_next_free_devnum
 .text.blk_create_device
                0x000000002ffc8a6a       0xee drivers/block/blk-uclass.o
                0x000000002ffc8a6a                blk_create_device
 .text.blk_create_devicef
                0x000000002ffc8b58       0x6c drivers/block/blk-uclass.o
                0x000000002ffc8b58                blk_create_devicef
 .text.clk_clean_rate_cache
                0x000000002ffc8bc4       0x30 drivers/clk/clk-uclass.o
 .text.clk_request
                0x000000002ffc8bf4       0x16 drivers/clk/clk-uclass.o
                0x000000002ffc8bf4                clk_request
 .text.clk_get_by_index_tail.part.0.constprop.0
                0x000000002ffc8c0a       0x4c drivers/clk/clk-uclass.o
 *fill*         0x000000002ffc8c56        0x2 
 .text.clk_get_by_indexed_prop
                0x000000002ffc8c58       0x2c drivers/clk/clk-uclass.o
 .text.clk_get_by_index_nodev
                0x000000002ffc8c84       0x30 drivers/clk/clk-uclass.o
                0x000000002ffc8c84                clk_get_by_index_nodev
 .text.clk_get_by_index
                0x000000002ffc8cb4        0x6 drivers/clk/clk-uclass.o
                0x000000002ffc8cb4                clk_get_by_index
 *fill*         0x000000002ffc8cba        0x2 
 .text.clk_get_by_name_nodev
                0x000000002ffc8cbc       0x2c drivers/clk/clk-uclass.o
                0x000000002ffc8cbc                clk_get_by_name_nodev
 .text.clk_get_by_name
                0x000000002ffc8ce8        0x6 drivers/clk/clk-uclass.o
                0x000000002ffc8ce8                clk_get_by_name
 .text.clk_free
                0x000000002ffc8cee       0x12 drivers/clk/clk-uclass.o
                0x000000002ffc8cee                clk_free
 .text.clk_get_rate
                0x000000002ffc8d00       0x1c drivers/clk/clk-uclass.o
                0x000000002ffc8d00                clk_get_rate
 .text.clk_set_rate
                0x000000002ffc8d1c       0x2e drivers/clk/clk-uclass.o
                0x000000002ffc8d1c                clk_set_rate
 .text.clk_set_parent
                0x000000002ffc8d4a       0x1c drivers/clk/clk-uclass.o
                0x000000002ffc8d4a                clk_set_parent
 *fill*         0x000000002ffc8d66        0x2 
 .text.clk_set_defaults
                0x000000002ffc8d68      0x15c drivers/clk/clk-uclass.o
                0x000000002ffc8d68                clk_set_defaults
 .text.clk_uclass_post_probe
                0x000000002ffc8ec4        0xc drivers/clk/clk-uclass.o
                0x000000002ffc8ec4                clk_uclass_post_probe
 .text.clk_enable
                0x000000002ffc8ed0       0x1c drivers/clk/clk-uclass.o
                0x000000002ffc8ed0                clk_enable
 .text.clk_enable_bulk
                0x000000002ffc8eec       0x28 drivers/clk/clk-uclass.o
                0x000000002ffc8eec                clk_enable_bulk
 .text.clk_disable
                0x000000002ffc8f14       0x1c drivers/clk/clk-uclass.o
                0x000000002ffc8f14                clk_disable
 .text.clk_release_all
                0x000000002ffc8f30       0x2e drivers/clk/clk-uclass.o
                0x000000002ffc8f30                clk_release_all
 *fill*         0x000000002ffc8f5e        0x2 
 .text.clk_get_bulk
                0x000000002ffc8f60       0x68 drivers/clk/clk-uclass.o
                0x000000002ffc8f60                clk_get_bulk
 .text.dummy_enable
                0x000000002ffc8fc8        0x4 drivers/clk/clk_fixed_rate.o
 .text.clk_fixed_rate_raw_get_rate
                0x000000002ffc8fcc        0x4 drivers/clk/clk_fixed_rate.o
 .text.clk_fixed_rate_get_rate
                0x000000002ffc8fd0        0xc drivers/clk/clk_fixed_rate.o
 .text.clk_fixed_rate_ofdata_to_plat_
                0x000000002ffc8fdc       0x24 drivers/clk/clk_fixed_rate.o
                0x000000002ffc8fdc                clk_fixed_rate_ofdata_to_plat_
 .text.clk_fixed_rate_of_to_plat
                0x000000002ffc9000       0x14 drivers/clk/clk_fixed_rate.o
 .text.clk_fixed_factor_get_rate
                0x000000002ffc9014       0x24 drivers/clk/clk_fixed_factor.o
 .text.clk_fixed_factor_of_to_plat
                0x000000002ffc9038       0x3c drivers/clk/clk_fixed_factor.o
 .text.stm32mp1_clk_get_by_name
                0x000000002ffc9074       0x5c drivers/clk/stm32/clk-stm32mp1.o
 .text.stm32mp1_mco_csg.isra.0
                0x000000002ffc90d0       0x36 drivers/clk/stm32/clk-stm32mp1.o
 *fill*         0x000000002ffc9106        0x2 
 .text.set_clkdiv.isra.0
                0x000000002ffc9108       0x74 drivers/clk/stm32/clk-stm32mp1.o
 .text.set_clksrc.isra.0
                0x000000002ffc917c       0x88 drivers/clk/stm32/clk-stm32mp1.o
 .text.stm32mp1_osc_wait.isra.0
                0x000000002ffc9204       0x88 drivers/clk/stm32/clk-stm32mp1.o
 .text.stm32mp1_clk_get_id.isra.0
                0x000000002ffc928c       0x48 drivers/clk/stm32/clk-stm32mp1.o
 .text.stm32mp1_clk_get_parent
                0x000000002ffc92d4       0x9c drivers/clk/stm32/clk-stm32mp1.o
 .text.stm32mp1_clk_enable
                0x000000002ffc9370       0x48 drivers/clk/stm32/clk-stm32mp1.o
 .text.stm32mp1_clk_disable
                0x000000002ffc93b8       0x4c drivers/clk/stm32/clk-stm32mp1.o
 .text.pll_get_fvco
                0x000000002ffc9404       0x8e drivers/clk/stm32/clk-stm32mp1.o
 .text.stm32mp1_read_pll_freq
                0x000000002ffc9492       0x36 drivers/clk/stm32/clk-stm32mp1.o
 .text.stm32mp1_clk_get
                0x000000002ffc94c8      0x1d4 drivers/clk/stm32/clk-stm32mp1.o
 .text.stm32mp1_clk_get_rate
                0x000000002ffc969c       0x24 drivers/clk/stm32/clk-stm32mp1.o
 .text.stgen_config
                0x000000002ffc96c0       0x88 drivers/clk/stm32/clk-stm32mp1.o
 .text.stm32mp1_clk_set_rate
                0x000000002ffc9748       0xdc drivers/clk/stm32/clk-stm32mp1.o
 .text.stm32mp1_supports_opp
                0x000000002ffc9824       0x38 drivers/clk/stm32/clk-stm32mp1.o
                0x000000002ffc9824                stm32mp1_supports_opp
 .text.stm32mp1_get_max_opp_freq
                0x000000002ffc985c       0xf0 drivers/clk/stm32/clk-stm32mp1.o
                0x000000002ffc985c                stm32mp1_get_max_opp_freq
 .text.stm32mp1_clktree
                0x000000002ffc994c      0x8d4 drivers/clk/stm32/clk-stm32mp1.o
 .text.stm32mp1_clk_probe
                0x000000002ffca220       0xd0 drivers/clk/stm32/clk-stm32mp1.o
 .text._device_find_global_by_ofnode
                0x000000002ffca2f0       0x2e drivers/core/device.o
 .text.alloc_priv
                0x000000002ffca31e       0x38 drivers/core/device.o
 .text.device_bind_common.constprop.0
                0x000000002ffca356      0x1aa drivers/core/device.o
 .text.device_bind_with_driver_data
                0x000000002ffca500       0x16 drivers/core/device.o
                0x000000002ffca500                device_bind_with_driver_data
 .text.device_bind_by_name
                0x000000002ffca516       0x44 drivers/core/device.o
                0x000000002ffca516                device_bind_by_name
 .text.device_of_to_plat
                0x000000002ffca55a       0x9e drivers/core/device.o
                0x000000002ffca55a                device_of_to_plat
 .text.device_probe
                0x000000002ffca5f8       0xdc drivers/core/device.o
                0x000000002ffca5f8                device_probe
 .text.dev_get_plat
                0x000000002ffca6d4        0x6 drivers/core/device.o
                0x000000002ffca6d4                dev_get_plat
 .text.dev_get_parent_plat
                0x000000002ffca6da        0x6 drivers/core/device.o
                0x000000002ffca6da                dev_get_parent_plat
 .text.dev_get_uclass_plat
                0x000000002ffca6e0        0x6 drivers/core/device.o
                0x000000002ffca6e0                dev_get_uclass_plat
 .text.dev_get_priv
                0x000000002ffca6e6        0x6 drivers/core/device.o
                0x000000002ffca6e6                dev_get_priv
 .text.dev_get_uclass_priv
                0x000000002ffca6ec        0x6 drivers/core/device.o
                0x000000002ffca6ec                dev_get_uclass_priv
 .text.dev_get_parent_priv
                0x000000002ffca6f2        0x6 drivers/core/device.o
                0x000000002ffca6f2                dev_get_parent_priv
 .text.device_find_global_by_ofnode
                0x000000002ffca6f8       0x1e drivers/core/device.o
                0x000000002ffca6f8                device_find_global_by_ofnode
 .text.device_find_first_child
                0x000000002ffca716       0x12 drivers/core/device.o
                0x000000002ffca716                device_find_first_child
 .text.device_find_next_child
                0x000000002ffca728       0x16 drivers/core/device.o
                0x000000002ffca728                device_find_next_child
 .text.device_find_first_child_by_uclass
                0x000000002ffca73e       0x32 drivers/core/device.o
                0x000000002ffca73e                device_find_first_child_by_uclass
 .text.dev_get_parent
                0x000000002ffca770        0x4 drivers/core/device.o
                0x000000002ffca770                dev_get_parent
 .text.dev_get_driver_data
                0x000000002ffca774        0x4 drivers/core/device.o
                0x000000002ffca774                dev_get_driver_data
 .text.dev_get_driver_ops
                0x000000002ffca778        0x8 drivers/core/device.o
                0x000000002ffca778                dev_get_driver_ops
 .text.device_get_uclass_id
                0x000000002ffca780        0x8 drivers/core/device.o
                0x000000002ffca780                device_get_uclass_id
 .text.device_set_name_alloced
                0x000000002ffca788        0xa drivers/core/device.o
                0x000000002ffca788                device_set_name_alloced
 .text.dev_set_uclass_priv
                0x000000002ffca792        0x4 drivers/core/device.o
                0x000000002ffca792                dev_set_uclass_priv
 *fill*         0x000000002ffca796        0x2 
 .text.devfdt_get_addr_index
                0x000000002ffca798       0x78 drivers/core/fdtaddr.o
                0x000000002ffca798                devfdt_get_addr_index
 .text.lists_driver_lookup_name
                0x000000002ffca810       0x2c drivers/core/lists.o
                0x000000002ffca810                lists_driver_lookup_name
 .text.lists_uclass_lookup
                0x000000002ffca83c       0x20 drivers/core/lists.o
                0x000000002ffca83c                lists_uclass_lookup
 .text.lists_bind_drivers
                0x000000002ffca85c       0x74 drivers/core/lists.o
                0x000000002ffca85c                lists_bind_drivers
 .text.device_bind_driver_to_node
                0x000000002ffca8d0       0x2c drivers/core/lists.o
                0x000000002ffca8d0                device_bind_driver_to_node
 .text.device_bind_driver
                0x000000002ffca8fc       0x12 drivers/core/lists.o
                0x000000002ffca8fc                device_bind_driver
 *fill*         0x000000002ffca90e        0x2 
 .text.lists_bind_fdt
                0x000000002ffca910       0xf8 drivers/core/lists.o
                0x000000002ffca910                lists_bind_fdt
 .text.dm_scan_fdt_node
                0x000000002ffcaa08       0x5e drivers/core/root.o
 .text.dm_probe_devices
                0x000000002ffcaa66       0x4e drivers/core/root.o
 .text.dm_root  0x000000002ffcaab4        0xc drivers/core/root.o
                0x000000002ffcaab4                dm_root
 .text.dm_init  0x000000002ffcaac0       0x50 drivers/core/root.o
                0x000000002ffcaac0                dm_init
 .text.dm_scan_plat
                0x000000002ffcab10       0x14 drivers/core/root.o
                0x000000002ffcab10                dm_scan_plat
 .text.dm_scan_fdt_dev
                0x000000002ffcab24       0x10 drivers/core/root.o
                0x000000002ffcab24                dm_scan_fdt_dev
 .text.dm_scan_fdt
                0x000000002ffcab34        0xc drivers/core/root.o
                0x000000002ffcab34                dm_scan_fdt
 .text.dm_extended_scan
                0x000000002ffcab40       0x40 drivers/core/root.o
                0x000000002ffcab40                dm_extended_scan
 .text.dm_scan_other
                0x000000002ffcab80        0x4 drivers/core/root.o
                0x000000002ffcab80                dm_scan_other
 .text.dm_init_and_scan
                0x000000002ffcab84       0x34 drivers/core/root.o
                0x000000002ffcab84                dm_init_and_scan
 .text.uclass_find
                0x000000002ffcabb8       0x32 drivers/core/uclass.o
                0x000000002ffcabb8                uclass_find
 .text.uclass_get
                0x000000002ffcabea       0xb8 drivers/core/uclass.o
                0x000000002ffcabea                uclass_get
 .text.uclass_find_device_by_phandle_id
                0x000000002ffcaca2       0x42 drivers/core/uclass.o
 .text.uclass_get_name
                0x000000002ffcace4       0x1a drivers/core/uclass.o
                0x000000002ffcace4                uclass_get_name
 .text.uclass_find_device
                0x000000002ffcacfe       0x42 drivers/core/uclass.o
                0x000000002ffcacfe                uclass_find_device
 .text.uclass_find_first_device
                0x000000002ffcad40       0x22 drivers/core/uclass.o
                0x000000002ffcad40                uclass_find_first_device
 .text.uclass_find_next_device
                0x000000002ffcad62       0x18 drivers/core/uclass.o
                0x000000002ffcad62                uclass_find_next_device
 .text._uclass_next_device
                0x000000002ffcad7a       0x22 drivers/core/uclass.o
 .text.uclass_find_device_by_namelen
                0x000000002ffcad9c       0x62 drivers/core/uclass.o
                0x000000002ffcad9c                uclass_find_device_by_namelen
 .text.uclass_find_device_by_name
                0x000000002ffcadfe       0x1e drivers/core/uclass.o
                0x000000002ffcadfe                uclass_find_device_by_name
 .text.uclass_find_next_free_seq
                0x000000002ffcae1c       0x3c drivers/core/uclass.o
                0x000000002ffcae1c                uclass_find_next_free_seq
 .text.uclass_find_device_by_seq
                0x000000002ffcae58       0x42 drivers/core/uclass.o
                0x000000002ffcae58                uclass_find_device_by_seq
 .text.uclass_find_device_by_of_offset
                0x000000002ffcae9a       0x40 drivers/core/uclass.o
                0x000000002ffcae9a                uclass_find_device_by_of_offset
 .text.uclass_find_device_by_ofnode
                0x000000002ffcaeda       0x40 drivers/core/uclass.o
                0x000000002ffcaeda                uclass_find_device_by_ofnode
 .text.uclass_find_device_by_phandle
                0x000000002ffcaf1a       0x2c drivers/core/uclass.o
                0x000000002ffcaf1a                uclass_find_device_by_phandle
 .text.uclass_get_device_by_driver
                0x000000002ffcaf46       0x40 drivers/core/uclass.o
                0x000000002ffcaf46                uclass_get_device_by_driver
 .text.uclass_get_device_tail
                0x000000002ffcaf86       0x16 drivers/core/uclass.o
                0x000000002ffcaf86                uclass_get_device_tail
 .text.uclass_get_device
                0x000000002ffcaf9c       0x1c drivers/core/uclass.o
                0x000000002ffcaf9c                uclass_get_device
 .text.uclass_get_device_by_name
                0x000000002ffcafb8       0x1c drivers/core/uclass.o
                0x000000002ffcafb8                uclass_get_device_by_name
 .text.uclass_get_device_by_seq
                0x000000002ffcafd4       0x1c drivers/core/uclass.o
                0x000000002ffcafd4                uclass_get_device_by_seq
 .text.uclass_get_device_by_of_offset
                0x000000002ffcaff0       0x1c drivers/core/uclass.o
                0x000000002ffcaff0                uclass_get_device_by_of_offset
 .text.uclass_get_device_by_ofnode
                0x000000002ffcb00c       0x1c drivers/core/uclass.o
                0x000000002ffcb00c                uclass_get_device_by_ofnode
 .text.uclass_get_device_by_phandle
                0x000000002ffcb028       0x1c drivers/core/uclass.o
                0x000000002ffcb028                uclass_get_device_by_phandle
 .text.uclass_first_device
                0x000000002ffcb044       0x18 drivers/core/uclass.o
                0x000000002ffcb044                uclass_first_device
 .text.uclass_next_device
                0x000000002ffcb05c       0x1a drivers/core/uclass.o
                0x000000002ffcb05c                uclass_next_device
 .text.uclass_first_device_check
                0x000000002ffcb076       0x1e drivers/core/uclass.o
                0x000000002ffcb076                uclass_first_device_check
 .text.uclass_first_device_err
                0x000000002ffcb094       0x16 drivers/core/uclass.o
                0x000000002ffcb094                uclass_first_device_err
 .text.uclass_bind_device
                0x000000002ffcb0aa       0x3a drivers/core/uclass.o
                0x000000002ffcb0aa                uclass_bind_device
 .text.uclass_pre_probe_device
                0x000000002ffcb0e4       0x2e drivers/core/uclass.o
                0x000000002ffcb0e4                uclass_pre_probe_device
 .text.uclass_post_probe_device
                0x000000002ffcb112       0x2e drivers/core/uclass.o
                0x000000002ffcb112                uclass_post_probe_device
 .text.simple_bus_post_bind
                0x000000002ffcb140       0x38 drivers/core/simple-bus.o
 .text.regmap_alloc
                0x000000002ffcb178       0x18 drivers/core/regmap.o
 .text.regmap_init_mem
                0x000000002ffcb190       0xec drivers/core/regmap.o
                0x000000002ffcb190                regmap_init_mem
 .text.regmap_get_range
                0x000000002ffcb27c       0x10 drivers/core/regmap.o
                0x000000002ffcb27c                regmap_get_range
 .text.regmap_raw_read_range
                0x000000002ffcb28c       0x9c drivers/core/regmap.o
                0x000000002ffcb28c                regmap_raw_read_range
 .text.regmap_raw_read
                0x000000002ffcb328       0x14 drivers/core/regmap.o
                0x000000002ffcb328                regmap_raw_read
 .text.regmap_read
                0x000000002ffcb33c       0x38 drivers/core/regmap.o
                0x000000002ffcb33c                regmap_read
 .text.regmap_raw_write_range
                0x000000002ffcb374       0xc4 drivers/core/regmap.o
                0x000000002ffcb374                regmap_raw_write_range
 .text.regmap_raw_write
                0x000000002ffcb438       0x14 drivers/core/regmap.o
                0x000000002ffcb438                regmap_raw_write
 .text.regmap_write
                0x000000002ffcb44c       0x3c drivers/core/regmap.o
                0x000000002ffcb44c                regmap_write
 .text.regmap_update_bits
                0x000000002ffcb488       0x2e drivers/core/regmap.o
                0x000000002ffcb488                regmap_update_bits
 *fill*         0x000000002ffcb4b6        0x2 
 .text.syscon_probe_by_ofnode
                0x000000002ffcb4b8       0x54 drivers/core/syscon-uclass.o
 .text.syscon_pre_probe
                0x000000002ffcb50c       0x24 drivers/core/syscon-uclass.o
 .text.syscon_get_regmap
                0x000000002ffcb530       0x1c drivers/core/syscon-uclass.o
                0x000000002ffcb530                syscon_get_regmap
 .text.syscon_regmap_lookup_by_phandle
                0x000000002ffcb54c       0x4e drivers/core/syscon-uclass.o
                0x000000002ffcb54c                syscon_regmap_lookup_by_phandle
 .text.dev_read_u32
                0x000000002ffcb59a        0x6 drivers/core/read.o
                0x000000002ffcb59a                dev_read_u32
 .text.dev_read_u32_default
                0x000000002ffcb5a0        0x6 drivers/core/read.o
                0x000000002ffcb5a0                dev_read_u32_default
 .text.dev_read_string
                0x000000002ffcb5a6        0x6 drivers/core/read.o
                0x000000002ffcb5a6                dev_read_string
 .text.dev_read_bool
                0x000000002ffcb5ac        0x6 drivers/core/read.o
                0x000000002ffcb5ac                dev_read_bool
 .text.dev_read_subnode
                0x000000002ffcb5b2        0x6 drivers/core/read.o
                0x000000002ffcb5b2                dev_read_subnode
 .text.dev_read_first_subnode
                0x000000002ffcb5b8       0x14 drivers/core/read.o
                0x000000002ffcb5b8                dev_read_first_subnode
 .text.dev_read_size
                0x000000002ffcb5cc        0x6 drivers/core/read.o
                0x000000002ffcb5cc                dev_read_size
 .text.dev_read_addr
                0x000000002ffcb5d2        0x6 drivers/core/read.o
                0x000000002ffcb5d2                dev_read_addr
 .text.dev_read_addr_ptr
                0x000000002ffcb5d8        0xe drivers/core/read.o
                0x000000002ffcb5d8                dev_read_addr_ptr
 .text.dev_read_phandle_with_args
                0x000000002ffcb5e6        0x6 drivers/core/read.o
                0x000000002ffcb5e6                dev_read_phandle_with_args
 .text.dev_count_phandle_with_args
                0x000000002ffcb5ec        0x6 drivers/core/read.o
                0x000000002ffcb5ec                dev_count_phandle_with_args
 .text.dev_read_phandle
                0x000000002ffcb5f2        0xc drivers/core/read.o
                0x000000002ffcb5f2                dev_read_phandle
 .text.dev_read_prop
                0x000000002ffcb5fe        0x6 drivers/core/read.o
                0x000000002ffcb5fe                dev_read_prop
 .text.dev_read_alias_seq
                0x000000002ffcb604       0x18 drivers/core/read.o
                0x000000002ffcb604                dev_read_alias_seq
 .text.dev_read_u32_array
                0x000000002ffcb61c        0x6 drivers/core/read.o
                0x000000002ffcb61c                dev_read_u32_array
 .text.dev_read_resource_byname
                0x000000002ffcb622        0x6 drivers/core/read.o
                0x000000002ffcb622                dev_read_resource_byname
 .text.dev_read_alias_highest_id
                0x000000002ffcb628        0xa drivers/core/read.o
                0x000000002ffcb628                dev_read_alias_highest_id
 .text.ofnode_read_u32_index
                0x000000002ffcb632       0x42 drivers/core/ofnode.o
                0x000000002ffcb632                ofnode_read_u32_index
 .text.ofnode_read_u32
                0x000000002ffcb674        0x8 drivers/core/ofnode.o
                0x000000002ffcb674                ofnode_read_u32
 .text.ofnode_read_u32_default
                0x000000002ffcb67c       0x14 drivers/core/ofnode.o
                0x000000002ffcb67c                ofnode_read_u32_default
 .text.ofnode_read_u64
                0x000000002ffcb690       0x34 drivers/core/ofnode.o
                0x000000002ffcb690                ofnode_read_u64
 .text.ofnode_read_u64_default
                0x000000002ffcb6c4       0x16 drivers/core/ofnode.o
                0x000000002ffcb6c4                ofnode_read_u64_default
 .text.ofnode_read_prop
                0x000000002ffcb6da       0x2a drivers/core/ofnode.o
                0x000000002ffcb6da                ofnode_read_prop
 .text.ofnode_read_string
                0x000000002ffcb704       0x20 drivers/core/ofnode.o
                0x000000002ffcb704                ofnode_read_string
 .text.ofnode_read_size
                0x000000002ffcb724       0x18 drivers/core/ofnode.o
                0x000000002ffcb724                ofnode_read_size
 .text.ofnode_find_subnode
                0x000000002ffcb73c       0x12 drivers/core/ofnode.o
                0x000000002ffcb73c                ofnode_find_subnode
 .text.ofnode_read_u32_array
                0x000000002ffcb74e       0x18 drivers/core/ofnode.o
                0x000000002ffcb74e                ofnode_read_u32_array
 .text.ofnode_get_parent
                0x000000002ffcb766        0xe drivers/core/ofnode.o
                0x000000002ffcb766                ofnode_get_parent
 .text.ofnode_get_name
                0x000000002ffcb774       0x12 drivers/core/ofnode.o
                0x000000002ffcb774                ofnode_get_name
 .text.ofnode_get_by_phandle
                0x000000002ffcb786        0xe drivers/core/ofnode.o
                0x000000002ffcb786                ofnode_get_by_phandle
 .text.ofnode_stringlist_search
                0x000000002ffcb794       0x26 drivers/core/ofnode.o
                0x000000002ffcb794                ofnode_stringlist_search
 .text.ofnode_parse_phandle_with_args
                0x000000002ffcb7ba       0x42 drivers/core/ofnode.o
                0x000000002ffcb7ba                ofnode_parse_phandle_with_args
 .text.ofnode_count_phandle_with_args
                0x000000002ffcb7fc       0x24 drivers/core/ofnode.o
                0x000000002ffcb7fc                ofnode_count_phandle_with_args
 .text.ofnode_path
                0x000000002ffcb820       0x12 drivers/core/ofnode.o
                0x000000002ffcb820                ofnode_path
 .text.ofnode_get_property
                0x000000002ffcb832       0x14 drivers/core/ofnode.o
                0x000000002ffcb832                ofnode_get_property
 .text.ofnode_has_property
                0x000000002ffcb846       0x10 drivers/core/ofnode.o
                0x000000002ffcb846                ofnode_has_property
 .text.ofnode_read_bool
                0x000000002ffcb856        0x4 drivers/core/ofnode.o
                0x000000002ffcb856                ofnode_read_bool
 .text.ofnode_read_simple_addr_cells
                0x000000002ffcb85a        0xa drivers/core/ofnode.o
                0x000000002ffcb85a                ofnode_read_simple_addr_cells
 .text.ofnode_read_simple_size_cells
                0x000000002ffcb864        0xa drivers/core/ofnode.o
                0x000000002ffcb864                ofnode_read_simple_size_cells
 .text.ofnode_pre_reloc
                0x000000002ffcb86e        0x4 drivers/core/ofnode.o
                0x000000002ffcb86e                ofnode_pre_reloc
 *fill*         0x000000002ffcb872        0x2 
 .text.ofnode_read_resource
                0x000000002ffcb874       0x40 drivers/core/ofnode.o
                0x000000002ffcb874                ofnode_read_resource
 .text.ofnode_read_resource_byname
                0x000000002ffcb8b4       0x24 drivers/core/ofnode.o
                0x000000002ffcb8b4                ofnode_read_resource_byname
 .text.ofnode_device_is_compatible
                0x000000002ffcb8d8       0x18 drivers/core/ofnode.o
                0x000000002ffcb8d8                ofnode_device_is_compatible
 .text.ofnode_by_compatible
                0x000000002ffcb8f0       0x12 drivers/core/ofnode.o
                0x000000002ffcb8f0                ofnode_by_compatible
 *fill*         0x000000002ffcb902        0x2 
 .text.ofnode_conf_read_int
                0x000000002ffcb904       0x24 drivers/core/ofnode.o
                0x000000002ffcb904                ofnode_conf_read_int
 .text.ofnode_conf_read_str
                0x000000002ffcb928       0x20 drivers/core/ofnode.o
                0x000000002ffcb928                ofnode_conf_read_str
 .text._gpio_get_value
                0x000000002ffcb948       0x1e drivers/gpio/gpio-uclass.o
 .text.gpio_post_bind
                0x000000002ffcb966        0x4 drivers/gpio/gpio-uclass.o
 .text.gpio_renumber
                0x000000002ffcb96a       0x46 drivers/gpio/gpio-uclass.o
 .text.gpio_pre_remove
                0x000000002ffcb9b0       0x38 drivers/gpio/gpio-uclass.o
 .text.gpio_post_probe
                0x000000002ffcb9e8       0x3a drivers/gpio/gpio-uclass.o
 .text.gpio_is_claimed.isra.0
                0x000000002ffcba22       0x12 drivers/gpio/gpio-uclass.o
 .text.check_reserved
                0x000000002ffcba34       0x50 drivers/gpio/gpio-uclass.o
 .text.gpio_flags_xlate
                0x000000002ffcba84       0x2a drivers/gpio/gpio-uclass.o
                0x000000002ffcba84                gpio_flags_xlate
 .text.gpio_xlate_offs_flags
                0x000000002ffcbaae       0x32 drivers/gpio/gpio-uclass.o
                0x000000002ffcbaae                gpio_xlate_offs_flags
 .text.dm_gpio_request
                0x000000002ffcbae0       0x7e drivers/gpio/gpio-uclass.o
                0x000000002ffcbae0                dm_gpio_request
 .text._dm_gpio_free
                0x000000002ffcbb5e       0x5c drivers/gpio/gpio-uclass.o
                0x000000002ffcbb5e                _dm_gpio_free
 *fill*         0x000000002ffcbbba        0x2 
 .text.dm_gpio_get_value
                0x000000002ffcbbbc       0x1c drivers/gpio/gpio-uclass.o
                0x000000002ffcbbbc                dm_gpio_get_value
 .text.dm_gpio_set_value
                0x000000002ffcbbd8       0x68 drivers/gpio/gpio-uclass.o
                0x000000002ffcbbd8                dm_gpio_set_value
 .text.dm_gpio_clrset_flags
                0x000000002ffcbc40       0x94 drivers/gpio/gpio-uclass.o
                0x000000002ffcbc40                dm_gpio_clrset_flags
 .text.dm_gpio_set_dir_flags
                0x000000002ffcbcd4        0x8 drivers/gpio/gpio-uclass.o
                0x000000002ffcbcd4                dm_gpio_set_dir_flags
 .text.gpio_request_tail.constprop.0
                0x000000002ffcbcdc       0x74 drivers/gpio/gpio-uclass.o
 .text._gpio_request_by_name_nodev
                0x000000002ffcbd50       0x3c drivers/gpio/gpio-uclass.o
 .text.gpio_request_by_name
                0x000000002ffcbd8c       0x48 drivers/gpio/gpio-uclass.o
                0x000000002ffcbd8c                gpio_request_by_name
 .text.dm_gpio_free
                0x000000002ffcbdd4        0xa drivers/gpio/gpio-uclass.o
                0x000000002ffcbdd4                dm_gpio_free
 .text.gpio_free_list
                0x000000002ffcbdde       0x28 drivers/gpio/gpio-uclass.o
                0x000000002ffcbdde                gpio_free_list
 .text.gpio_free_list_nodev
                0x000000002ffcbe06        0xa drivers/gpio/gpio-uclass.o
                0x000000002ffcbe06                gpio_free_list_nodev
 .text.gpio_request_list_by_name_nodev
                0x000000002ffcbe10       0x50 drivers/gpio/gpio-uclass.o
                0x000000002ffcbe10                gpio_request_list_by_name_nodev
 .text.gpio_request_list_by_name
                0x000000002ffcbe60        0x6 drivers/gpio/gpio-uclass.o
                0x000000002ffcbe60                gpio_request_list_by_name
 .text.stm32_gpio_set_moder
                0x000000002ffcbe66       0x16 drivers/gpio/stm32_gpio.o
 .text.stm32_gpio_get_flags
                0x000000002ffcbe7c       0x86 drivers/gpio/stm32_gpio.o
 *fill*         0x000000002ffcbf02        0x2 
 .text.gpio_stm32_probe
                0x000000002ffcbf04      0x120 drivers/gpio/stm32_gpio.o
 .text.stm32_gpio_direction_input
                0x000000002ffcc024       0x2e drivers/gpio/stm32_gpio.o
 .text.stm32_gpio_direction_output
                0x000000002ffcc052       0x44 drivers/gpio/stm32_gpio.o
 .text.stm32_gpio_get_value
                0x000000002ffcc096       0x2e drivers/gpio/stm32_gpio.o
 .text.stm32_gpio_set_value
                0x000000002ffcc0c4       0x3a drivers/gpio/stm32_gpio.o
 .text.stm32_gpio_get_function
                0x000000002ffcc0fe       0x3c drivers/gpio/stm32_gpio.o
 .text.stm32_gpio_set_flags
                0x000000002ffcc13a       0xac drivers/gpio/stm32_gpio.o
 .text.misc_read
                0x000000002ffcc1e6       0x18 drivers/misc/misc-uclass.o
                0x000000002ffcc1e6                misc_read
 *fill*         0x000000002ffcc1fe        0x2 
 .text.stm32_rcc_bind
                0x000000002ffcc200       0xe0 drivers/misc/stm32_rcc.o
 .text.sysreset_request
                0x000000002ffcc2e0       0x10 drivers/sysreset/sysreset-uclass.o
                0x000000002ffcc2e0                sysreset_request
 .text.sysreset_walk
                0x000000002ffcc2f0       0x3e drivers/sysreset/sysreset-uclass.o
                0x000000002ffcc2f0                sysreset_walk
 *fill*         0x000000002ffcc32e        0x2 
 .text.sysreset_walk_halt
                0x000000002ffcc330       0x38 drivers/sysreset/sysreset-uclass.o
                0x000000002ffcc330                sysreset_walk_halt
 .text.do_reset
                0x000000002ffcc368       0x3c drivers/sysreset/sysreset-uclass.o
                0x000000002ffcc368                do_reset
 .text.syscon_reboot_request
                0x000000002ffcc3a4       0x2a drivers/sysreset/sysreset_syscon.o
 *fill*         0x000000002ffcc3ce        0x2 
 .text.syscon_reboot_probe
                0x000000002ffcc3d0       0xd4 drivers/sysreset/sysreset_syscon.o
 .text.i2c_setup_offset
                0x000000002ffcc4a4       0x42 drivers/i2c/i2c-uclass.o
 *fill*         0x000000002ffcc4e6        0x2 
 .text.i2c_pre_probe
                0x000000002ffcc4e8       0x50 drivers/i2c/i2c-uclass.o
 .text.i2c_post_bind
                0x000000002ffcc538        0x4 drivers/i2c/i2c-uclass.o
 .text.dm_i2c_read
                0x000000002ffcc53c       0xe2 drivers/i2c/i2c-uclass.o
                0x000000002ffcc53c                dm_i2c_read
 .text.dm_i2c_write
                0x000000002ffcc61e       0xee drivers/i2c/i2c-uclass.o
                0x000000002ffcc61e                dm_i2c_write
 .text.dm_i2c_set_bus_speed
                0x000000002ffcc70c       0x26 drivers/i2c/i2c-uclass.o
                0x000000002ffcc70c                dm_i2c_set_bus_speed
 *fill*         0x000000002ffcc732        0x2 
 .text.i2c_post_probe
                0x000000002ffcc734       0x2c drivers/i2c/i2c-uclass.o
 .text.i2c_chip_of_to_plat
                0x000000002ffcc760       0x38 drivers/i2c/i2c-uclass.o
                0x000000002ffcc760                i2c_chip_of_to_plat
 .text.i2c_child_post_bind
                0x000000002ffcc798       0x1e drivers/i2c/i2c-uclass.o
 *fill*         0x000000002ffcc7b6        0x2 
 .text.stm32_i2c_set_bus_speed
                0x000000002ffcc7b8      0x49c drivers/i2c/stm32f7_i2c.o
 .text.stm32_of_to_plat
                0x000000002ffccc54       0xa4 drivers/i2c/stm32f7_i2c.o
 .text.stm32_i2c_probe
                0x000000002ffcccf8       0x6a drivers/i2c/stm32f7_i2c.o
 .text.stm32_i2c_wait_flags.isra.0
                0x000000002ffccd62       0x32 drivers/i2c/stm32f7_i2c.o
 .text.stm32_i2c_xfer
                0x000000002ffccd94      0x234 drivers/i2c/stm32f7_i2c.o
 .text.mmc_send_cmd_retry
                0x000000002ffccfc8       0x1c drivers/mmc/mmc.o
 .text.mmc_send_op_cond_iter
                0x000000002ffccfe4       0x44 drivers/mmc/mmc.o
 .text.mmc_go_idle
                0x000000002ffcd028       0x32 drivers/mmc/mmc.o
 .text.mmc_set_capacity
                0x000000002ffcd05a       0x62 drivers/mmc/mmc.o
 .text.mmc_send_status
                0x000000002ffcd0bc       0x2e drivers/mmc/mmc.o
                0x000000002ffcd0bc                mmc_send_status
 .text.__mmc_switch.constprop.0
                0x000000002ffcd0ea       0xb8 drivers/mmc/mmc.o
 .text.mmc_set_blocklen
                0x000000002ffcd1a2       0x3c drivers/mmc/mmc.o
                0x000000002ffcd1a2                mmc_set_blocklen
 .text.mmc_send_stop_transmission
                0x000000002ffcd1de       0x30 drivers/mmc/mmc.o
                0x000000002ffcd1de                mmc_send_stop_transmission
 *fill*         0x000000002ffcd20e        0x2 
 .text.mmc_bread
                0x000000002ffcd210      0x10c drivers/mmc/mmc.o
                0x000000002ffcd210                mmc_bread
 .text.mmc_send_ext_csd
                0x000000002ffcd31c       0x2e drivers/mmc/mmc.o
                0x000000002ffcd31c                mmc_send_ext_csd
 *fill*         0x000000002ffcd34a        0x2 
 .text.mmc_read_and_compare_ext_csd
                0x000000002ffcd34c       0x78 drivers/mmc/mmc.o
 .text.mmc_set_card_speed.constprop.0
                0x000000002ffcd3c4       0x68 drivers/mmc/mmc.o
 .text.mmc_switch
                0x000000002ffcd42c        0x4 drivers/mmc/mmc.o
                0x000000002ffcd42c                mmc_switch
 .text.mmc_startup_v4.constprop.0
                0x000000002ffcd430      0x20c drivers/mmc/mmc.o
 .text.mmc_switch_part
                0x000000002ffcd63c       0x56 drivers/mmc/mmc.o
                0x000000002ffcd63c                mmc_switch_part
 .text.mmc_set_clock
                0x000000002ffcd692       0x20 drivers/mmc/mmc.o
                0x000000002ffcd692                mmc_set_clock
 *fill*         0x000000002ffcd6b2        0x2 
 .text.mmc_get_op_cond
                0x000000002ffcd6b4      0x1cc drivers/mmc/mmc.o
                0x000000002ffcd6b4                mmc_get_op_cond
 .text.mmc_start_init
                0x000000002ffcd880       0x60 drivers/mmc/mmc.o
                0x000000002ffcd880                mmc_start_init
 .text.mmc_init
                0x000000002ffcd8e0      0x840 drivers/mmc/mmc.o
                0x000000002ffcd8e0                mmc_init
 .text.mmc_initialize
                0x000000002ffce120       0x90 drivers/mmc/mmc.o
                0x000000002ffce120                mmc_initialize
 .text.mmc_init_device
                0x000000002ffce1b0       0x42 drivers/mmc/mmc.o
                0x000000002ffce1b0                mmc_init_device
 .text.mmc_get_env_dev
                0x000000002ffce1f2        0x6 drivers/mmc/mmc.o
                0x000000002ffce1f2                mmc_get_env_dev
 .text.mmc_blk_probe
                0x000000002ffce1f8       0x20 drivers/mmc/mmc-uclass.o
 .text.mmc_set_ios
                0x000000002ffce218       0x14 drivers/mmc/mmc-uclass.o
                0x000000002ffce218                mmc_set_ios
 .text.mmc_wait_dat0
                0x000000002ffce22c       0x14 drivers/mmc/mmc-uclass.o
                0x000000002ffce22c                mmc_wait_dat0
 .text.mmc_getcd
                0x000000002ffce240       0x14 drivers/mmc/mmc-uclass.o
                0x000000002ffce240                mmc_getcd
 .text.mmc_host_power_cycle
                0x000000002ffce254       0x12 drivers/mmc/mmc-uclass.o
                0x000000002ffce254                mmc_host_power_cycle
 .text.mmc_deferred_probe
                0x000000002ffce266       0x12 drivers/mmc/mmc-uclass.o
                0x000000002ffce266                mmc_deferred_probe
 .text.mmc_reinit
                0x000000002ffce278       0x12 drivers/mmc/mmc-uclass.o
                0x000000002ffce278                mmc_reinit
 *fill*         0x000000002ffce28a        0x2 
 .text.mmc_of_parse
                0x000000002ffce28c      0x240 drivers/mmc/mmc-uclass.o
                0x000000002ffce28c                mmc_of_parse
 .text.mmc_get_mmc_dev
                0x000000002ffce4cc       0x16 drivers/mmc/mmc-uclass.o
                0x000000002ffce4cc                mmc_get_mmc_dev
 .text.mmc_get_b_max
                0x000000002ffce4e2       0x2e drivers/mmc/mmc-uclass.o
                0x000000002ffce4e2                mmc_get_b_max
 .text.mmc_send_cmd
                0x000000002ffce510       0x2a drivers/mmc/mmc-uclass.o
                0x000000002ffce510                mmc_send_cmd
 .text.mmc_select_hwpart
                0x000000002ffce53a       0x3a drivers/mmc/mmc-uclass.o
 .text.find_mmc_device
                0x000000002ffce574       0x30 drivers/mmc/mmc-uclass.o
                0x000000002ffce574                find_mmc_device
 .text.mmc_get_blk_desc
                0x000000002ffce5a4       0x1c drivers/mmc/mmc-uclass.o
                0x000000002ffce5a4                mmc_get_blk_desc
 .text.mmc_do_preinit
                0x000000002ffce5c0       0x40 drivers/mmc/mmc-uclass.o
                0x000000002ffce5c0                mmc_do_preinit
 .text.mmc_bind
                0x000000002ffce600       0x68 drivers/mmc/mmc-uclass.o
                0x000000002ffce600                mmc_bind
 .text.stm32_sdmmc2_host_power_cycle
                0x000000002ffce668       0x1c drivers/mmc/stm32_sdmmc2.o
 .text.stm32_sdmmc2_start_cmd
                0x000000002ffce684       0x98 drivers/mmc/stm32_sdmmc2.o
 .text.stm32_sdmmc2_getcd
                0x000000002ffce71c       0x1c drivers/mmc/stm32_sdmmc2.o
 .text.stm32_sdmmc2_reset
                0x000000002ffce738       0x30 drivers/mmc/stm32_sdmmc2.o
 .text.stm32_sdmmc2_set_ios
                0x000000002ffce768       0xf2 drivers/mmc/stm32_sdmmc2.o
 *fill*         0x000000002ffce85a        0x2 
 .text.stm32_sdmmc2_end_cmd
                0x000000002ffce85c      0x10c drivers/mmc/stm32_sdmmc2.o
 .text.stm32_sdmmc2_of_to_plat
                0x000000002ffce968       0xe4 drivers/mmc/stm32_sdmmc2.o
 .text.stm32_sdmmc2_bind
                0x000000002ffcea4c       0x18 drivers/mmc/stm32_sdmmc2.o
 .text.stm32_sdmmc2_send_cmd
                0x000000002ffcea64      0x218 drivers/mmc/stm32_sdmmc2.o
 .text.stm32_sdmmc2_probe
                0x000000002ffcec7c      0x100 drivers/mmc/stm32_sdmmc2.o
 .text.idr_remove
                0x000000002ffced7c       0x14 drivers/mtd/mtdcore.o
                0x000000002ffced7c                idr_remove
 .text.idr_find
                0x000000002ffced90        0xe drivers/mtd/mtdcore.o
                0x000000002ffced90                idr_find
 .text.idr_alloc
                0x000000002ffced9e       0x2a drivers/mtd/mtdcore.o
                0x000000002ffced9e                idr_alloc
 .text.del_mtd_device
                0x000000002ffcedc8       0x48 drivers/mtd/mtdcore.o
                0x000000002ffcedc8                del_mtd_device
 .text.mtd_unlock
                0x000000002ffcee10       0x4e drivers/mtd/mtdcore.o
                0x000000002ffcee10                mtd_unlock
 *fill*         0x000000002ffcee5e        0x2 
 .text.add_mtd_device
                0x000000002ffcee60       0xd8 drivers/mtd/mtdcore.o
                0x000000002ffcee60                add_mtd_device
 .text.del_mtd_partitions
                0x000000002ffcef38       0x84 drivers/mtd/mtdpart.o
                0x000000002ffcef38                del_mtd_partitions
 .text.spi_flash_post_bind
                0x000000002ffcefbc        0x4 drivers/mtd/spi/sf-uclass.o
 .text.spi_flash_read_dm
                0x000000002ffcefc0        0xe drivers/mtd/spi/sf-uclass.o
                0x000000002ffcefc0                spi_flash_read_dm
 *fill*         0x000000002ffcefce        0x2 
 .text.spi_flash_probe
                0x000000002ffcefd0       0x34 drivers/mtd/spi/sf-uclass.o
                0x000000002ffcefd0                spi_flash_probe
 .text.spi_flash_std_write
                0x000000002ffcf004       0x22 drivers/mtd/spi/sf_probe.o
 .text.spi_flash_std_read
                0x000000002ffcf026       0x22 drivers/mtd/spi/sf_probe.o
 .text.spi_flash_std_probe
                0x000000002ffcf048       0x50 drivers/mtd/spi/sf_probe.o
                0x000000002ffcf048                spi_flash_std_probe
 .text.spi_flash_std_get_sw_write_prot
                0x000000002ffcf098        0xe drivers/mtd/spi/sf_probe.o
 .text.spi_flash_std_erase
                0x000000002ffcf0a6       0x4a drivers/mtd/spi/sf_probe.o
 .text.spi_flash_std_remove
                0x000000002ffcf0f0        0xe drivers/mtd/spi/sf_probe.o
 *fill*         0x000000002ffcf0fe        0x2 
 .text.spi_nor_erase_tiny
                0x000000002ffcf100        0x8 drivers/mtd/spi/spi-nor-tiny.o
 .text.spi_nor_write_tiny
                0x000000002ffcf108        0x8 drivers/mtd/spi/spi-nor-tiny.o
 .text.spi_nor_read_tiny
                0x000000002ffcf110       0xc2 drivers/mtd/spi/spi-nor-tiny.o
 .text.spi_nor_read_reg
                0x000000002ffcf1d2       0x3c drivers/mtd/spi/spi-nor-tiny.o
 .text.read_sr  0x000000002ffcf20e       0x1c drivers/mtd/spi/spi-nor-tiny.o
 *fill*         0x000000002ffcf22a        0x2 
 .text.spi_nor_wait_till_ready_with_timeout.constprop.0
                0x000000002ffcf22c       0xb8 drivers/mtd/spi/spi-nor-tiny.o
 .text.spi_nor_write_reg
                0x000000002ffcf2e4       0x3e drivers/mtd/spi/spi-nor-tiny.o
 *fill*         0x000000002ffcf322        0x2 
 .text.spi_nor_scan
                0x000000002ffcf324      0x3ac drivers/mtd/spi/spi-nor-tiny.o
                0x000000002ffcf324                spi_nor_scan
 .text.spi_flash_cmd_get_sw_write_prot
                0x000000002ffcf6d0        0x8 drivers/mtd/spi/spi-nor-tiny.o
                0x000000002ffcf6d0                spi_flash_cmd_get_sw_write_prot
 .text.spi_flash_mtd_register
                0x000000002ffcf6d8        0x4 drivers/mtd/spi/sf_mtd.o
                0x000000002ffcf6d8                spi_flash_mtd_register
 .text.spi_flash_mtd_unregister
                0x000000002ffcf6dc        0x4 drivers/mtd/spi/sf_mtd.o
                0x000000002ffcf6dc                spi_flash_mtd_unregister
 .text.pinctrl_post_bind
                0x000000002ffcf6e0       0x10 drivers/pinctrl/pinctrl-uclass.o
 .text.pinctrl_select_state
                0x000000002ffcf6f0       0x42 drivers/pinctrl/pinctrl-uclass.o
                0x000000002ffcf6f0                pinctrl_select_state
 .text.stm32_pinctrl_probe
                0x000000002ffcf732       0x12 drivers/pinctrl/pinctrl_stm32.o
 .text.stm32_pinctrl_bind
                0x000000002ffcf744       0x74 drivers/pinctrl/pinctrl_stm32.o
 .text.stm32_pinctrl_config
                0x000000002ffcf7b8      0x1bc drivers/pinctrl/pinctrl_stm32.o
 .text.stm32_pinctrl_set_state_simple
                0x000000002ffcf974       0xa0 drivers/pinctrl/pinctrl_stm32.o
 .text.pmic_pre_probe
                0x000000002ffcfa14        0xe drivers/power/pmic/pmic-uclass.o
 .text.pmic_read
                0x000000002ffcfa22       0x3c drivers/power/pmic/pmic-uclass.o
                0x000000002ffcfa22                pmic_read
 .text.pmic_write
                0x000000002ffcfa5e       0x3c drivers/power/pmic/pmic-uclass.o
                0x000000002ffcfa5e                pmic_write
 .text.pmic_reg_read
                0x000000002ffcfa9a       0x2e drivers/power/pmic/pmic-uclass.o
                0x000000002ffcfa9a                pmic_reg_read
 .text.pmic_reg_write
                0x000000002ffcfac8       0x28 drivers/power/pmic/pmic-uclass.o
                0x000000002ffcfac8                pmic_reg_write
 .text.pmic_clrsetbits
                0x000000002ffcfaf0       0x4e drivers/power/pmic/pmic-uclass.o
                0x000000002ffcfaf0                pmic_clrsetbits
 .text.stpmic1_reg_count
                0x000000002ffcfb3e        0x6 drivers/power/pmic/stpmic1.o
 .text.stpmic1_write
                0x000000002ffcfb44       0x6c drivers/power/pmic/stpmic1.o
 .text.stpmic1_read
                0x000000002ffcfbb0       0x6c drivers/power/pmic/stpmic1.o
 .text.stpmic1_bind
                0x000000002ffcfc1c       0x10 drivers/power/pmic/stpmic1.o
 .text.stpmic1_sysreset_request
                0x000000002ffcfc2c       0x40 drivers/power/pmic/stpmic1.o
 .text.stm32mp1_ddr_get_info
                0x000000002ffcfc6c       0x14 drivers/ram/stm32mp1/stm32mp1_ram.o
 .text.stm32mp1_ddr_clk_enable
                0x000000002ffcfc80       0xc4 drivers/ram/stm32mp1/stm32mp1_ram.o
                0x000000002ffcfc80                stm32mp1_ddr_clk_enable
 .text.board_stm32mp1_ddr_config_name_match
                0x000000002ffcfd44        0x4 drivers/ram/stm32mp1/stm32mp1_ram.o
                0x000000002ffcfd44                board_stm32mp1_ddr_config_name_match
 .text.stm32mp1_ddr_setup
                0x000000002ffcfd48      0x164 drivers/ram/stm32mp1/stm32mp1_ram.o
 .text.stm32mp1_ddr_probe
                0x000000002ffcfeac       0x48 drivers/ram/stm32mp1/stm32mp1_ram.o
 .text.set_reg  0x000000002ffcfef4       0x74 drivers/ram/stm32mp1/stm32mp1_ddr.o
 .text.wait_sw_done_ack
                0x000000002ffcff68       0x4c drivers/ram/stm32mp1/stm32mp1_ddr.o
 .text.ddrphy_idone_wait
                0x000000002ffcffb4       0x30 drivers/ram/stm32mp1/stm32mp1_ddr.o
 .text.stm32mp1_ddr_interactive
                0x000000002ffcffe4        0x4 drivers/ram/stm32mp1/stm32mp1_ddr.o
                0x000000002ffcffe4                stm32mp1_ddr_interactive
 .text.stm32mp1_ddr_init
                0x000000002ffcffe8      0x394 drivers/ram/stm32mp1/stm32mp1_ddr.o
                0x000000002ffcffe8                stm32mp1_ddr_init
 .text._serial_putc
                0x000000002ffd037c       0x22 drivers/serial/serial-uclass.o
 .text.serial_post_probe
                0x000000002ffd039e       0x12 drivers/serial/serial-uclass.o
 .text.serial_pre_remove
                0x000000002ffd03b0        0x4 drivers/serial/serial-uclass.o
 .text.serial_putc