../drivers/mtd/nand/raw/nand_base.c:135:13:nand_release_device	0	static
../drivers/mtd/nand/raw/nand_base.c:149:9:nand_read_byte	0	static
../drivers/mtd/nand/raw/nand_base.c:162:16:nand_read_byte16	0	static
../drivers/mtd/nand/raw/nand_base.c:174:12:nand_read_word	0	static
../drivers/mtd/nand/raw/nand_base.c:210:13:nand_write_byte	16	static
../drivers/mtd/nand/raw/nand_base.c:224:13:nand_write_byte16	16	static
../drivers/mtd/nand/raw/nand_base.c:289:6:nand_write_buf	8	static
../drivers/mtd/nand/raw/nand_base.c:304:6:nand_read_buf	8	static
../drivers/mtd/nand/raw/nand_base.c:319:6:nand_write_buf16	8	static
../drivers/mtd/nand/raw/nand_base.c:335:6:nand_read_buf16	8	static
../drivers/mtd/nand/raw/nand_base.c:1019:12:nand_setup_data_interface	24	static
../drivers/mtd/nand/raw/nand_base.c:1874:12:nand_read_page_swecc	56	static
../drivers/mtd/nand/raw/nand_base.c:2903:12:nand_write_page_swecc	48	static
../drivers/mtd/nand/raw/nand_base.c:3636:13:nand_sync	0	static
../drivers/mtd/nand/raw/nand_base.c:3696:12:nand_onfi_set_features	16	static
../drivers/mtd/nand/raw/nand_base.c:3716:12:nand_onfi_get_features	16	static
../drivers/mtd/nand/raw/nand_base.c:3730:13:nand_set_defaults	0	static
../drivers/mtd/nand/raw/nand_base.c:1668:12:nand_check_erased_buf	12	static
../drivers/mtd/nand/raw/nand_base.c:350:12:nand_block_bad	24	static
../drivers/mtd/nand/raw/nand_base.c:541:12:nand_block_checkbad	24	static
../drivers/mtd/nand/raw/nand_base.c:3651:12:nand_block_isbad	24	static
../drivers/mtd/nand/raw/nand_base.c:3785:13:sanitize_string	4	static
../drivers/mtd/nand/raw/nand_base.c:3155:17:nand_fill_oob	24	static
../drivers/mtd/nand/raw/nand_base.c:2254:17:nand_transfer_oob	24	static
../drivers/mtd/nand/raw/nand_base.c:518:12:nand_block_isreserved	0	static
../drivers/mtd/nand/raw/nand_base.c:187:13:nand_select_chip	8	static
../drivers/mtd/nand/raw/nand_base.c:3802:12:onfi_crc16.constprop	16	static
../drivers/mtd/nand/raw/nand_base.c:1148:12:nand_read_param_page_op.constprop	8	static
../drivers/mtd/nand/raw/nand_base.c:568:6:nand_wait_ready	16	static
../drivers/mtd/nand/raw/nand_base.c:1117:5:nand_read_page_op	24	static
../drivers/mtd/nand/raw/nand_base.c:2768:12:nand_read_oob	104	static
../drivers/mtd/nand/raw/nand_base.c:1178:5:nand_change_read_column_op	24	static
../drivers/mtd/nand/raw/nand_base.c:1211:5:nand_read_oob_op	24	static
../drivers/mtd/nand/raw/nand_base.c:2514:12:nand_read_oob_std	16	static
../drivers/mtd/nand/raw/nand_base.c:1243:5:nand_prog_page_begin_op	24	static
../drivers/mtd/nand/raw/nand_base.c:1273:5:nand_prog_page_end_op	16	static
../drivers/mtd/nand/raw/nand_base.c:3111:12:nand_write_page	56	static
../drivers/mtd/nand/raw/nand_base.c:1301:5:nand_prog_page_op	24	static
../drivers/mtd/nand/raw/nand_base.c:2581:12:nand_write_oob_std	16	static
../drivers/mtd/nand/raw/nand_base.c:1339:5:nand_change_write_column_op	24	static
../drivers/mtd/nand/raw/nand_base.c:1373:5:nand_readid_op	24	static
../drivers/mtd/nand/raw/nand_base.c:1403:5:nand_status_op	16	static
../drivers/mtd/nand/raw/nand_base.c:493:12:nand_check_wp	16	static
../drivers/mtd/nand/raw/nand_base.c:3214:12:nand_do_write_ops	80	static
../drivers/mtd/nand/raw/nand_base.c:1426:5:nand_exit_status_op	8	static
../drivers/mtd/nand/raw/nand_base.c:1447:5:nand_erase_op	16	static
../drivers/mtd/nand/raw/nand_base.c:3500:12:single_erase	0	static
../drivers/mtd/nand/raw/nand_base.c:1534:5:nand_reset_op	8	static
../drivers/mtd/nand/raw/nand_base.c:1557:5:nand_read_data_op	16	static
../drivers/mtd/nand/raw/nand_base.c:903:12:nand_wait	24	static
../drivers/mtd/nand/raw/nand_base.c:2527:12:nand_read_oob_syndrome	56	static
../drivers/mtd/nand/raw/nand_base.c:1815:12:nand_read_page_raw_syndrome	32	static
../drivers/mtd/nand/raw/nand_base.c:3343:12:panic_nand_write	64	static
../drivers/mtd/nand/raw/nand_base.c:594:13:nand_wait_status_ready.constprop	24	static
../drivers/mtd/nand/raw/nand_base.c:625:13:nand_command	24	static
../drivers/mtd/nand/raw/nand_base.c:729:13:nand_command_lp	24	static
../drivers/mtd/nand/raw/nand_base.c:1786:12:nand_read_page_raw	16	static
../drivers/mtd/nand/raw/nand_base.c:1592:5:nand_write_data_op	16	static
../drivers/mtd/nand/raw/nand_base.c:2595:12:nand_write_oob_syndrome	72	static
../drivers/mtd/nand/raw/nand_base.c:2844:12:nand_write_page_raw_syndrome	32	static
../drivers/mtd/nand/raw/nand_base.c:3043:12:nand_write_page_syndrome	32	static
../drivers/mtd/nand/raw/nand_base.c:2975:12:nand_write_subpage_hwecc	64	static
../drivers/mtd/nand/raw/nand_base.c:2932:12:nand_write_page_hwecc	40	static
../drivers/mtd/nand/raw/nand_base.c:2815:12:nand_write_page_raw	16	static
../drivers/mtd/nand/raw/nand_base.c:1621:5:nand_reset	24	static
../drivers/mtd/nand/raw/nand_base.c:3375:12:nand_do_write_oob	32	static
../drivers/mtd/nand/raw/nand_base.c:397:12:nand_default_block_markbad	80	static
../drivers/mtd/nand/raw/nand_base.c:3457:12:nand_write_oob	32	static
../drivers/mtd/nand/raw/nand_base.c:1738:5:nand_check_erased_ecc_chunk	32	static
../drivers/mtd/nand/raw/nand_base.c:2170:12:nand_read_page_syndrome	64	static
../drivers/mtd/nand/raw/nand_base.c:1920:12:nand_read_subpage	72	static
../drivers/mtd/nand/raw/nand_base.c:2033:12:nand_read_page_hwecc	64	static
../drivers/mtd/nand/raw/nand_base.c:2103:12:nand_read_page_hwecc_oob_first	64	static
../drivers/mtd/nand/raw/nand_base.c:3531:5:nand_erase_nand	56	static
../drivers/mtd/nand/raw/nand_base.c:3674:12:nand_block_markbad	88	static
../drivers/mtd/nand/raw/nand_base.c:3518:12:nand_erase	0	static
../drivers/mtd/nand/raw/nand_base.c:4152:6:nand_decode_ext_id	8	static
../drivers/mtd/nand/raw/nand_base.c:4298:5:nand_detect	48	static
../drivers/mtd/nand/raw/nand_base.c:4584:5:nand_scan_ident	56	static
../drivers/mtd/nand/raw/nand_base.c:4671:5:nand_check_ecc_caps	48	static
../drivers/mtd/nand/raw/nand_base.c:4733:5:nand_match_ecc_req	72	static
../drivers/mtd/nand/raw/nand_base.c:4817:5:nand_maximize_ecc	56	static
../drivers/mtd/nand/raw/nand_base.c:4943:5:nand_scan_tail	32	static
../drivers/mtd/nand/raw/nand_base.c:5241:5:nand_scan	8	static
