../lib/charset.c:37:12:get_code	24	static
../lib/charset.c:92:11:read_string	0	static
../lib/charset.c:111:11:read_console	8	static
../lib/charset.c:121:5:console_read_unicode	16	static
../lib/charset.c:140:5:utf8_get	0	static
../lib/charset.c:145:5:utf8_put	12	static
../lib/charset.c:174:8:utf8_utf16_strnlen	24	static
../lib/charset.c:211:5:utf16_get	8	static
../lib/charset.c:239:5:utf16_put	0	static
../lib/charset.c:195:5:utf8_utf16_strncpy	24	static
../lib/charset.c:257:8:utf16_strnlen	24	static
../lib/charset.c:275:8:utf16_utf8_strnlen	24	static
../lib/charset.c:299:5:utf16_utf8_strncpy	24	static
../lib/charset.c:315:5:utf_to_lower	0	static
../lib/charset.c:334:5:utf_to_upper	0	static
../lib/charset.c:364:5:u16_strcasecmp	16	static
../lib/charset.c:391:5:u16_strncmp	16	static
../lib/charset.c:404:22:u16_strnlen	0	static
../lib/charset.c:411:8:u16_strsize	8	static
../lib/charset.c:416:6:u16_strcpy	0	static
../lib/charset.c:429:6:u16_strdup	16	static
../lib/charset.c:445:8:u16_strlcat	32	static
../lib/charset.c:462:10:utf16_to_utf8	20	static
../lib/charset.c:514:5:utf_to_cp	8	static
../lib/charset.c:532:5:utf8_to_cp437_stream	32	static
../lib/charset.c:556:5:utf8_to_utf32_stream	32	static
