../lib/hashtable.c:537:12:cmpkey	0	static
../lib/hashtable.c:545:12:match_string	16	static
../lib/hashtable.c:574:12:match_entry	568	static
../lib/hashtable.c:731:12:drop_var_from_set.part.0	24	static
../lib/hashtable.c:443:13:_hdelete.constprop	16	static
../lib/hashtable.c:224:1:do_callback.isra	8	static
../lib/hashtable.c:97:5:hcreate_r	16	static
../lib/hashtable.c:141:6:hdestroy_r	24	static
../lib/hashtable.c:203:5:hmatch_r	32	static
../lib/hashtable.c:284:5:hsearch_r	64	static
../lib/hashtable.c:456:5:hdelete_r	72	static
../lib/hashtable.c:603:9:hexport_r	56	dynamic
../lib/hashtable.c:793:5:himport_r	88	dynamic
../lib/hashtable.c:994:5:hwalk_r	24	static
