../lib/lmb.c:97:13:lmb_remove_region	16	static
../lib/lmb.c:424:13:lmb_overlaps_region	20	static
../lib/lmb.c:24:13:lmb_dump_region	56	static
../lib/lmb.c:257:13:lmb_add_region_flags	40	static
../lib/lmb.c:43:6:lmb_dump_all_force	8	static
../lib/lmb.c:50:6:lmb_dump_all	0	static
../lib/lmb.c:134:6:lmb_init	0	static
../lib/lmb.c:354:6:lmb_add	0	static
../lib/lmb.c:361:6:lmb_free	32	static
../lib/lmb.c:411:6:lmb_reserve_flags	0	static
../lib/lmb.c:419:6:lmb_reserve	0	static
../lib/lmb.c:149:6:arch_lmb_reserve_generic	24	static
../lib/lmb.c:462:13:__lmb_alloc_base	40	static
../lib/lmb.c:444:13:lmb_alloc_base	16	static
../lib/lmb.c:439:13:lmb_alloc	0	static
../lib/lmb.c:507:13:lmb_alloc_addr	16	static
../lib/lmb.c:530:13:lmb_get_free_size	24	static
../lib/lmb.c:556:5:lmb_is_reserved_flags	20	static
../lib/lmb.c:569:5:lmb_is_reserved	0	static
../lib/lmb.c:574:13:board_lmb_reserve	0	static
../lib/lmb.c:579:13:arch_lmb_reserve	0	static
../lib/lmb.c:218:13:lmb_reserve_common	32	static
../lib/lmb.c:231:6:lmb_init_and_reserve	16	static
../lib/lmb.c:248:6:lmb_init_and_reserve_range	16	static
