../lib/vsprintf.c:52:14:put_dec_trunc	20	static
../lib/vsprintf.c:130:23:put_dec	32	static
../lib/vsprintf.c:160:14:number	120	static
../lib/vsprintf.c:280:29:string16	40	static
../lib/vsprintf.c:259:14:string	24	static
../lib/vsprintf.c:522:12:vsnprintf_internal	120	static
../lib/vsprintf.c:743:5:vsnprintf	0	static
../lib/vsprintf.c:749:5:vscnprintf	8	static
../lib/vsprintf.c:762:5:snprintf	16	static
../lib/vsprintf.c:774:5:scnprintf	16	static
../lib/vsprintf.c:799:5:vsprintf	0	static
../lib/vsprintf.c:804:5:sprintf	12	static
../lib/vsprintf.c:828:5:vprintf	1064	static
../lib/vsprintf.c:816:5:printf	16	static
../lib/vsprintf.c:850:7:simple_itoa	24	static
../lib/vsprintf.c:863:7:simple_xtoa	8	static
../lib/vsprintf.c:879:6:print_grouped_ull	48	static
../lib/vsprintf.c:894:6:str2off	24	static
../lib/vsprintf.c:902:6:str2long	24	static
../lib/vsprintf.c:910:7:strmhz	16	static
