../drivers/dfu/dfu.c:246:12:dfu_write_buffer_drain	32	static
../drivers/dfu/dfu.c:36:13:dfu_flush_callback	0	static
../drivers/dfu/dfu.c:44:13:dfu_initiated_callback	0	static
../drivers/dfu/dfu.c:52:13:dfu_error_callback	0	static
../drivers/dfu/dfu.c:67:13:dfu_usb_get_reset	0	static
../drivers/dfu/dfu.c:187:16:dfu_free_buf	8	static
../drivers/dfu/dfu.c:194:15:dfu_get_buf_size	0	static
../drivers/dfu/dfu.c:199:16:dfu_get_buf	24	static
../drivers/dfu/dfu.c:275:6:dfu_transaction_cleanup	24	static
../drivers/dfu/dfu.c:291:5:dfu_transaction_initiate	16	static
../drivers/dfu/dfu.c:318:5:dfu_flush	16	static
../drivers/dfu/dfu.c:340:5:dfu_write	48	static
../drivers/dfu/dfu.c:465:5:dfu_read	40	static
../drivers/dfu/dfu.c:562:6:dfu_free_entities	24	static
../drivers/dfu/dfu.c:580:5:dfu_alt_init	40	static
../drivers/dfu/dfu.c:603:5:dfu_alt_add	80	static
../drivers/dfu/dfu.c:106:5:dfu_config_interfaces	48	static
../drivers/dfu/dfu.c:622:5:dfu_config_entities	48	static
../drivers/dfu/dfu.c:149:5:dfu_init_env_entities	24	static
../drivers/dfu/dfu.c:645:13:dfu_get_dev_type	48	static
../drivers/dfu/dfu.c:652:13:dfu_get_layout	56	static
../drivers/dfu/dfu.c:660:6:dfu_show_entities	32	static
../drivers/dfu/dfu.c:673:5:dfu_get_alt_number	0	static
../drivers/dfu/dfu.c:678:20:dfu_get_entity	8	static
../drivers/dfu/dfu.c:690:5:dfu_get_alt	24	static
../drivers/dfu/dfu.c:727:5:dfu_write_from_mem_addr	40	static
